 Entering Link 1 = C:\G16W\l1.exe PID=     60648.
  
 Copyright (c) 1988-2019, Gaussian, Inc.  All Rights Reserved.
  
 This is part of the Gaussian(R) 16 program.  It is based on
 the Gaussian(R) 09 system (copyright 2009, Gaussian, Inc.),
 the Gaussian(R) 03 system (copyright 2003, Gaussian, Inc.),
 the Gaussian(R) 98 system (copyright 1998, Gaussian, Inc.),
 the Gaussian(R) 94 system (copyright 1995, Gaussian, Inc.),
 the Gaussian 92(TM) system (copyright 1992, Gaussian, Inc.),
 the Gaussian 90(TM) system (copyright 1990, Gaussian, Inc.),
 the Gaussian 88(TM) system (copyright 1988, Gaussian, Inc.),
 the Gaussian 86(TM) system (copyright 1986, Carnegie Mellon
 University), and the Gaussian 82(TM) system (copyright 1983,
 Carnegie Mellon University). Gaussian is a federally registered
 trademark of Gaussian, Inc.
  
 This software contains proprietary and confidential information,
 including trade secrets, belonging to Gaussian, Inc.
  
 This software is provided under written license and may be
 used, copied, transmitted, or stored only in accord with that
 written license.
  
 The following legend is applicable only to US Government
 contracts under FAR:
  
                    RESTRICTED RIGHTS LEGEND
  
 Use, reproduction and disclosure by the US Government is
 subject to restrictions as set forth in subparagraphs (a)
 and (c) of the Commercial Computer Software - Restricted
 Rights clause in FAR 52.227-19.
  
 Gaussian, Inc.
 340 Quinnipiac St., Bldg. 40, Wallingford CT 06492
  
  
 ---------------------------------------------------------------
 Warning -- This program may not be used in any manner that
 competes with the business of Gaussian, Inc. or will provide
 assistance to any competitor of Gaussian, Inc.  The licensee
 of this program is prohibited from giving any competitor of
 Gaussian, Inc. access to this program.  By using this program,
 the user acknowledges that Gaussian, Inc. is engaged in the
 business of creating and licensing software in the field of
 computational chemistry and represents and warrants to the
 licensee that it is not a competitor of Gaussian, Inc. and that
 it will not use this program in any manner prohibited above.
 ---------------------------------------------------------------
  

 Cite this work as:
 Gaussian 16, Revision C.01,
 M. J. Frisch, G. W. Trucks, H. B. Schlegel, G. E. Scuseria, 
 M. A. Robb, J. R. Cheeseman, G. Scalmani, V. Barone, 
 G. A. Petersson, H. Nakatsuji, X. Li, M. Caricato, A. V. Marenich, 
 J. Bloino, B. G. Janesko, R. Gomperts, B. Mennucci, H. P. Hratchian, 
 J. V. Ortiz, A. F. Izmaylov, J. L. Sonnenberg, D. Williams-Young, 
 F. Ding, F. Lipparini, F. Egidi, J. Goings, B. Peng, A. Petrone, 
 T. Henderson, D. Ranasinghe, V. G. Zakrzewski, J. Gao, N. Rega, 
 G. Zheng, W. Liang, M. Hada, M. Ehara, K. Toyota, R. Fukuda, 
 J. Hasegawa, M. Ishida, T. Nakajima, Y. Honda, O. Kitao, H. Nakai, 
 T. Vreven, K. Throssell, J. A. Montgomery, Jr., J. E. Peralta, 
 F. Ogliaro, M. J. Bearpark, J. J. Heyd, E. N. Brothers, K. N. Kudin, 
 V. N. Staroverov, T. A. Keith, R. Kobayashi, J. Normand, 
 K. Raghavachari, A. P. Rendell, J. C. Burant, S. S. Iyengar, 
 J. Tomasi, M. Cossi, J. M. Millam, M. Klene, C. Adamo, R. Cammi, 
 J. W. Ochterski, R. L. Martin, K. Morokuma, O. Farkas, 
 J. B. Foresman, and D. J. Fox, Gaussian, Inc., Wallingford CT, 2019.
 
 ******************************************
 Gaussian 16:  EM64W-G16RevC.01 30-May-2019
                29-Jul-2026 
 ******************************************
 %chk=h4_R1p3000_RHF_STO3G.chk
 %nprocshared=4
 Will use up to    4 processors via shared memory.
 %mem=2GB
 ----------------------------------------------------------
 #p RHF/STO-3G SCF=(Tight,XQC,MaxCycle=512) NoSymm Pop=Full
 ----------------------------------------------------------
 1/38=1,172=1/1;
 2/12=2,15=1,17=6,18=5,40=1/2;
 3/6=3,11=1,25=1,30=1,116=1/1,2,3;
 4//1;
 5/5=2,7=512,8=3,13=1,32=2,38=5/2,8;
 6/7=3,28=1/1;
 99/5=1,9=1/99;
 Leave Link    1 at Wed Jul 29 22:47:02 2026, MaxMem=   268435456 cpu:               0.0 elap:               0.1
 (Enter C:\G16W\l101.exe)
 ------------------------------------------------------
 Linear H4, nearest-neighbour spacing R=1.3000 Angstrom
 ------------------------------------------------------
 Symbolic Z-matrix:
 Charge =  0 Multiplicity = 1
 H                     0.        0.       -1.95 
 H                     0.        0.       -0.65 
 H                     0.        0.        0.65 
 H                     0.        0.        1.95 
 
 ITRead=  0  0  0  0
 MicOpt= -1 -1 -1 -1
 NAtoms=      4 NQM=        4 NQMF=       0 NMMI=      0 NMMIF=      0
                NMic=       0 NMicF=      0.
                    Isotopes and Nuclear Properties:
 (Nuclear quadrupole moments (NQMom) in fm**2, nuclear magnetic moments (NMagM)
  in nuclear magnetons)

  Atom         1           2           3           4
 IAtWgt=           1           1           1           1
 AtmWgt=   1.0078250   1.0078250   1.0078250   1.0078250
 NucSpn=           1           1           1           1
 AtZEff=   0.0000000   0.0000000   0.0000000   0.0000000
 NQMom=    0.0000000   0.0000000   0.0000000   0.0000000
 NMagM=    2.7928460   2.7928460   2.7928460   2.7928460
 AtZNuc=   1.0000000   1.0000000   1.0000000   1.0000000
 Leave Link  101 at Wed Jul 29 22:47:02 2026, MaxMem=   268435456 cpu:               0.0 elap:               0.1
 (Enter C:\G16W\l202.exe)
                          Input orientation:                          
 ---------------------------------------------------------------------
 Center     Atomic      Atomic             Coordinates (Angstroms)
 Number     Number       Type             X           Y           Z
 ---------------------------------------------------------------------
      1          1           0        0.000000    0.000000   -1.950000
      2          1           0        0.000000    0.000000   -0.650000
      3          1           0        0.000000    0.000000    0.650000
      4          1           0        0.000000    0.000000    1.950000
 ---------------------------------------------------------------------
                    Distance matrix (angstroms):
                    1          2          3          4
     1  H    0.000000
     2  H    1.300000   0.000000
     3  H    2.600000   1.300000   0.000000
     4  H    3.900000   2.600000   1.300000   0.000000
 Symmetry turned off by external request.
 Stoichiometry    H4
 Framework group  D*H[C*(HH.HH)]
 Deg. of freedom     2
 Full point group                 D*H     NOp   8
 Rotational constants (GHZ):           0.0000000          59.3437993          59.3437993
 Leave Link  202 at Wed Jul 29 22:47:02 2026, MaxMem=   268435456 cpu:               0.0 elap:               0.1
 (Enter C:\G16W\l301.exe)
 Standard basis: STO-3G (5D, 7F)
 Ernie: Thresh=  0.10000D-02 Tol=  0.10000D-05 Strict=F.
     4 basis functions,    12 primitive gaussians,     4 cartesian basis functions
     2 alpha electrons        2 beta electrons
       nuclear repulsion energy         1.7639240364 Hartrees.
 IExCor=    0 DFT=F Ex=HF Corr=None ExCW=0 ScaHFX=  1.000000
 ScaDFX=  1.000000  1.000000  1.000000  1.000000 ScalE2=  1.000000  1.000000
 IRadAn=      5 IRanWt=     -1 IRanGd=            0 ICorTp=0 IEmpDi=  4
 NAtoms=    4 NActive=    4 NUniq=    4 SFac= 1.00D+00 NAtFMM=   60 NAOKFM=F Big=F
 Integral buffers will be    131072 words long.
 Raffenetti 1 integral format.
 Two-electron integral symmetry is turned off.
 Leave Link  301 at Wed Jul 29 22:47:02 2026, MaxMem=   268435456 cpu:               0.0 elap:               0.1
 (Enter C:\G16W\l302.exe)
 NPDir=0 NMtPBC=     1 NCelOv=     1 NCel=       1 NClECP=     1 NCelD=      1
         NCelK=      1 NCelE2=     1 NClLst=     1 CellRange=     0.0.
 One-electron integrals computed using PRISM.
 NBasis=     4 RedAO= T EigKep=  4.87D-01  NBF=     4
 NBsUse=     4 1.00D-06 EigRej= -1.00D+00 NBFU=     4
 Leave Link  302 at Wed Jul 29 22:47:03 2026, MaxMem=   268435456 cpu:               0.0 elap:               0.1
 (Enter C:\G16W\l303.exe)
 DipDrv:  MaxL=1.
 Leave Link  303 at Wed Jul 29 22:47:03 2026, MaxMem=   268435456 cpu:               0.0 elap:               0.1
 (Enter C:\G16W\l401.exe)
 ExpMin= 1.69D-01 ExpMax= 3.43D+00 ExpMxC= 3.43D+00 IAcc=3 IRadAn=         5 AccDes= 0.00D+00
 Harris functional with IExCor=  205 and IRadAn=       5 diagonalized for initial guess.
 HarFok:  IExCor=  205 AccDes= 0.00D+00 IRadAn=         5 IDoV= 1 UseB2=F ITyADJ=14
 ICtDFT=  3500011 ScaDFX=  1.000000  1.000000  1.000000  1.000000
 FoFCou: FMM=F IPFlag=           0 FMFlag=      100000 FMFlg1=           0
         NFxFlg=           0 DoJE=T BraDBF=F KetDBF=T FulRan=T
         wScrn=  0.000000 ICntrl=       500 IOpCl=  0 I1Cent=   200000004 NGrid=           0
         NMat0=    1 NMatS0=      1 NMatT0=    0 NMatD0=    1 NMtDS0=    0 NMtDT0=    0
 Symmetry not used in FoFCou.
 Harris En= -2.13172395497513    
 JPrj=0 DoOrth=F DoCkMO=F.
 Leave Link  401 at Wed Jul 29 22:47:03 2026, MaxMem=   268435456 cpu:               0.0 elap:               0.1
 (Enter C:\G16W\l502.exe)
 Keep R1 ints in memory in canonical form, NReq=802202.
 FoFCou: FMM=F IPFlag=           0 FMFlag=           0 FMFlg1=           0
         NFxFlg=           0 DoJE=F BraDBF=F KetDBF=F FulRan=T
         wScrn=  0.000000 ICntrl=       600 IOpCl=  0 I1Cent=           0 NGrid=           0
         NMat0=    1 NMatS0=     10 NMatT0=    0 NMatD0=    1 NMtDS0=    0 NMtDT0=    0
 Symmetry not used in FoFCou.
 Two-electron integral symmetry not used.
 Closed shell SCF:
 Using DIIS extrapolation, IDIIS=  1040.
 NGot=   268435456 LenX=   268433947 LenY=   268433065
 Requested convergence on RMS density matrix=1.00D-08 within 128 cycles.
 Requested convergence on MAX density matrix=1.00D-06.
 Requested convergence on             energy=1.00D-06.
 No special actions if energy rises.

 Cycle   1  Pass 1  IDiag  1:
 E= -1.94183793285091    
 DIIS: error= 1.60D-02 at cycle   1 NSaved=   1.
 NSaved= 1 IEnMin= 1 EnMin= -1.94183793285091     IErMin= 1 ErrMin= 1.60D-02
 ErrMax= 1.60D-02  0.00D+00 EMaxC= 1.00D-01 BMatC= 1.17D-03 BMatP= 1.17D-03
 IDIUse=3 WtCom= 8.40D-01 WtEn= 1.60D-01
 Coeff-Com:  0.100D+01
 Coeff-En:   0.100D+01
 Coeff:      0.100D+01
 Gap=     0.494 Goal=   None    Shift=    0.000
 GapD=    0.494 DampG=2.000 DampE=0.500 DampFc=1.0000 IDamp=-1.
 RMSDP=1.69D-02 MaxDP=2.90D-02              OVMax= 0.00D+00

 Cycle   2  Pass 1  IDiag  1:
 E= -1.94616734915812     Delta-E=       -0.004329416307 Rises=F Damp=F
 DIIS: error= 5.31D-03 at cycle   2 NSaved=   2.
 NSaved= 2 IEnMin= 2 EnMin= -1.94616734915812     IErMin= 2 ErrMin= 5.31D-03
 ErrMax= 5.31D-03  0.00D+00 EMaxC= 1.00D-01 BMatC= 1.49D-04 BMatP= 1.17D-03
 IDIUse=3 WtCom= 9.47D-01 WtEn= 5.31D-02
 Coeff-Com: -0.248D+00 0.125D+01
 Coeff-En:   0.000D+00 0.100D+01
 Coeff:     -0.235D+00 0.124D+01
 Gap=     0.508 Goal=   None    Shift=    0.000
 RMSDP=8.21D-03 MaxDP=1.48D-02 DE=-4.33D-03 OVMax= 0.00D+00

 Cycle   3  Pass 1  IDiag  1:
 E= -1.94671469981498     Delta-E=       -0.000547350657 Rises=F Damp=F
 DIIS: error= 1.22D-03 at cycle   3 NSaved=   3.
 NSaved= 3 IEnMin= 3 EnMin= -1.94671469981498     IErMin= 3 ErrMin= 1.22D-03
 ErrMax= 1.22D-03  0.00D+00 EMaxC= 1.00D-01 BMatC= 6.65D-06 BMatP= 1.49D-04
 IDIUse=3 WtCom= 9.88D-01 WtEn= 1.22D-02
 Coeff-Com: -0.834D-01 0.862D-02 0.107D+01
 Coeff-En:   0.000D+00 0.000D+00 0.100D+01
 Coeff:     -0.824D-01 0.851D-02 0.107D+01
 Gap=     0.511 Goal=   None    Shift=    0.000
 RMSDP=1.89D-03 MaxDP=3.53D-03 DE=-5.47D-04 OVMax= 0.00D+00

 Cycle   4  Pass 1  IDiag  1:
 E= -1.94674162742757     Delta-E=       -0.000026927613 Rises=F Damp=F
 DIIS: error= 9.17D-06 at cycle   4 NSaved=   4.
 NSaved= 4 IEnMin= 4 EnMin= -1.94674162742757     IErMin= 4 ErrMin= 9.17D-06
 ErrMax= 9.17D-06  0.00D+00 EMaxC= 1.00D-01 BMatC= 3.40D-10 BMatP= 6.65D-06
 IDIUse=1 WtCom= 1.00D+00 WtEn= 0.00D+00
 Large coefficients: NSaved=  4 BigCof=    0.00 CofMax=   10.00 Det= 4.63D-23
 Inversion failed.  Reducing to  3 matrices.
 Coeff-Com: -0.923D-03 0.972D-02 0.991D+00
 Coeff:     -0.923D-03 0.972D-02 0.991D+00
 Gap=     0.511 Goal=   None    Shift=    0.000
 RMSDP=1.06D-05 MaxDP=1.73D-05 DE=-2.69D-05 OVMax= 0.00D+00

 Cycle   5  Pass 1  IDiag  1:
 E= -1.94674162856814     Delta-E=       -0.000000001141 Rises=F Damp=F
 DIIS: error= 1.04D-08 at cycle   5 NSaved=   4.
 NSaved= 4 IEnMin= 4 EnMin= -1.94674162856814     IErMin= 4 ErrMin= 1.04D-08
 ErrMax= 1.04D-08  0.00D+00 EMaxC= 1.00D-01 BMatC= 4.76D-16 BMatP= 3.40D-10
 IDIUse=1 WtCom= 1.00D+00 WtEn= 0.00D+00
 Large coefficients: NSaved=  4 BigCof=    0.00 CofMax=   10.00 Det= 1.55D-25
 Inversion failed.  Reducing to  3 matrices.
 Coeff-Com:  0.191D-04 0.288D-02 0.997D+00
 Coeff:      0.191D-04 0.288D-02 0.997D+00
 Gap=     0.511 Goal=   None    Shift=    0.000
 RMSDP=1.27D-08 MaxDP=1.83D-08 DE=-1.14D-09 OVMax= 0.00D+00

 Cycle   6  Pass 1  IDiag  1:
 E= -1.94674162856814     Delta-E=        0.000000000000 Rises=F Damp=F
 DIIS: error= 1.58D-11 at cycle   6 NSaved=   4.
 NSaved= 4 IEnMin= 3 EnMin= -1.94674162856814     IErMin= 4 ErrMin= 1.58D-11
 ErrMax= 1.58D-11  0.00D+00 EMaxC= 1.00D-01 BMatC= 1.08D-21 BMatP= 4.76D-16
 IDIUse=1 WtCom= 1.00D+00 WtEn= 0.00D+00
 Large coefficients: NSaved=  4 BigCof=    0.00 CofMax=   10.00 Det= 1.97D-31
 Inversion failed.  Reducing to  3 matrices.
 Coeff-Com:  0.192D-05 0.602D-03 0.999D+00
 Coeff:      0.192D-05 0.602D-03 0.999D+00
 Gap=     0.511 Goal=   None    Shift=    0.000
 RMSDP=2.35D-11 MaxDP=4.36D-11 DE= 8.88D-16 OVMax= 0.00D+00

 SCF Done:  E(RHF) =  -1.94674162857     A.U. after    6 cycles
            NFock=  6  Conv=0.23D-10     -V/T= 1.8203
 KE= 2.373093427952D+00 PE=-8.145032498985D+00 EE= 2.061273406065D+00
 Leave Link  502 at Wed Jul 29 22:47:03 2026, MaxMem=   268435456 cpu:               0.0 elap:               0.2
 (Enter C:\G16W\l508.exe)
 QCSCF skips out because SCF is already converged.
 Leave Link  508 at Wed Jul 29 22:47:04 2026, MaxMem=   268435456 cpu:               0.0 elap:               0.1
 (Enter C:\G16W\l601.exe)
 Copying SCF densities to generalized density rwf, IOpCl= 0 IROHF=0.

 **********************************************************************

            Population analysis using the SCF Density.

 **********************************************************************

 Alpha  occ. eigenvalues --   -0.49482  -0.32987
 Alpha virt. eigenvalues --    0.18083   0.50362
     Molecular Orbital Coefficients:
                           1         2         3         4
                           O         O         V         V
     Eigenvalues --    -0.49482  -0.32987   0.18083   0.50362
   1 1   H  1S          0.32159   0.52947   0.67497  -0.54669
   2 2   H  1S          0.46038   0.38597  -0.45439   0.85169
   3 3   H  1S          0.46038  -0.38597  -0.45439  -0.85169
   4 4   H  1S          0.32159  -0.52947   0.67497   0.54669
     Density Matrix:
                           1         2         3         4
   1 1   H  1S          0.76752
   2 2   H  1S          0.70482   0.72184
   3 3   H  1S         -0.11260   0.12596   0.72184
   4 4   H  1S         -0.35383  -0.11260   0.70482   0.76752
    Full Mulliken population analysis:
                           1         2         3         4
   1 1   H  1S          0.76752
   2 2   H  1S          0.23898   0.72184
   3 3   H  1S         -0.00461   0.04271   0.72184
   4 4   H  1S         -0.00081  -0.00461   0.23898   0.76752
     Gross orbital populations:
                           1
   1 1   H  1S          1.00108
   2 2   H  1S          0.99892
   3 3   H  1S          0.99892
   4 4   H  1S          1.00108
          Condensed to atoms (all electrons):
               1          2          3          4
     1  H    0.767518   0.238982  -0.004611  -0.000807
     2  H    0.238982   0.721839   0.042709  -0.004611
     3  H   -0.004611   0.042709   0.721839   0.238982
     4  H   -0.000807  -0.004611   0.238982   0.767518
 Mulliken charges:
               1
     1  H   -0.001082
     2  H    0.001082
     3  H    0.001082
     4  H   -0.001082
 Sum of Mulliken charges =   0.00000
 Mulliken charges with hydrogens summed into heavy atoms:
               1
 Electronic spatial extent (au):  <R**2>=             37.5107
 Charge=              0.0000 electrons
 Dipole moment (field-independent basis, Debye):
    X=              0.0000    Y=              0.0000    Z=              0.0000  Tot=              0.0000
 Quadrupole moment (field-independent basis, Debye-Ang):
   XX=             -3.7917   YY=             -3.7917   ZZ=             -2.2826
   XY=              0.0000   XZ=              0.0000   YZ=              0.0000
 Traceless Quadrupole moment (field-independent basis, Debye-Ang):
   XX=             -0.5030   YY=             -0.5030   ZZ=              1.0061
   XY=              0.0000   XZ=              0.0000   YZ=              0.0000
 Octapole moment (field-independent basis, Debye-Ang**2):
  XXX=              0.0000  YYY=              0.0000  ZZZ=              0.0000  XYY=              0.0000
  XXY=              0.0000  XXZ=              0.0000  XZZ=              0.0000  YZZ=              0.0000
  YYZ=              0.0000  XYZ=              0.0000
 Hexadecapole moment (field-independent basis, Debye-Ang**3):
 XXXX=             -3.2059 YYYY=             -3.2059 ZZZZ=            -32.7970 XXXY=              0.0000
 XXXZ=              0.0000 YYYX=              0.0000 YYYZ=              0.0000 ZZZX=              0.0000
 ZZZY=              0.0000 XXYY=             -1.0686 XXZZ=             -8.6405 YYZZ=             -8.6405
 XXYZ=              0.0000 YYXZ=              0.0000 ZZXY=              0.0000
 N-N= 1.763924036400D+00 E-N=-8.145032498965D+00  KE= 2.373093427952D+00
 Orbital energies and kinetic energies (alpha):
                                 1                 2
   1         O                -0.494824          0.507458
   2         O                -0.329873          0.679089
   3         V                 0.180826          0.989832
   4         V                 0.503620          1.427363
 Total kinetic energy from orbitals= 2.373093427952D+00
 No NMR shielding tensors so no spin-rotation constants.
 Leave Link  601 at Wed Jul 29 22:47:04 2026, MaxMem=   268435456 cpu:               0.0 elap:               0.1
 (Enter C:\G16W\l9999.exe)
 Unable to Open any file for archive entry.
 1|1|UNPC-LAPTOP-34RRSFDS|SP|RHF|STO-3G|H4|THINK|29-Jul-2026|0||#p RHF/
 STO-3G SCF=(Tight,XQC,MaxCycle=512) NoSymm Pop=Full||Linear H4, neares
 t-neighbour spacing R=1.3000 Angstrom||0,1|H,0,0.,0.,-1.95|H,0,0.,0.,-
 0.65|H,0,0.,0.,0.65|H,0,0.,0.,1.95||Version=EM64W-G16RevC.01|HF=-1.946
 7416|RMSD=2.349e-011|Dipole=0.,0.,0.|Quadrupole=-0.3739903,-0.3739903,
 0.7479807,0.,0.,0.|PG=D*H [C*(H1H1.H1H1)]||@
 The archive entry for this job was punched.


 IF AT FIRST YOU DON'T SUCCEED, TRY, TRY AGAIN.
 THEN GIVE UP;
 THERE'S NO USE BEING A DAMN FOOL ABOUT IT.

                                 -- W. C. FIELDS
 Job cpu time:       0 days  0 hours  0 minutes  3.0 seconds.
 Elapsed time:       0 days  0 hours  0 minutes  1.1 seconds.
 File lengths (MBytes):  RWF=      6 Int=      0 D2E=      0 Chk=      1 Scr=      1
 Normal termination of Gaussian 16 at Wed Jul 29 22:47:05 2026.
