 Entering Link 1 = C:\G16W\l1.exe PID=     81500.
  
 Copyright (c) 1988-2019, Gaussian, Inc.  All Rights Reserved.
  
 This is part of the Gaussian(R) 16 program.  It is based on
 the Gaussian(R) 09 system (copyright 2009, Gaussian, Inc.),
 the Gaussian(R) 03 system (copyright 2003, Gaussian, Inc.),
 the Gaussian(R) 98 system (copyright 1998, Gaussian, Inc.),
 the Gaussian(R) 94 system (copyright 1995, Gaussian, Inc.),
 the Gaussian 92(TM) system (copyright 1992, Gaussian, Inc.),
 the Gaussian 90(TM) system (copyright 1990, Gaussian, Inc.),
 the Gaussian 88(TM) system (copyright 1988, Gaussian, Inc.),
 the Gaussian 86(TM) system (copyright 1986, Carnegie Mellon
 University), and the Gaussian 82(TM) system (copyright 1983,
 Carnegie Mellon University). Gaussian is a federally registered
 trademark of Gaussian, Inc.
  
 This software contains proprietary and confidential information,
 including trade secrets, belonging to Gaussian, Inc.
  
 This software is provided under written license and may be
 used, copied, transmitted, or stored only in accord with that
 written license.
  
 The following legend is applicable only to US Government
 contracts under FAR:
  
                    RESTRICTED RIGHTS LEGEND
  
 Use, reproduction and disclosure by the US Government is
 subject to restrictions as set forth in subparagraphs (a)
 and (c) of the Commercial Computer Software - Restricted
 Rights clause in FAR 52.227-19.
  
 Gaussian, Inc.
 340 Quinnipiac St., Bldg. 40, Wallingford CT 06492
  
  
 ---------------------------------------------------------------
 Warning -- This program may not be used in any manner that
 competes with the business of Gaussian, Inc. or will provide
 assistance to any competitor of Gaussian, Inc.  The licensee
 of this program is prohibited from giving any competitor of
 Gaussian, Inc. access to this program.  By using this program,
 the user acknowledges that Gaussian, Inc. is engaged in the
 business of creating and licensing software in the field of
 computational chemistry and represents and warrants to the
 licensee that it is not a competitor of Gaussian, Inc. and that
 it will not use this program in any manner prohibited above.
 ---------------------------------------------------------------
  

 Cite this work as:
 Gaussian 16, Revision C.01,
 M. J. Frisch, G. W. Trucks, H. B. Schlegel, G. E. Scuseria, 
 M. A. Robb, J. R. Cheeseman, G. Scalmani, V. Barone, 
 G. A. Petersson, H. Nakatsuji, X. Li, M. Caricato, A. V. Marenich, 
 J. Bloino, B. G. Janesko, R. Gomperts, B. Mennucci, H. P. Hratchian, 
 J. V. Ortiz, A. F. Izmaylov, J. L. Sonnenberg, D. Williams-Young, 
 F. Ding, F. Lipparini, F. Egidi, J. Goings, B. Peng, A. Petrone, 
 T. Henderson, D. Ranasinghe, V. G. Zakrzewski, J. Gao, N. Rega, 
 G. Zheng, W. Liang, M. Hada, M. Ehara, K. Toyota, R. Fukuda, 
 J. Hasegawa, M. Ishida, T. Nakajima, Y. Honda, O. Kitao, H. Nakai, 
 T. Vreven, K. Throssell, J. A. Montgomery, Jr., J. E. Peralta, 
 F. Ogliaro, M. J. Bearpark, J. J. Heyd, E. N. Brothers, K. N. Kudin, 
 V. N. Staroverov, T. A. Keith, R. Kobayashi, J. Normand, 
 K. Raghavachari, A. P. Rendell, J. C. Burant, S. S. Iyengar, 
 J. Tomasi, M. Cossi, J. M. Millam, M. Klene, C. Adamo, R. Cammi, 
 J. W. Ochterski, R. L. Martin, K. Morokuma, O. Farkas, 
 J. B. Foresman, and D. J. Fox, Gaussian, Inc., Wallingford CT, 2019.
 
 ******************************************
 Gaussian 16:  EM64W-G16RevC.01 30-May-2019
                30-Jul-2026 
 ******************************************
 %chk=H8_R1p3000_RHF_STO3G.chk
 %mem=4GB
 %nprocshared=4
 Will use up to    4 processors via shared memory.
 ----------------------------------------------------------
 #p RHF/STO-3G SCF=(Tight,XQC,MaxCycle=512) NoSymm Pop=Full
 ----------------------------------------------------------
 1/38=1,172=1/1;
 2/12=2,15=1,17=6,18=5,40=1/2;
 3/6=3,11=1,25=1,30=1,116=1/1,2,3;
 4//1;
 5/5=2,7=512,8=3,13=1,32=2,38=5/2,8;
 6/7=3,28=1/1;
 99/5=1,9=1/99;
 Leave Link    1 at Thu Jul 30 02:55:05 2026, MaxMem=   536870912 cpu:               0.0 elap:               0.1
 (Enter C:\G16W\l101.exe)
 ----------------------------------------
 Linear H8, R=1.3000 Angstrom, RHF/STO-3G
 ----------------------------------------
 Symbolic Z-matrix:
 Charge =  0 Multiplicity = 1
 H                     0.        0.       -4.55 
 H                     0.        0.       -3.25 
 H                     0.        0.       -1.95 
 H                     0.        0.       -0.65 
 H                     0.        0.        0.65 
 H                     0.        0.        1.95 
 H                     0.        0.        3.25 
 H                     0.        0.        4.55 
 
 ITRead=  0  0  0  0  0  0  0  0
 MicOpt= -1 -1 -1 -1 -1 -1 -1 -1
 NAtoms=      8 NQM=        8 NQMF=       0 NMMI=      0 NMMIF=      0
                NMic=       0 NMicF=      0.
                    Isotopes and Nuclear Properties:
 (Nuclear quadrupole moments (NQMom) in fm**2, nuclear magnetic moments (NMagM)
  in nuclear magnetons)

  Atom         1           2           3           4           5           6           7           8
 IAtWgt=           1           1           1           1           1           1           1           1
 AtmWgt=   1.0078250   1.0078250   1.0078250   1.0078250   1.0078250   1.0078250   1.0078250   1.0078250
 NucSpn=           1           1           1           1           1           1           1           1
 AtZEff=   0.0000000   0.0000000   0.0000000   0.0000000   0.0000000   0.0000000   0.0000000   0.0000000
 NQMom=    0.0000000   0.0000000   0.0000000   0.0000000   0.0000000   0.0000000   0.0000000   0.0000000
 NMagM=    2.7928460   2.7928460   2.7928460   2.7928460   2.7928460   2.7928460   2.7928460   2.7928460
 AtZNuc=   1.0000000   1.0000000   1.0000000   1.0000000   1.0000000   1.0000000   1.0000000   1.0000000
 Leave Link  101 at Thu Jul 30 02:55:06 2026, MaxMem=   536870912 cpu:               1.0 elap:               0.1
 (Enter C:\G16W\l202.exe)
                          Input orientation:                          
 ---------------------------------------------------------------------
 Center     Atomic      Atomic             Coordinates (Angstroms)
 Number     Number       Type             X           Y           Z
 ---------------------------------------------------------------------
      1          1           0        0.000000    0.000000   -4.550000
      2          1           0        0.000000    0.000000   -3.250000
      3          1           0        0.000000    0.000000   -1.950000
      4          1           0        0.000000    0.000000   -0.650000
      5          1           0        0.000000    0.000000    0.650000
      6          1           0        0.000000    0.000000    1.950000
      7          1           0        0.000000    0.000000    3.250000
      8          1           0        0.000000    0.000000    4.550000
 ---------------------------------------------------------------------
                    Distance matrix (angstroms):
                    1          2          3          4          5
     1  H    0.000000
     2  H    1.300000   0.000000
     3  H    2.600000   1.300000   0.000000
     4  H    3.900000   2.600000   1.300000   0.000000
     5  H    5.200000   3.900000   2.600000   1.300000   0.000000
     6  H    6.500000   5.200000   3.900000   2.600000   1.300000
     7  H    7.800000   6.500000   5.200000   3.900000   2.600000
     8  H    9.100000   7.800000   6.500000   5.200000   3.900000
                    6          7          8
     6  H    0.000000
     7  H    1.300000   0.000000
     8  H    2.600000   1.300000   0.000000
 Symmetry turned off by external request.
 Stoichiometry    H8
 Framework group  D*H[C*(HHHH.HHHH)]
 Deg. of freedom     4
 Full point group                 D*H     NOp   8
 Rotational constants (GHZ):           0.0000000           7.0647380           7.0647380
 Leave Link  202 at Thu Jul 30 02:55:06 2026, MaxMem=   536870912 cpu:               0.0 elap:               0.0
 (Enter C:\G16W\l301.exe)
 Standard basis: STO-3G (5D, 7F)
 Ernie: Thresh=  0.10000D-02 Tol=  0.10000D-05 Strict=F.
     8 basis functions,    24 primitive gaussians,     8 cartesian basis functions
     4 alpha electrons        4 beta electrons
       nuclear repulsion energy         5.5941590869 Hartrees.
 IExCor=    0 DFT=F Ex=HF Corr=None ExCW=0 ScaHFX=  1.000000
 ScaDFX=  1.000000  1.000000  1.000000  1.000000 ScalE2=  1.000000  1.000000
 IRadAn=      5 IRanWt=     -1 IRanGd=            0 ICorTp=0 IEmpDi=  4
 NAtoms=    8 NActive=    8 NUniq=    8 SFac= 1.00D+00 NAtFMM=   60 NAOKFM=F Big=F
 Integral buffers will be    131072 words long.
 Raffenetti 1 integral format.
 Two-electron integral symmetry is turned off.
 Leave Link  301 at Thu Jul 30 02:55:06 2026, MaxMem=   536870912 cpu:               0.0 elap:               0.1
 (Enter C:\G16W\l302.exe)
 NPDir=0 NMtPBC=     1 NCelOv=     1 NCel=       1 NClECP=     1 NCelD=      1
         NCelK=      1 NCelE2=     1 NClLst=     1 CellRange=     0.0.
 One-electron integrals computed using PRISM.
 NBasis=     8 RedAO= T EigKep=  4.25D-01  NBF=     8
 NBsUse=     8 1.00D-06 EigRej= -1.00D+00 NBFU=     8
 Leave Link  302 at Thu Jul 30 02:55:06 2026, MaxMem=   536870912 cpu:               0.0 elap:               0.1
 (Enter C:\G16W\l303.exe)
 DipDrv:  MaxL=1.
 Leave Link  303 at Thu Jul 30 02:55:06 2026, MaxMem=   536870912 cpu:               0.0 elap:               0.1
 (Enter C:\G16W\l401.exe)
 ExpMin= 1.69D-01 ExpMax= 3.43D+00 ExpMxC= 3.43D+00 IAcc=3 IRadAn=         5 AccDes= 0.00D+00
 Harris functional with IExCor=  205 and IRadAn=       5 diagonalized for initial guess.
 HarFok:  IExCor=  205 AccDes= 0.00D+00 IRadAn=         5 IDoV= 1 UseB2=F ITyADJ=14
 ICtDFT=  3500011 ScaDFX=  1.000000  1.000000  1.000000  1.000000
 FoFCou: FMM=F IPFlag=           0 FMFlag=      100000 FMFlg1=           0
         NFxFlg=           0 DoJE=T BraDBF=F KetDBF=T FulRan=T
         wScrn=  0.000000 ICntrl=       500 IOpCl=  0 I1Cent=   200000004 NGrid=           0
         NMat0=    1 NMatS0=      1 NMatT0=    0 NMatD0=    1 NMtDS0=    0 NMtDT0=    0
 Symmetry not used in FoFCou.
 Harris En= -4.29531740154110    
 JPrj=0 DoOrth=F DoCkMO=F.
 Leave Link  401 at Thu Jul 30 02:55:06 2026, MaxMem=   536870912 cpu:               0.0 elap:               0.2
 (Enter C:\G16W\l502.exe)
 Keep R1 ints in memory in canonical form, NReq=806041.
 FoFCou: FMM=F IPFlag=           0 FMFlag=           0 FMFlg1=           0
         NFxFlg=           0 DoJE=F BraDBF=F KetDBF=F FulRan=T
         wScrn=  0.000000 ICntrl=       600 IOpCl=  0 I1Cent=           0 NGrid=           0
         NMat0=    1 NMatS0=     36 NMatT0=    0 NMatD0=    1 NMtDS0=    0 NMtDT0=    0
 Symmetry not used in FoFCou.
 Two-electron integral symmetry not used.
 Closed shell SCF:
 Using DIIS extrapolation, IDIIS=  1040.
 NGot=   536870912 LenX=   536868596 LenY=   536867714
 Requested convergence on RMS density matrix=1.00D-08 within 128 cycles.
 Requested convergence on MAX density matrix=1.00D-06.
 Requested convergence on             energy=1.00D-06.
 No special actions if energy rises.

 Cycle   1  Pass 1  IDiag  1:
 E= -3.88919421022869    
 DIIS: error= 1.73D-02 at cycle   1 NSaved=   1.
 NSaved= 1 IEnMin= 1 EnMin= -3.88919421022869     IErMin= 1 ErrMin= 1.73D-02
 ErrMax= 1.73D-02  0.00D+00 EMaxC= 1.00D-01 BMatC= 2.10D-03 BMatP= 2.10D-03
 IDIUse=3 WtCom= 8.27D-01 WtEn= 1.73D-01
 Coeff-Com:  0.100D+01
 Coeff-En:   0.100D+01
 Coeff:      0.100D+01
 Gap=     0.325 Goal=   None    Shift=    0.000
 GapD=    0.325 DampG=1.000 DampE=0.500 DampFc=0.5000 IDamp=-1.
 Damping current iteration by 5.00D-01
 RMSDP=1.54D-02 MaxDP=3.26D-02              OVMax= 0.00D+00

 Cycle   2  Pass 1  IDiag  1:
 E= -3.89380559397067     Delta-E=       -0.004611383742 Rises=F Damp=T
 DIIS: error= 1.07D-02 at cycle   2 NSaved=   2.
 NSaved= 2 IEnMin= 2 EnMin= -3.89380559397067     IErMin= 2 ErrMin= 1.07D-02
 ErrMax= 1.07D-02  0.00D+00 EMaxC= 1.00D-01 BMatC= 1.05D-03 BMatP= 2.10D-03
 IDIUse=3 WtCom= 8.93D-01 WtEn= 1.07D-01
 Coeff-Com: -0.174D+01 0.274D+01
 Coeff-En:   0.000D+00 0.100D+01
 Coeff:     -0.155D+01 0.255D+01
 Gap=     0.351 Goal=   None    Shift=    0.000
 RMSDP=1.62D-02 MaxDP=3.47D-02 DE=-4.61D-03 OVMax= 0.00D+00

 Cycle   3  Pass 1  IDiag  1:
 E= -3.90230781117593     Delta-E=       -0.008502217205 Rises=F Damp=F
 DIIS: error= 2.32D-03 at cycle   3 NSaved=   3.
 NSaved= 3 IEnMin= 3 EnMin= -3.90230781117593     IErMin= 3 ErrMin= 2.32D-03
 ErrMax= 2.32D-03  0.00D+00 EMaxC= 1.00D-01 BMatC= 4.71D-05 BMatP= 1.05D-03
 IDIUse=3 WtCom= 9.77D-01 WtEn= 2.32D-02
 Coeff-Com: -0.598D-01-0.163D+00 0.122D+01
 Coeff-En:   0.000D+00 0.000D+00 0.100D+01
 Coeff:     -0.584D-01-0.159D+00 0.122D+01
 Gap=     0.362 Goal=   None    Shift=    0.000
 RMSDP=3.89D-03 MaxDP=9.32D-03 DE=-8.50D-03 OVMax= 0.00D+00

 Cycle   4  Pass 1  IDiag  1:
 E= -3.90257905820777     Delta-E=       -0.000271247032 Rises=F Damp=F
 DIIS: error= 1.89D-04 at cycle   4 NSaved=   4.
 NSaved= 4 IEnMin= 4 EnMin= -3.90257905820777     IErMin= 4 ErrMin= 1.89D-04
 ErrMax= 1.89D-04  0.00D+00 EMaxC= 1.00D-01 BMatC= 2.35D-07 BMatP= 4.71D-05
 IDIUse=3 WtCom= 9.98D-01 WtEn= 1.89D-03
 Coeff-Com:  0.104D-01 0.228D-01-0.169D+00 0.114D+01
 Coeff-En:   0.000D+00 0.000D+00 0.000D+00 0.100D+01
 Coeff:      0.103D-01 0.227D-01-0.168D+00 0.114D+01
 Gap=     0.361 Goal=   None    Shift=    0.000
 RMSDP=1.62D-04 MaxDP=4.07D-04 DE=-2.71D-04 OVMax= 0.00D+00

 Cycle   5  Pass 1  IDiag  1:
 E= -3.90257974889462     Delta-E=       -0.000000690687 Rises=F Damp=F
 DIIS: error= 3.72D-05 at cycle   5 NSaved=   5.
 NSaved= 5 IEnMin= 5 EnMin= -3.90257974889462     IErMin= 5 ErrMin= 3.72D-05
 ErrMax= 3.72D-05  0.00D+00 EMaxC= 1.00D-01 BMatC= 1.00D-08 BMatP= 2.35D-07
 IDIUse=1 WtCom= 1.00D+00 WtEn= 0.00D+00
 Coeff-Com:  0.466D-02 0.106D-02-0.418D-01 0.283D-01 0.101D+01
 Coeff:      0.466D-02 0.106D-02-0.418D-01 0.283D-01 0.101D+01
 Gap=     0.361 Goal=   None    Shift=    0.000
 RMSDP=3.31D-05 MaxDP=1.13D-04 DE=-6.91D-07 OVMax= 0.00D+00

 Cycle   6  Pass 1  IDiag  1:
 E= -3.90257979069482     Delta-E=       -0.000000041800 Rises=F Damp=F
 DIIS: error= 6.46D-06 at cycle   6 NSaved=   6.
 NSaved= 6 IEnMin= 6 EnMin= -3.90257979069482     IErMin= 6 ErrMin= 6.46D-06
 ErrMax= 6.46D-06  0.00D+00 EMaxC= 1.00D-01 BMatC= 4.31D-10 BMatP= 1.00D-08
 IDIUse=1 WtCom= 1.00D+00 WtEn= 0.00D+00
 Coeff-Com: -0.662D-03-0.248D-02 0.154D-01-0.515D-01-0.196D+00 0.124D+01
 Coeff:     -0.662D-03-0.248D-02 0.154D-01-0.515D-01-0.196D+00 0.124D+01
 Gap=     0.361 Goal=   None    Shift=    0.000
 RMSDP=1.21D-05 MaxDP=3.81D-05 DE=-4.18D-08 OVMax= 0.00D+00

 Cycle   7  Pass 1  IDiag  1:
 E= -3.90257979264124     Delta-E=       -0.000000001946 Rises=F Damp=F
 DIIS: error= 1.25D-06 at cycle   7 NSaved=   7.
 NSaved= 7 IEnMin= 7 EnMin= -3.90257979264124     IErMin= 7 ErrMin= 1.25D-06
 ErrMax= 1.25D-06  0.00D+00 EMaxC= 1.00D-01 BMatC= 1.08D-11 BMatP= 4.31D-10
 IDIUse=1 WtCom= 1.00D+00 WtEn= 0.00D+00
 Coeff-Com: -0.156D-03 0.449D-03-0.636D-03 0.272D-02 0.120D-02-0.279D-01
 Coeff-Com:  0.102D+01
 Coeff:     -0.156D-03 0.449D-03-0.636D-03 0.272D-02 0.120D-02-0.279D-01
 Coeff:      0.102D+01
 Gap=     0.361 Goal=   None    Shift=    0.000
 RMSDP=1.99D-06 MaxDP=4.63D-06 DE=-1.95D-09 OVMax= 0.00D+00

 Cycle   8  Pass 1  IDiag  1:
 E= -3.90257979270016     Delta-E=       -0.000000000059 Rises=F Damp=F
 DIIS: error= 5.74D-08 at cycle   8 NSaved=   8.
 NSaved= 8 IEnMin= 8 EnMin= -3.90257979270016     IErMin= 8 ErrMin= 5.74D-08
 ErrMax= 5.74D-08  0.00D+00 EMaxC= 1.00D-01 BMatC= 2.87D-14 BMatP= 1.08D-11
 IDIUse=1 WtCom= 1.00D+00 WtEn= 0.00D+00
 Coeff-Com:  0.273D-04-0.633D-04 0.414D-04-0.272D-03 0.443D-03 0.684D-03
 Coeff-Com: -0.118D+00 0.112D+01
 Coeff:      0.273D-04-0.633D-04 0.414D-04-0.272D-03 0.443D-03 0.684D-03
 Coeff:     -0.118D+00 0.112D+01
 Gap=     0.361 Goal=   None    Shift=    0.000
 RMSDP=1.09D-07 MaxDP=2.65D-07 DE=-5.89D-11 OVMax= 0.00D+00

 Cycle   9  Pass 1  IDiag  1:
 E= -3.90257979270032     Delta-E=        0.000000000000 Rises=F Damp=F
 DIIS: error= 4.13D-09 at cycle   9 NSaved=   9.
 NSaved= 9 IEnMin= 9 EnMin= -3.90257979270032     IErMin= 9 ErrMin= 4.13D-09
 ErrMax= 4.13D-09  0.00D+00 EMaxC= 1.00D-01 BMatC= 2.17D-16 BMatP= 2.87D-14
 IDIUse=1 WtCom= 1.00D+00 WtEn= 0.00D+00
 Coeff-Com: -0.721D-06 0.805D-06 0.323D-05-0.282D-05-0.439D-04 0.126D-03
 Coeff-Com: -0.526D-05-0.641D-02 0.101D+01
 Coeff:     -0.721D-06 0.805D-06 0.323D-05-0.282D-05-0.439D-04 0.126D-03
 Coeff:     -0.526D-05-0.641D-02 0.101D+01
 Gap=     0.361 Goal=   None    Shift=    0.000
 RMSDP=8.25D-09 MaxDP=2.01D-08 DE=-1.62D-13 OVMax= 0.00D+00

 SCF Done:  E(RHF) =  -3.90257979270     A.U. after    9 cycles
            NFock=  9  Conv=0.83D-08     -V/T= 1.8252
 KE= 4.729271020808D+00 PE=-2.037160982773D+01 EE= 6.145599927352D+00
 Leave Link  502 at Thu Jul 30 02:55:07 2026, MaxMem=   536870912 cpu:               1.0 elap:               0.2
 (Enter C:\G16W\l508.exe)
 QCSCF skips out because SCF is already converged.
 Leave Link  508 at Thu Jul 30 02:55:07 2026, MaxMem=   536870912 cpu:               0.0 elap:               0.1
 (Enter C:\G16W\l601.exe)
 Copying SCF densities to generalized density rwf, IOpCl= 0 IROHF=0.

 **********************************************************************

            Population analysis using the SCF Density.

 **********************************************************************

 Alpha  occ. eigenvalues --   -0.53623  -0.48157  -0.39075  -0.26702
 Alpha virt. eigenvalues --    0.09446   0.27851   0.46726   0.61793
     Molecular Orbital Coefficients:
                           1         2         3         4         5
                           O         O         O         O         V
     Eigenvalues --    -0.53623  -0.48157  -0.39075  -0.26702   0.09446
   1 1   H  1S          0.13294   0.26608   0.37951  -0.39237  -0.46077
   2 2   H  1S          0.22151   0.36745   0.36595  -0.19965   0.19619
   3 3   H  1S          0.31663   0.31070  -0.06146   0.41181   0.46865
   4 4   H  1S          0.35548   0.15072  -0.31986   0.33822  -0.36943
   5 5   H  1S          0.35548  -0.15072  -0.31986  -0.33822  -0.36943
   6 6   H  1S          0.31663  -0.31070  -0.06146  -0.41181   0.46865
   7 7   H  1S          0.22151  -0.36745   0.36595   0.19965   0.19619
   8 8   H  1S          0.13294  -0.26608   0.37951   0.39237  -0.46077
                           6         7         8
                           V         V         V
     Eigenvalues --     0.27851   0.46726   0.61793
   1 1   H  1S          0.53033  -0.44169  -0.25125
   2 2   H  1S         -0.51000   0.65167   0.46051
   3 3   H  1S         -0.05079  -0.56203  -0.62790
   4 4   H  1S          0.48733   0.23727   0.71195
   5 5   H  1S         -0.48733   0.23727  -0.71195
   6 6   H  1S          0.05079  -0.56203   0.62790
   7 7   H  1S          0.51000   0.65167  -0.46051
   8 8   H  1S         -0.53033  -0.44169   0.25125
     Density Matrix:
                           1         2         3         4         5
   1 1   H  1S          0.77291
   2 2   H  1S          0.68887   0.71572
   3 3   H  1S         -0.12029   0.15919   0.74031
   4 4   H  1S         -0.33348  -0.10090   0.63666   0.73158
   5 5   H  1S          0.03694  -0.05233  -0.10780   0.18313   0.73158
   6 6   H  1S          0.19536   0.03140  -0.32418  -0.10780   0.63666
   7 7   H  1S         -0.01555   0.01622   0.03140  -0.05233  -0.10090
   8 8   H  1S         -0.12610  -0.01555   0.19536   0.03694  -0.33348
                           6         7         8
   6 6   H  1S          0.74031
   7 7   H  1S          0.15919   0.71572
   8 8   H  1S         -0.12029   0.68887   0.77291
    Full Mulliken population analysis:
                           1         2         3         4         5
   1 1   H  1S          0.77291
   2 2   H  1S          0.23357   0.71572
   3 3   H  1S         -0.00493   0.05397   0.74031
   4 4   H  1S         -0.00076  -0.00413   0.21587   0.73158
   5 5   H  1S          0.00000  -0.00012  -0.00441   0.06209   0.73158
   6 6   H  1S          0.00000   0.00000  -0.00074  -0.00441   0.21587
   7 7   H  1S          0.00000   0.00000   0.00000  -0.00012  -0.00413
   8 8   H  1S          0.00000   0.00000   0.00000   0.00000  -0.00076
                           6         7         8
   6 6   H  1S          0.74031
   7 7   H  1S          0.05397   0.71572
   8 8   H  1S         -0.00493   0.23357   0.77291
     Gross orbital populations:
                           1
   1 1   H  1S          1.00080
   2 2   H  1S          0.99901
   3 3   H  1S          1.00008
   4 4   H  1S          1.00012
   5 5   H  1S          1.00012
   6 6   H  1S          1.00008
   7 7   H  1S          0.99901
   8 8   H  1S          1.00080
          Condensed to atoms (all electrons):
               1          2          3          4          5          6
     1  H    0.772908   0.233571  -0.004926  -0.000760   0.000002   0.000000
     2  H    0.233571   0.715716   0.053975  -0.004132  -0.000119   0.000002
     3  H   -0.004926   0.053975   0.740310   0.215869  -0.004414  -0.000739
     4  H   -0.000760  -0.004132   0.215869   0.731578   0.062093  -0.004414
     5  H    0.000002  -0.000119  -0.004414   0.062093   0.731578   0.215869
     6  H    0.000000   0.000002  -0.000739  -0.004414   0.215869   0.740310
     7  H    0.000000   0.000000   0.000002  -0.000119  -0.004132   0.053975
     8  H    0.000000   0.000000   0.000000   0.000002  -0.000760  -0.004926
               7          8
     1  H    0.000000   0.000000
     2  H    0.000000   0.000000
     3  H    0.000002   0.000000
     4  H   -0.000119   0.000002
     5  H   -0.004132  -0.000760
     6  H    0.053975  -0.004926
     7  H    0.715716   0.233571
     8  H    0.233571   0.772908
 Mulliken charges:
               1
     1  H   -0.000795
     2  H    0.000988
     3  H   -0.000076
     4  H   -0.000116
     5  H   -0.000116
     6  H   -0.000076
     7  H    0.000988
     8  H   -0.000795
 Sum of Mulliken charges =   0.00000
 Mulliken charges with hydrogens summed into heavy atoms:
               1
 Electronic spatial extent (au):  <R**2>=            268.1899
 Charge=              0.0000 electrons
 Dipole moment (field-independent basis, Debye):
    X=              0.0000    Y=              0.0000    Z=              0.0000  Tot=              0.0000
 Quadrupole moment (field-independent basis, Debye-Ang):
   XX=             -7.5867   YY=             -7.5867   ZZ=             -4.6198
   XY=              0.0000   XZ=              0.0000   YZ=              0.0000
 Traceless Quadrupole moment (field-independent basis, Debye-Ang):
   XX=             -0.9890   YY=             -0.9890   ZZ=              1.9779
   XY=              0.0000   XZ=              0.0000   YZ=              0.0000
 Octapole moment (field-independent basis, Debye-Ang**2):
  XXX=              0.0000  YYY=              0.0000  ZZZ=              0.0000  XYY=              0.0000
  XXY=              0.0000  XXZ=              0.0000  XZZ=              0.0000  YZZ=              0.0000
  YYZ=              0.0000  XYZ=              0.0000
 Hexadecapole moment (field-independent basis, Debye-Ang**3):
 XXXX=             -6.4140 YYYY=             -6.4140 ZZZZ=           -252.1088 XXXY=              0.0000
 XXXZ=              0.0000 YYYX=              0.0000 YYYZ=              0.0000 ZZZX=              0.0000
 ZZZY=              0.0000 XXYY=             -2.1380 XXZZ=            -68.4922 YYZZ=            -68.4922
 XXYZ=              0.0000 YYXZ=              0.0000 ZZXY=              0.0000
 N-N= 5.594159086869D+00 E-N=-2.037160983362D+01  KE= 4.729271020808D+00
 Orbital energies and kinetic energies (alpha):
                                 1                 2
   1         O                -0.536226          0.472707
   2         O                -0.481574          0.524281
   3         O                -0.390753          0.615268
   4         O                -0.267017          0.752380
   5         V                 0.094457          0.925756
   6         V                 0.278507          1.142569
   7         V                 0.467259          1.393452
   8         V                 0.617934          1.605596
 Total kinetic energy from orbitals= 4.729271020808D+00
 No NMR shielding tensors so no spin-rotation constants.
 Leave Link  601 at Thu Jul 30 02:55:07 2026, MaxMem=   536870912 cpu:               0.0 elap:               0.1
 (Enter C:\G16W\l9999.exe)
 Unable to Open any file for archive entry.
 1|1|UNPC-LAPTOP-34RRSFDS|SP|RHF|STO-3G|H8|THINK|30-Jul-2026|0||#p RHF/
 STO-3G SCF=(Tight,XQC,MaxCycle=512) NoSymm Pop=Full||Linear H8, R=1.30
 00 Angstrom, RHF/STO-3G||0,1|H,0,0.,0.,-4.55|H,0,0.,0.,-3.25|H,0,0.,0.
 ,-1.95|H,0,0.,0.,-0.65|H,0,0.,0.,0.65|H,0,0.,0.,1.95|H,0,0.,0.,3.25|H,
 0,0.,0.,4.55||Version=EM64W-G16RevC.01|HF=-3.9025798|RMSD=8.250e-009|D
 ipole=0.,0.,0.|Quadrupole=-0.7352672,-0.7352672,1.4705343,0.,0.,0.|PG=
 D*H [C*(H1H1H1H1.H1H1H1H1)]||@
 The archive entry for this job was punched.


 THE PROGRESS OF RIVERS TO THE SEA IS NOT AS RAPID
 AS THAT OF MAN TO ERROR.
                                              -- VOLTAIRE
 Job cpu time:       0 days  0 hours  0 minutes  2.0 seconds.
 Elapsed time:       0 days  0 hours  0 minutes  1.3 seconds.
 File lengths (MBytes):  RWF=      6 Int=      0 D2E=      0 Chk=      1 Scr=      1
 Normal termination of Gaussian 16 at Thu Jul 30 02:55:07 2026.
