 Entering Link 1 = C:\G16W\l1.exe PID=     14868.
  
 Copyright (c) 1988-2019, Gaussian, Inc.  All Rights Reserved.
  
 This is part of the Gaussian(R) 16 program.  It is based on
 the Gaussian(R) 09 system (copyright 2009, Gaussian, Inc.),
 the Gaussian(R) 03 system (copyright 2003, Gaussian, Inc.),
 the Gaussian(R) 98 system (copyright 1998, Gaussian, Inc.),
 the Gaussian(R) 94 system (copyright 1995, Gaussian, Inc.),
 the Gaussian 92(TM) system (copyright 1992, Gaussian, Inc.),
 the Gaussian 90(TM) system (copyright 1990, Gaussian, Inc.),
 the Gaussian 88(TM) system (copyright 1988, Gaussian, Inc.),
 the Gaussian 86(TM) system (copyright 1986, Carnegie Mellon
 University), and the Gaussian 82(TM) system (copyright 1983,
 Carnegie Mellon University). Gaussian is a federally registered
 trademark of Gaussian, Inc.
  
 This software contains proprietary and confidential information,
 including trade secrets, belonging to Gaussian, Inc.
  
 This software is provided under written license and may be
 used, copied, transmitted, or stored only in accord with that
 written license.
  
 The following legend is applicable only to US Government
 contracts under FAR:
  
                    RESTRICTED RIGHTS LEGEND
  
 Use, reproduction and disclosure by the US Government is
 subject to restrictions as set forth in subparagraphs (a)
 and (c) of the Commercial Computer Software - Restricted
 Rights clause in FAR 52.227-19.
  
 Gaussian, Inc.
 340 Quinnipiac St., Bldg. 40, Wallingford CT 06492
  
  
 ---------------------------------------------------------------
 Warning -- This program may not be used in any manner that
 competes with the business of Gaussian, Inc. or will provide
 assistance to any competitor of Gaussian, Inc.  The licensee
 of this program is prohibited from giving any competitor of
 Gaussian, Inc. access to this program.  By using this program,
 the user acknowledges that Gaussian, Inc. is engaged in the
 business of creating and licensing software in the field of
 computational chemistry and represents and warrants to the
 licensee that it is not a competitor of Gaussian, Inc. and that
 it will not use this program in any manner prohibited above.
 ---------------------------------------------------------------
  

 Cite this work as:
 Gaussian 16, Revision C.01,
 M. J. Frisch, G. W. Trucks, H. B. Schlegel, G. E. Scuseria, 
 M. A. Robb, J. R. Cheeseman, G. Scalmani, V. Barone, 
 G. A. Petersson, H. Nakatsuji, X. Li, M. Caricato, A. V. Marenich, 
 J. Bloino, B. G. Janesko, R. Gomperts, B. Mennucci, H. P. Hratchian, 
 J. V. Ortiz, A. F. Izmaylov, J. L. Sonnenberg, D. Williams-Young, 
 F. Ding, F. Lipparini, F. Egidi, J. Goings, B. Peng, A. Petrone, 
 T. Henderson, D. Ranasinghe, V. G. Zakrzewski, J. Gao, N. Rega, 
 G. Zheng, W. Liang, M. Hada, M. Ehara, K. Toyota, R. Fukuda, 
 J. Hasegawa, M. Ishida, T. Nakajima, Y. Honda, O. Kitao, H. Nakai, 
 T. Vreven, K. Throssell, J. A. Montgomery, Jr., J. E. Peralta, 
 F. Ogliaro, M. J. Bearpark, J. J. Heyd, E. N. Brothers, K. N. Kudin, 
 V. N. Staroverov, T. A. Keith, R. Kobayashi, J. Normand, 
 K. Raghavachari, A. P. Rendell, J. C. Burant, S. S. Iyengar, 
 J. Tomasi, M. Cossi, J. M. Millam, M. Klene, C. Adamo, R. Cammi, 
 J. W. Ochterski, R. L. Martin, K. Morokuma, O. Farkas, 
 J. B. Foresman, and D. J. Fox, Gaussian, Inc., Wallingford CT, 2019.
 
 ******************************************
 Gaussian 16:  EM64W-G16RevC.01 30-May-2019
                29-Jul-2026 
 ******************************************
 %chk=ip_127p473.chk
 %mem=4GB
 %nprocshared=8
 Will use up to    8 processors via shared memory.
 ----------------------------------------------------------
 #p RHF/STO-3G SCF=(Tight,XQC,MaxCycle=512) NoSymm Pop=Full
 ----------------------------------------------------------
 1/38=1,172=1/1;
 2/12=2,15=1,17=6,18=5,40=1/2;
 3/6=3,11=1,25=1,30=1,116=1/1,2,3;
 4//1;
 5/5=2,7=512,8=3,13=1,32=2,38=5/2,8;
 6/7=3,28=1/1;
 99/5=1,9=1/99;
 Leave Link    1 at Wed Jul 29 22:49:13 2026, MaxMem=   536870912 cpu:               0.0 elap:               0.2
 (Enter C:\G16W\l101.exe)
 -----------------------------------------
 Diazene ip_127p473 | in_plane 127.473 deg
 -----------------------------------------
 Symbolic Z-matrix:
 Charge =  0 Multiplicity = 1
 H                     0.        0.61339  -1.24223 
 N                     0.        0.61339  -0.17528 
 N                     0.       -0.55235   0.28364 
 H                     0.00001  -1.46143  -0.2634 
 
 ITRead=  0  0  0  0
 MicOpt= -1 -1 -1 -1
 NAtoms=      4 NQM=        4 NQMF=       0 NMMI=      0 NMMIF=      0
                NMic=       0 NMicF=      0.
                    Isotopes and Nuclear Properties:
 (Nuclear quadrupole moments (NQMom) in fm**2, nuclear magnetic moments (NMagM)
  in nuclear magnetons)

  Atom         1           2           3           4
 IAtWgt=           1          14          14           1
 AtmWgt=   1.0078250  14.0030740  14.0030740   1.0078250
 NucSpn=           1           2           2           1
 AtZEff=   0.0000000   0.0000000   0.0000000   0.0000000
 NQMom=    0.0000000   2.0440000   2.0440000   0.0000000
 NMagM=    2.7928460   0.4037610   0.4037610   2.7928460
 AtZNuc=   1.0000000   7.0000000   7.0000000   1.0000000
 Leave Link  101 at Wed Jul 29 22:49:14 2026, MaxMem=   536870912 cpu:               0.0 elap:               0.2
 (Enter C:\G16W\l202.exe)
                          Input orientation:                          
 ---------------------------------------------------------------------
 Center     Atomic      Atomic             Coordinates (Angstroms)
 Number     Number       Type             X           Y           Z
 ---------------------------------------------------------------------
      1          1           0        0.000000    0.613390   -1.242230
      2          7           0        0.000000    0.613390   -0.175280
      3          7           0        0.000000   -0.552350    0.283640
      4          1           0        0.000010   -1.461430   -0.263400
 ---------------------------------------------------------------------
                    Distance matrix (angstroms):
                    1          2          3          4
     1  H    0.000000
     2  N    1.066950   0.000000
     3  N    1.920216   1.252820   0.000000
     4  H    2.294120   2.076690   1.060980   0.000000
 Symmetry turned off by external request.
 Stoichiometry    H2N2
 Framework group  C1[X(H2N2)]
 Deg. of freedom     6
 Full point group                 C1      NOp   1
 Rotational constants (GHZ):         317.0865027          36.9953588          33.1299911
 Leave Link  202 at Wed Jul 29 22:49:14 2026, MaxMem=   536870912 cpu:               0.0 elap:               0.1
 (Enter C:\G16W\l301.exe)
 Standard basis: STO-3G (5D, 7F)
 Ernie: Thresh=  0.10000D-02 Tol=  0.10000D-05 Strict=F.
    12 basis functions,    36 primitive gaussians,    12 cartesian basis functions
     8 alpha electrons        8 beta electrons
       nuclear repulsion energy        31.6036639857 Hartrees.
 IExCor=    0 DFT=F Ex=HF Corr=None ExCW=0 ScaHFX=  1.000000
 ScaDFX=  1.000000  1.000000  1.000000  1.000000 ScalE2=  1.000000  1.000000
 IRadAn=      5 IRanWt=     -1 IRanGd=            0 ICorTp=0 IEmpDi=  4
 NAtoms=    4 NActive=    4 NUniq=    4 SFac= 1.00D+00 NAtFMM=   60 NAOKFM=F Big=F
 Integral buffers will be    131072 words long.
 Raffenetti 1 integral format.
 Two-electron integral symmetry is turned off.
 Leave Link  301 at Wed Jul 29 22:49:14 2026, MaxMem=   536870912 cpu:               0.0 elap:               0.2
 (Enter C:\G16W\l302.exe)
 NPDir=0 NMtPBC=     1 NCelOv=     1 NCel=       1 NClECP=     1 NCelD=      1
         NCelK=      1 NCelE2=     1 NClLst=     1 CellRange=     0.0.
 One-electron integrals computed using PRISM.
 NBasis=    12 RedAO= T EigKep=  2.49D-01  NBF=    12
 NBsUse=    12 1.00D-06 EigRej= -1.00D+00 NBFU=    12
 Leave Link  302 at Wed Jul 29 22:49:14 2026, MaxMem=   536870912 cpu:               0.0 elap:               0.2
 (Enter C:\G16W\l303.exe)
 DipDrv:  MaxL=1.
 Leave Link  303 at Wed Jul 29 22:49:14 2026, MaxMem=   536870912 cpu:               0.0 elap:               0.2
 (Enter C:\G16W\l401.exe)
 ExpMin= 1.69D-01 ExpMax= 9.91D+01 ExpMxC= 9.91D+01 IAcc=3 IRadAn=         5 AccDes= 0.00D+00
 Harris functional with IExCor=  205 and IRadAn=       5 diagonalized for initial guess.
 HarFok:  IExCor=  205 AccDes= 0.00D+00 IRadAn=         5 IDoV= 1 UseB2=F ITyADJ=14
 ICtDFT=  3500011 ScaDFX=  1.000000  1.000000  1.000000  1.000000
 FoFCou: FMM=F IPFlag=           0 FMFlag=      100000 FMFlg1=           0
         NFxFlg=           0 DoJE=T BraDBF=F KetDBF=T FulRan=T
         wScrn=  0.000000 ICntrl=       500 IOpCl=  0 I1Cent=   200000004 NGrid=           0
         NMat0=    1 NMatS0=      1 NMatT0=    0 NMatD0=    1 NMtDS0=    0 NMtDT0=    0
 Symmetry not used in FoFCou.
 Harris En= -108.583215049619    
 JPrj=0 DoOrth=F DoCkMO=F.
 Leave Link  401 at Wed Jul 29 22:49:15 2026, MaxMem=   536870912 cpu:               0.0 elap:               0.3
 (Enter C:\G16W\l502.exe)
 Keep R1 ints in memory in canonical form, NReq=1608215.
 FoFCou: FMM=F IPFlag=           0 FMFlag=           0 FMFlg1=           0
         NFxFlg=           0 DoJE=F BraDBF=F KetDBF=F FulRan=T
         wScrn=  0.000000 ICntrl=       600 IOpCl=  0 I1Cent=           0 NGrid=           0
         NMat0=    1 NMatS0=     78 NMatT0=    0 NMatD0=    1 NMtDS0=    0 NMtDT0=    0
 Symmetry not used in FoFCou.
 Two-electron integral symmetry not used.
 Closed shell SCF:
 Using DIIS extrapolation, IDIIS=  1040.
 NGot=   536870912 LenX=   536866319 LenY=   536865437
 Requested convergence on RMS density matrix=1.00D-08 within 128 cycles.
 Requested convergence on MAX density matrix=1.00D-06.
 Requested convergence on             energy=1.00D-06.
 No special actions if energy rises.

 Cycle   1  Pass 1  IDiag  1:
 E= -108.519636824590    
 DIIS: error= 3.12D-02 at cycle   1 NSaved=   1.
 NSaved= 1 IEnMin= 1 EnMin= -108.519636824590     IErMin= 1 ErrMin= 3.12D-02
 ErrMax= 3.12D-02  0.00D+00 EMaxC= 1.00D-01 BMatC= 1.59D-02 BMatP= 1.59D-02
 IDIUse=3 WtCom= 6.88D-01 WtEn= 3.12D-01
 Coeff-Com:  0.100D+01
 Coeff-En:   0.100D+01
 Coeff:      0.100D+01
 Gap=     0.574 Goal=   None    Shift=    0.000
 GapD=    0.574 DampG=2.000 DampE=0.500 DampFc=1.0000 IDamp=-1.
 RMSDP=1.13D-02 MaxDP=5.69D-02              OVMax= 0.00D+00

 Cycle   2  Pass 1  IDiag  1:
 E= -108.533047452444     Delta-E=       -0.013410627854 Rises=F Damp=F
 DIIS: error= 3.79D-03 at cycle   2 NSaved=   2.
 NSaved= 2 IEnMin= 2 EnMin= -108.533047452444     IErMin= 2 ErrMin= 3.79D-03
 ErrMax= 3.79D-03  0.00D+00 EMaxC= 1.00D-01 BMatC= 1.98D-04 BMatP= 1.59D-02
 IDIUse=3 WtCom= 9.62D-01 WtEn= 3.79D-02
 Coeff-Com: -0.593D-01 0.106D+01
 Coeff-En:   0.000D+00 0.100D+01
 Coeff:     -0.571D-01 0.106D+01
 Gap=     0.568 Goal=   None    Shift=    0.000
 RMSDP=1.79D-03 MaxDP=6.08D-03 DE=-1.34D-02 OVMax= 0.00D+00

 Cycle   3  Pass 1  IDiag  1:
 E= -108.533299079287     Delta-E=       -0.000251626843 Rises=F Damp=F
 DIIS: error= 1.57D-03 at cycle   3 NSaved=   3.
 NSaved= 3 IEnMin= 3 EnMin= -108.533299079287     IErMin= 3 ErrMin= 1.57D-03
 ErrMax= 1.57D-03  0.00D+00 EMaxC= 1.00D-01 BMatC= 1.84D-05 BMatP= 1.98D-04
 IDIUse=3 WtCom= 9.84D-01 WtEn= 1.57D-02
 Coeff-Com: -0.135D-01 0.106D+00 0.907D+00
 Coeff-En:   0.000D+00 0.000D+00 0.100D+01
 Coeff:     -0.133D-01 0.105D+00 0.909D+00
 Gap=     0.568 Goal=   None    Shift=    0.000
 RMSDP=6.19D-04 MaxDP=4.21D-03 DE=-2.52D-04 OVMax= 0.00D+00

 Cycle   4  Pass 1  IDiag  1:
 E= -108.533330598575     Delta-E=       -0.000031519288 Rises=F Damp=F
 DIIS: error= 6.83D-04 at cycle   4 NSaved=   4.
 NSaved= 4 IEnMin= 4 EnMin= -108.533330598575     IErMin= 4 ErrMin= 6.83D-04
 ErrMax= 6.83D-04  0.00D+00 EMaxC= 1.00D-01 BMatC= 6.23D-06 BMatP= 1.84D-05
 IDIUse=3 WtCom= 9.93D-01 WtEn= 6.83D-03
 Coeff-Com:  0.666D-02-0.147D+00 0.257D+00 0.883D+00
 Coeff-En:   0.000D+00 0.000D+00 0.000D+00 0.100D+01
 Coeff:      0.662D-02-0.146D+00 0.255D+00 0.884D+00
 Gap=     0.568 Goal=   None    Shift=    0.000
 RMSDP=2.99D-04 MaxDP=1.33D-03 DE=-3.15D-05 OVMax= 0.00D+00

 Cycle   5  Pass 1  IDiag  1:
 E= -108.533339164139     Delta-E=       -0.000008565564 Rises=F Damp=F
 DIIS: error= 1.93D-04 at cycle   5 NSaved=   5.
 NSaved= 5 IEnMin= 5 EnMin= -108.533339164139     IErMin= 5 ErrMin= 1.93D-04
 ErrMax= 1.93D-04  0.00D+00 EMaxC= 1.00D-01 BMatC= 4.32D-07 BMatP= 6.23D-06
 IDIUse=3 WtCom= 9.98D-01 WtEn= 1.93D-03
 Coeff-Com: -0.309D-02 0.773D-01-0.132D+00-0.731D+00 0.179D+01
 Coeff-En:   0.000D+00 0.000D+00 0.000D+00 0.000D+00 0.100D+01
 Coeff:     -0.309D-02 0.772D-01-0.132D+00-0.729D+00 0.179D+01
 Gap=     0.568 Goal=   None    Shift=    0.000
 RMSDP=1.71D-04 MaxDP=7.85D-04 DE=-8.57D-06 OVMax= 0.00D+00

 Cycle   6  Pass 1  IDiag  1:
 E= -108.533340575895     Delta-E=       -0.000001411756 Rises=F Damp=F
 DIIS: error= 4.74D-05 at cycle   6 NSaved=   6.
 NSaved= 6 IEnMin= 6 EnMin= -108.533340575895     IErMin= 6 ErrMin= 4.74D-05
 ErrMax= 4.74D-05  0.00D+00 EMaxC= 1.00D-01 BMatC= 2.32D-08 BMatP= 4.32D-07
 IDIUse=1 WtCom= 1.00D+00 WtEn= 0.00D+00
 Coeff-Com:  0.403D-03-0.993D-02 0.293D-01 0.938D-01-0.486D+00 0.137D+01
 Coeff:      0.403D-03-0.993D-02 0.293D-01 0.938D-01-0.486D+00 0.137D+01
 Gap=     0.568 Goal=   None    Shift=    0.000
 RMSDP=4.17D-05 MaxDP=1.99D-04 DE=-1.41D-06 OVMax= 0.00D+00

 Cycle   7  Pass 1  IDiag  1:
 E= -108.533340642861     Delta-E=       -0.000000066966 Rises=F Damp=F
 DIIS: error= 3.98D-06 at cycle   7 NSaved=   7.
 NSaved= 7 IEnMin= 7 EnMin= -108.533340642861     IErMin= 7 ErrMin= 3.98D-06
 ErrMax= 3.98D-06  0.00D+00 EMaxC= 1.00D-01 BMatC= 2.61D-10 BMatP= 2.32D-08
 IDIUse=1 WtCom= 1.00D+00 WtEn= 0.00D+00
 Coeff-Com: -0.498D-04 0.129D-02-0.637D-02-0.159D-01 0.135D+00-0.515D+00
 Coeff-Com:  0.140D+01
 Coeff:     -0.498D-04 0.129D-02-0.637D-02-0.159D-01 0.135D+00-0.515D+00
 Coeff:      0.140D+01
 Gap=     0.568 Goal=   None    Shift=    0.000
 RMSDP=5.14D-06 MaxDP=2.05D-05 DE=-6.70D-08 OVMax= 0.00D+00

 Cycle   8  Pass 1  IDiag  1:
 E= -108.533340643649     Delta-E=       -0.000000000788 Rises=F Damp=F
 DIIS: error= 6.68D-07 at cycle   8 NSaved=   8.
 NSaved= 8 IEnMin= 8 EnMin= -108.533340643649     IErMin= 8 ErrMin= 6.68D-07
 ErrMax= 6.68D-07  0.00D+00 EMaxC= 1.00D-01 BMatC= 4.64D-12 BMatP= 2.61D-10
 IDIUse=1 WtCom= 1.00D+00 WtEn= 0.00D+00
 Coeff-Com:  0.198D-04-0.479D-03 0.242D-02 0.591D-02-0.528D-01 0.206D+00
 Coeff-Com: -0.622D+00 0.146D+01
 Coeff:      0.198D-04-0.479D-03 0.242D-02 0.591D-02-0.528D-01 0.206D+00
 Coeff:     -0.622D+00 0.146D+01
 Gap=     0.568 Goal=   None    Shift=    0.000
 RMSDP=7.52D-07 MaxDP=3.33D-06 DE=-7.88D-10 OVMax= 0.00D+00

 Cycle   9  Pass 1  IDiag  1:
 E= -108.533340643662     Delta-E=       -0.000000000014 Rises=F Damp=F
 DIIS: error= 3.23D-08 at cycle   9 NSaved=   9.
 NSaved= 9 IEnMin= 9 EnMin= -108.533340643662     IErMin= 9 ErrMin= 3.23D-08
 ErrMax= 3.23D-08  0.00D+00 EMaxC= 1.00D-01 BMatC= 2.63D-14 BMatP= 4.64D-12
 IDIUse=1 WtCom= 1.00D+00 WtEn= 0.00D+00
 Coeff-Com: -0.638D-05 0.154D-03-0.757D-03-0.190D-02 0.166D-01-0.643D-01
 Coeff-Com:  0.195D+00-0.486D+00 0.134D+01
 Coeff:     -0.638D-05 0.154D-03-0.757D-03-0.190D-02 0.166D-01-0.643D-01
 Coeff:      0.195D+00-0.486D+00 0.134D+01
 Gap=     0.568 Goal=   None    Shift=    0.000
 RMSDP=4.73D-08 MaxDP=2.15D-07 DE=-1.38D-11 OVMax= 0.00D+00

 Cycle  10  Pass 1  IDiag  1:
 E= -108.533340643662     Delta-E=        0.000000000000 Rises=F Damp=F
 DIIS: error= 4.65D-09 at cycle  10 NSaved=  10.
 NSaved=10 IEnMin= 9 EnMin= -108.533340643662     IErMin=10 ErrMin= 4.65D-09
 ErrMax= 4.65D-09  0.00D+00 EMaxC= 1.00D-01 BMatC= 5.19D-16 BMatP= 2.63D-14
 IDIUse=1 WtCom= 1.00D+00 WtEn= 0.00D+00
 Coeff-Com:  0.193D-05-0.460D-04 0.222D-03 0.556D-03-0.482D-02 0.186D-01
 Coeff-Com: -0.565D-01 0.142D+00-0.428D+00 0.133D+01
 Coeff:      0.193D-05-0.460D-04 0.222D-03 0.556D-03-0.482D-02 0.186D-01
 Coeff:     -0.565D-01 0.142D+00-0.428D+00 0.133D+01
 Gap=     0.568 Goal=   None    Shift=    0.000
 RMSDP=6.01D-09 MaxDP=3.34D-08 DE= 8.53D-14 OVMax= 0.00D+00

 SCF Done:  E(RHF) =  -108.533340644     A.U. after   10 cycles
            NFock= 10  Conv=0.60D-08     -V/T= 2.0098
 KE= 1.074825212205D+02 PE=-3.179320055789D+02 EE= 7.031247972904D+01
 Leave Link  502 at Wed Jul 29 22:49:15 2026, MaxMem=   536870912 cpu:               0.0 elap:               0.4
 (Enter C:\G16W\l508.exe)
 QCSCF skips out because SCF is already converged.
 Leave Link  508 at Wed Jul 29 22:49:15 2026, MaxMem=   536870912 cpu:               0.0 elap:               0.1
 (Enter C:\G16W\l601.exe)
 Copying SCF densities to generalized density rwf, IOpCl= 0 IROHF=0.

 **********************************************************************

            Population analysis using the SCF Density.

 **********************************************************************

 Alpha  occ. eigenvalues --  -15.42207 -15.40389  -1.28829  -0.87190  -0.67559
 Alpha  occ. eigenvalues --   -0.48833  -0.44340  -0.31879
 Alpha virt. eigenvalues --    0.24951   0.51135   0.63119   0.90209
     Molecular Orbital Coefficients:
                           1         2         3         4         5
                           O         O         O         O         O
     Eigenvalues --   -15.42207 -15.40389  -1.28829  -0.87190  -0.67559
   1 1   H  1S         -0.00648  -0.00017   0.07371  -0.22673  -0.34496
   2 2   N  1S          0.99386   0.00171  -0.16915   0.14354  -0.00375
   3        2S          0.02861  -0.00653   0.52862  -0.55684   0.00769
   4        2PX         0.00000   0.00000   0.00000   0.00000   0.00000
   5        2PY        -0.00558   0.00443  -0.18070  -0.09060  -0.16765
   6        2PZ        -0.00209  -0.00141  -0.00864   0.15661   0.44407
   7 3   N  1S         -0.00085   0.99384  -0.16636  -0.15009  -0.02118
   8        2S         -0.00686   0.02861   0.51332   0.58240   0.08483
   9        2PX         0.00000   0.00000   0.00000   0.00000   0.00000
  10        2PY        -0.00434   0.00188   0.12190  -0.22466   0.42069
  11        2PZ         0.00200  -0.00464  -0.12385  -0.03641   0.18608
  12 4   H  1S          0.00009  -0.00632   0.07085   0.27002  -0.30360
                           6         7         8         9        10
                           O         O         O         V         V
     Eigenvalues --    -0.48833  -0.44340  -0.31879   0.24951   0.51135
   1 1   H  1S         -0.01489   0.00000   0.37334   0.00000   0.71264
   2 2   N  1S         -0.07405   0.00000   0.08219   0.00000   0.04382
   3        2S          0.37298   0.00000  -0.42248   0.00000  -0.30738
   4        2PX         0.00000   0.65482   0.00001  -0.78435   0.00000
   5        2PY         0.59638   0.00000  -0.27153   0.00000  -0.25001
   6        2PZ         0.23035   0.00000  -0.39847   0.00000   0.53419
   7 3   N  1S         -0.03767   0.00000  -0.08539   0.00000   0.10401
   8        2S          0.19579   0.00000   0.43880   0.00000  -0.69344
   9        2PX         0.00000   0.63323   0.00000   0.80189  -0.00001
  10        2PY        -0.25173   0.00000   0.05482   0.00001   0.40127
  11        2PZ         0.53240   0.00000   0.63029   0.00001   0.36589
  12 4   H  1S          0.07153   0.00000  -0.33424   0.00000   0.90331
                          11        12
                           V         V
     Eigenvalues --     0.63119   0.90209
   1 1   H  1S          0.88880  -0.19253
   2 2   N  1S          0.11674   0.08983
   3        2S         -0.77628  -0.66050
   4        2PX         0.00000   0.00000
   5        2PY         0.43504   0.84774
   6        2PZ         0.62388  -0.54691
   7 3   N  1S         -0.09671  -0.07312
   8        2S          0.64669   0.53514
   9        2PX         0.00000   0.00000
  10        2PY        -0.03177   1.11161
  11        2PZ        -0.54872  -0.14959
  12 4   H  1S         -0.62507   0.41653
     Density Matrix:
                           1         2         3         4         5
   1 1   H  1S          0.63097
   2 2   N  1S         -0.03674   2.09847
   3        2S         -0.00180  -0.40659   1.81605
   4        2PX         0.00000   0.00000   0.00000   0.85757
   5        2PY        -0.09032  -0.10766   0.58120   0.00000   0.99685
   6        2PZ        -0.68303  -0.05923   0.33170   0.00000   0.31701
   7 3   N  1S         -0.00481   0.00661   0.02196   0.00000   0.10466
   8        2S          0.07495   0.02249  -0.33008   0.00000  -0.32392
   9        2PX         0.00000   0.00000   0.00000   0.82929   0.00000
  10        2PY        -0.12192  -0.07122   0.15117   0.00000  -0.47437
  11        2PZ         0.32461   0.05878  -0.22278   0.00001   0.28165
  12 4   H  1S         -0.15424  -0.00956   0.10538   0.00000   0.29404
                           6         7         8         9        10
   6        2PZ         0.86729
   7 3   N  1S         -0.01505   2.09416
   8        2S         -0.01065  -0.38202   1.68325
   9        2PX         0.00000   0.00000   0.00000   0.80195
  10        2PY         0.14151   0.02241  -0.11545   0.00000   0.61742
  11        2PZ        -0.10101  -0.11271   0.62334   0.00000  -0.05624
  12 4   H  1S          0.11306  -0.05263   0.07007   0.00000  -0.43218
                          11        12
  11        2PZ         1.46406
  12 4   H  1S         -0.49531   0.57395
    Full Mulliken population analysis:
                           1         2         3         4         5
   1 1   H  1S          0.63097
   2 2   N  1S         -0.00188   2.09847
   3        2S         -0.00083  -0.09556   1.81605
   4        2PX         0.00000   0.00000   0.00000   0.85757
   5        2PY         0.00000   0.00000   0.00000   0.00000   0.99685
   6        2PZ         0.28699   0.00000   0.00000   0.00000   0.00000
   7 3   N  1S         -0.00004   0.00000   0.00074   0.00000  -0.00545
   8        2S          0.00881   0.00076  -0.11703   0.00000   0.11468
   9        2PX         0.00000   0.00000   0.00000   0.17024   0.00000
  10        2PY        -0.01015  -0.00371   0.05352   0.00000   0.12122
  11        2PZ        -0.03538  -0.00121   0.03105   0.00000   0.05110
  12 4   H  1S         -0.01112  -0.00005   0.00919   0.00000  -0.03104
                           6         7         8         9        10
   6        2PZ         0.86729
   7 3   N  1S         -0.00031   2.09416
   8        2S         -0.00148  -0.08979   1.68325
   9        2PX         0.00000   0.00000   0.00000   0.80195
  10        2PY         0.02567   0.00000   0.00000   0.00000   0.61742
  11        2PZ        -0.01352   0.00000   0.00000   0.00000   0.00000
  12 4   H  1S         -0.00051  -0.00274   0.03257   0.00000   0.15640
                          11        12
  11        2PZ         1.46406
  12 4   H  1S          0.10786   0.57395
     Gross orbital populations:
                           1
   1 1   H  1S          0.86736
   2 2   N  1S          1.99681
   3        2S          1.69713
   4        2PX         1.02781
   5        2PY         1.24736
   6        2PZ         1.16413
   7 3   N  1S          1.99657
   8        2S          1.63177
   9        2PX         0.97219
  10        2PY         0.96038
  11        2PZ         1.60397
  12 4   H  1S          0.83451
          Condensed to atoms (all electrons):
               1          2          3          4
     1  H    0.630969   0.284274  -0.036757  -0.011125
     2  N    0.284274   6.445099   0.426277  -0.022400
     3  N   -0.036757   0.426277   6.481263   0.294092
     4  H   -0.011125  -0.022400   0.294092   0.573946
 Mulliken charges:
               1
     1  H    0.132639
     2  N   -0.133251
     3  N   -0.164875
     4  H    0.165487
 Sum of Mulliken charges =   0.00000
 Mulliken charges with hydrogens summed into heavy atoms:
               1
     2  N   -0.000612
     3  N    0.000612
 Electronic spatial extent (au):  <R**2>=             58.7536
 Charge=              0.0000 electrons
 Dipole moment (field-independent basis, Debye):
    X=              0.0000    Y=             -1.4481    Z=             -2.5418  Tot=              2.9253
 Quadrupole moment (field-independent basis, Debye-Ang):
   XX=            -10.7531   YY=            -10.9259   ZZ=            -10.8895
   XY=              0.0000   XZ=              0.0000   YZ=              0.4734
 Traceless Quadrupole moment (field-independent basis, Debye-Ang):
   XX=              0.1031   YY=             -0.0698   ZZ=             -0.0333
   XY=              0.0000   XZ=              0.0000   YZ=              0.4734
 Octapole moment (field-independent basis, Debye-Ang**2):
  XXX=              0.0000  YYY=             -3.6870  ZZZ=             -1.1014  XYY=              0.0000
  XXY=              0.1520  XXZ=              0.4154  XZZ=              0.0000  YZZ=              1.4158
  YYZ=             -1.1247  XYZ=              0.0000
 Hexadecapole moment (field-independent basis, Debye-Ang**3):
 XXXX=             -6.8424 YYYY=            -34.8901 ZZZZ=            -16.0397 XXXY=              0.0000
 XXXZ=              0.0000 YYYX=              0.0000 YYYZ=              5.7899 ZZZX=              0.0000
 ZZZY=              4.4910 XXYY=             -7.3834 XXZZ=             -4.1148 YYZZ=             -9.1102
 XXYZ=              1.5534 YYXZ=              0.0000 ZZXY=              0.0000
 N-N= 3.160366398570D+01 E-N=-3.179320055944D+02  KE= 1.074825212205D+02
 Orbital energies and kinetic energies (alpha):
                                 1                 2
   1         O               -15.422069         21.715276
   2         O               -15.403895         21.714260
   3         O                -1.288291          1.867526
   4         O                -0.871897          1.766463
   5         O                -0.675594          1.251985
   6         O                -0.488330          1.807548
   7         O                -0.443399          1.648758
   8         O                -0.318786          1.969444
   9         V                 0.249512          2.279484
  10         V                 0.511349          2.281144
  11         V                 0.631187          2.878362
  12         V                 0.902091          3.776985
 Total kinetic energy from orbitals= 1.074825212205D+02
 No NMR shielding tensors so no spin-rotation constants.
 Leave Link  601 at Wed Jul 29 22:49:16 2026, MaxMem=   536870912 cpu:               1.0 elap:               0.2
 (Enter C:\G16W\l9999.exe)
 Unable to Open any file for archive entry.
 1|1|UNPC-LAPTOP-34RRSFDS|SP|RHF|STO-3G|H2N2|THINK|29-Jul-2026|0||#p RH
 F/STO-3G SCF=(Tight,XQC,MaxCycle=512) NoSymm Pop=Full||Diazene ip_127p
 473 | in_plane 127.473 deg||0,1|H,0,0.,0.61339,-1.24223|N,0,0.,0.61339
 ,-0.17528|N,0,0.,-0.55235,0.28364|H,0,0.00001,-1.46143,-0.2634||Versio
 n=EM64W-G16RevC.01|HF=-108.5333406|RMSD=6.015e-009|Dipole=0.0000066,-0
 .5697179,-1.0000155|Quadrupole=0.076632,-0.0518712,-0.0247609,-0.00000
 79,0.0000016,0.3519697|PG=C01 [X(H2N2)]||@
 The archive entry for this job was punched.


 MODELS ARE TO BE USED, NOT BELIEVED.

    -- PARAPHRASED BY H. THIEL IN "PRINCIPLES OF ECONOMETRICS"
 Job cpu time:       0 days  0 hours  0 minutes  3.0 seconds.
 Elapsed time:       0 days  0 hours  0 minutes  2.2 seconds.
 File lengths (MBytes):  RWF=      6 Int=      0 D2E=      0 Chk=      1 Scr=      1
 Normal termination of Gaussian 16 at Wed Jul 29 22:49:16 2026.
