 Entering Link 1 = C:\G16W\l1.exe PID=     66440.
  
 Copyright (c) 1988-2019, Gaussian, Inc.  All Rights Reserved.
  
 This is part of the Gaussian(R) 16 program.  It is based on
 the Gaussian(R) 09 system (copyright 2009, Gaussian, Inc.),
 the Gaussian(R) 03 system (copyright 2003, Gaussian, Inc.),
 the Gaussian(R) 98 system (copyright 1998, Gaussian, Inc.),
 the Gaussian(R) 94 system (copyright 1995, Gaussian, Inc.),
 the Gaussian 92(TM) system (copyright 1992, Gaussian, Inc.),
 the Gaussian 90(TM) system (copyright 1990, Gaussian, Inc.),
 the Gaussian 88(TM) system (copyright 1988, Gaussian, Inc.),
 the Gaussian 86(TM) system (copyright 1986, Carnegie Mellon
 University), and the Gaussian 82(TM) system (copyright 1983,
 Carnegie Mellon University). Gaussian is a federally registered
 trademark of Gaussian, Inc.
  
 This software contains proprietary and confidential information,
 including trade secrets, belonging to Gaussian, Inc.
  
 This software is provided under written license and may be
 used, copied, transmitted, or stored only in accord with that
 written license.
  
 The following legend is applicable only to US Government
 contracts under FAR:
  
                    RESTRICTED RIGHTS LEGEND
  
 Use, reproduction and disclosure by the US Government is
 subject to restrictions as set forth in subparagraphs (a)
 and (c) of the Commercial Computer Software - Restricted
 Rights clause in FAR 52.227-19.
  
 Gaussian, Inc.
 340 Quinnipiac St., Bldg. 40, Wallingford CT 06492
  
  
 ---------------------------------------------------------------
 Warning -- This program may not be used in any manner that
 competes with the business of Gaussian, Inc. or will provide
 assistance to any competitor of Gaussian, Inc.  The licensee
 of this program is prohibited from giving any competitor of
 Gaussian, Inc. access to this program.  By using this program,
 the user acknowledges that Gaussian, Inc. is engaged in the
 business of creating and licensing software in the field of
 computational chemistry and represents and warrants to the
 licensee that it is not a competitor of Gaussian, Inc. and that
 it will not use this program in any manner prohibited above.
 ---------------------------------------------------------------
  

 Cite this work as:
 Gaussian 16, Revision C.01,
 M. J. Frisch, G. W. Trucks, H. B. Schlegel, G. E. Scuseria, 
 M. A. Robb, J. R. Cheeseman, G. Scalmani, V. Barone, 
 G. A. Petersson, H. Nakatsuji, X. Li, M. Caricato, A. V. Marenich, 
 J. Bloino, B. G. Janesko, R. Gomperts, B. Mennucci, H. P. Hratchian, 
 J. V. Ortiz, A. F. Izmaylov, J. L. Sonnenberg, D. Williams-Young, 
 F. Ding, F. Lipparini, F. Egidi, J. Goings, B. Peng, A. Petrone, 
 T. Henderson, D. Ranasinghe, V. G. Zakrzewski, J. Gao, N. Rega, 
 G. Zheng, W. Liang, M. Hada, M. Ehara, K. Toyota, R. Fukuda, 
 J. Hasegawa, M. Ishida, T. Nakajima, Y. Honda, O. Kitao, H. Nakai, 
 T. Vreven, K. Throssell, J. A. Montgomery, Jr., J. E. Peralta, 
 F. Ogliaro, M. J. Bearpark, J. J. Heyd, E. N. Brothers, K. N. Kudin, 
 V. N. Staroverov, T. A. Keith, R. Kobayashi, J. Normand, 
 K. Raghavachari, A. P. Rendell, J. C. Burant, S. S. Iyengar, 
 J. Tomasi, M. Cossi, J. M. Millam, M. Klene, C. Adamo, R. Cammi, 
 J. W. Ochterski, R. L. Martin, K. Morokuma, O. Farkas, 
 J. B. Foresman, and D. J. Fox, Gaussian, Inc., Wallingford CT, 2019.
 
 ******************************************
 Gaussian 16:  EM64W-G16RevC.01 30-May-2019
                29-Jul-2026 
 ******************************************
 %chk=ip_146p210.chk
 %mem=4GB
 %nprocshared=8
 Will use up to    8 processors via shared memory.
 ----------------------------------------------------------
 #p RHF/STO-3G SCF=(Tight,XQC,MaxCycle=512) NoSymm Pop=Full
 ----------------------------------------------------------
 1/38=1,172=1/1;
 2/12=2,15=1,17=6,18=5,40=1/2;
 3/6=3,11=1,25=1,30=1,116=1/1,2,3;
 4//1;
 5/5=2,7=512,8=3,13=1,32=2,38=5/2,8;
 6/7=3,28=1/1;
 99/5=1,9=1/99;
 Leave Link    1 at Wed Jul 29 22:49:16 2026, MaxMem=   536870912 cpu:               0.0 elap:               0.2
 (Enter C:\G16W\l101.exe)
 -----------------------------------------
 Diazene ip_146p210 | in_plane 146.210 deg
 -----------------------------------------
 Symbolic Z-matrix:
 Charge =  0 Multiplicity = 1
 H                     0.        0.61423  -1.26614 
 N                     0.        0.61423  -0.18644 
 N                     0.       -0.54592   0.27365 
 H                     0.00001  -1.56334   0.05447 
 
 ITRead=  0  0  0  0
 MicOpt= -1 -1 -1 -1
 NAtoms=      4 NQM=        4 NQMF=       0 NMMI=      0 NMMIF=      0
                NMic=       0 NMicF=      0.
                    Isotopes and Nuclear Properties:
 (Nuclear quadrupole moments (NQMom) in fm**2, nuclear magnetic moments (NMagM)
  in nuclear magnetons)

  Atom         1           2           3           4
 IAtWgt=           1          14          14           1
 AtmWgt=   1.0078250  14.0030740  14.0030740   1.0078250
 NucSpn=           1           2           2           1
 AtZEff=   0.0000000   0.0000000   0.0000000   0.0000000
 NQMom=    0.0000000   2.0440000   2.0440000   0.0000000
 NMagM=    2.7928460   0.4037610   0.4037610   2.7928460
 AtZNuc=   1.0000000   7.0000000   7.0000000   1.0000000
 Leave Link  101 at Wed Jul 29 22:49:16 2026, MaxMem=   536870912 cpu:               0.0 elap:               0.2
 (Enter C:\G16W\l202.exe)
                          Input orientation:                          
 ---------------------------------------------------------------------
 Center     Atomic      Atomic             Coordinates (Angstroms)
 Number     Number       Type             X           Y           Z
 ---------------------------------------------------------------------
      1          1           0        0.000000    0.614230   -1.266140
      2          7           0        0.000000    0.614230   -0.186440
      3          7           0        0.000000   -0.545920    0.273650
      4          1           0        0.000010   -1.563340    0.054470
 ---------------------------------------------------------------------
                    Distance matrix (angstroms):
                    1          2          3          4
     1  H    0.000000
     2  N    1.079700   0.000000
     3  N    1.927927   1.248051   0.000000
     4  H    2.546728   2.190856   1.040761   0.000000
 Symmetry turned off by external request.
 Stoichiometry    H2N2
 Framework group  C1[X(H2N2)]
 Deg. of freedom     6
 Full point group                 C1      NOp   1
 Rotational constants (GHZ):         399.4053618          35.6190793          32.7026482
 Leave Link  202 at Wed Jul 29 22:49:16 2026, MaxMem=   536870912 cpu:               0.0 elap:               0.1
 (Enter C:\G16W\l301.exe)
 Standard basis: STO-3G (5D, 7F)
 Ernie: Thresh=  0.10000D-02 Tol=  0.10000D-05 Strict=F.
    12 basis functions,    36 primitive gaussians,    12 cartesian basis functions
     8 alpha electrons        8 beta electrons
       nuclear repulsion energy        31.5860349053 Hartrees.
 IExCor=    0 DFT=F Ex=HF Corr=None ExCW=0 ScaHFX=  1.000000
 ScaDFX=  1.000000  1.000000  1.000000  1.000000 ScalE2=  1.000000  1.000000
 IRadAn=      5 IRanWt=     -1 IRanGd=            0 ICorTp=0 IEmpDi=  4
 NAtoms=    4 NActive=    4 NUniq=    4 SFac= 1.00D+00 NAtFMM=   60 NAOKFM=F Big=F
 Integral buffers will be    131072 words long.
 Raffenetti 1 integral format.
 Two-electron integral symmetry is turned off.
 Leave Link  301 at Wed Jul 29 22:49:17 2026, MaxMem=   536870912 cpu:               1.0 elap:               0.1
 (Enter C:\G16W\l302.exe)
 NPDir=0 NMtPBC=     1 NCelOv=     1 NCel=       1 NClECP=     1 NCelD=      1
         NCelK=      1 NCelE2=     1 NClLst=     1 CellRange=     0.0.
 One-electron integrals computed using PRISM.
 NBasis=    12 RedAO= T EigKep=  2.51D-01  NBF=    12
 NBsUse=    12 1.00D-06 EigRej= -1.00D+00 NBFU=    12
 Leave Link  302 at Wed Jul 29 22:49:17 2026, MaxMem=   536870912 cpu:               0.0 elap:               0.2
 (Enter C:\G16W\l303.exe)
 DipDrv:  MaxL=1.
 Leave Link  303 at Wed Jul 29 22:49:17 2026, MaxMem=   536870912 cpu:               0.0 elap:               0.2
 (Enter C:\G16W\l401.exe)
 ExpMin= 1.69D-01 ExpMax= 9.91D+01 ExpMxC= 9.91D+01 IAcc=3 IRadAn=         5 AccDes= 0.00D+00
 Harris functional with IExCor=  205 and IRadAn=       5 diagonalized for initial guess.
 HarFok:  IExCor=  205 AccDes= 0.00D+00 IRadAn=         5 IDoV= 1 UseB2=F ITyADJ=14
 ICtDFT=  3500011 ScaDFX=  1.000000  1.000000  1.000000  1.000000
 FoFCou: FMM=F IPFlag=           0 FMFlag=      100000 FMFlg1=           0
         NFxFlg=           0 DoJE=T BraDBF=F KetDBF=T FulRan=T
         wScrn=  0.000000 ICntrl=       500 IOpCl=  0 I1Cent=   200000004 NGrid=           0
         NMat0=    1 NMatS0=      1 NMatT0=    0 NMatD0=    1 NMtDS0=    0 NMtDT0=    0
 Symmetry not used in FoFCou.
 Harris En= -108.555175328929    
 JPrj=0 DoOrth=F DoCkMO=F.
 Leave Link  401 at Wed Jul 29 22:49:17 2026, MaxMem=   536870912 cpu:               0.0 elap:               0.3
 (Enter C:\G16W\l502.exe)
 Keep R1 ints in memory in canonical form, NReq=1608196.
 FoFCou: FMM=F IPFlag=           0 FMFlag=           0 FMFlg1=           0
         NFxFlg=           0 DoJE=F BraDBF=F KetDBF=F FulRan=T
         wScrn=  0.000000 ICntrl=       600 IOpCl=  0 I1Cent=           0 NGrid=           0
         NMat0=    1 NMatS0=     78 NMatT0=    0 NMatD0=    1 NMtDS0=    0 NMtDT0=    0
 Symmetry not used in FoFCou.
 Two-electron integral symmetry not used.
 Closed shell SCF:
 Using DIIS extrapolation, IDIIS=  1040.
 NGot=   536870912 LenX=   536866319 LenY=   536865437
 Requested convergence on RMS density matrix=1.00D-08 within 128 cycles.
 Requested convergence on MAX density matrix=1.00D-06.
 Requested convergence on             energy=1.00D-06.
 No special actions if energy rises.

 Cycle   1  Pass 1  IDiag  1:
 E= -108.484833029771    
 DIIS: error= 3.22D-02 at cycle   1 NSaved=   1.
 NSaved= 1 IEnMin= 1 EnMin= -108.484833029771     IErMin= 1 ErrMin= 3.22D-02
 ErrMax= 3.22D-02  0.00D+00 EMaxC= 1.00D-01 BMatC= 1.68D-02 BMatP= 1.68D-02
 IDIUse=3 WtCom= 6.78D-01 WtEn= 3.22D-01
 Coeff-Com:  0.100D+01
 Coeff-En:   0.100D+01
 Coeff:      0.100D+01
 Gap=     0.545 Goal=   None    Shift=    0.000
 GapD=    0.545 DampG=2.000 DampE=0.500 DampFc=1.0000 IDamp=-1.
 RMSDP=1.15D-02 MaxDP=5.40D-02              OVMax= 0.00D+00

 Cycle   2  Pass 1  IDiag  1:
 E= -108.498568697038     Delta-E=       -0.013735667268 Rises=F Damp=F
 DIIS: error= 6.01D-03 at cycle   2 NSaved=   2.
 NSaved= 2 IEnMin= 2 EnMin= -108.498568697038     IErMin= 2 ErrMin= 6.01D-03
 ErrMax= 6.01D-03  0.00D+00 EMaxC= 1.00D-01 BMatC= 4.47D-04 BMatP= 1.68D-02
 IDIUse=3 WtCom= 9.40D-01 WtEn= 6.01D-02
 Coeff-Com: -0.274D-01 0.103D+01
 Coeff-En:   0.000D+00 0.100D+01
 Coeff:     -0.257D-01 0.103D+01
 Gap=     0.546 Goal=   None    Shift=    0.000
 RMSDP=2.92D-03 MaxDP=1.15D-02 DE=-1.37D-02 OVMax= 0.00D+00

 Cycle   3  Pass 1  IDiag  1:
 E= -108.499066521370     Delta-E=       -0.000497824331 Rises=F Damp=F
 DIIS: error= 3.70D-03 at cycle   3 NSaved=   3.
 NSaved= 3 IEnMin= 3 EnMin= -108.499066521370     IErMin= 3 ErrMin= 3.70D-03
 ErrMax= 3.70D-03  0.00D+00 EMaxC= 1.00D-01 BMatC= 8.33D-05 BMatP= 4.47D-04
 IDIUse=3 WtCom= 9.63D-01 WtEn= 3.70D-02
 Coeff-Com: -0.262D-01 0.253D+00 0.773D+00
 Coeff-En:   0.000D+00 0.000D+00 0.100D+01
 Coeff:     -0.252D-01 0.244D+00 0.782D+00
 Gap=     0.543 Goal=   None    Shift=    0.000
 RMSDP=1.14D-03 MaxDP=8.46D-03 DE=-4.98D-04 OVMax= 0.00D+00

 Cycle   4  Pass 1  IDiag  1:
 E= -108.499212191369     Delta-E=       -0.000145669999 Rises=F Damp=F
 DIIS: error= 1.11D-03 at cycle   4 NSaved=   4.
 NSaved= 4 IEnMin= 4 EnMin= -108.499212191369     IErMin= 4 ErrMin= 1.11D-03
 ErrMax= 1.11D-03  0.00D+00 EMaxC= 1.00D-01 BMatC= 1.63D-05 BMatP= 8.33D-05
 IDIUse=3 WtCom= 9.89D-01 WtEn= 1.11D-02
 Coeff-Com:  0.129D-01-0.232D+00-0.382D-01 0.126D+01
 Coeff-En:   0.000D+00 0.000D+00 0.000D+00 0.100D+01
 Coeff:      0.127D-01-0.229D+00-0.378D-01 0.125D+01
 Gap=     0.544 Goal=   None    Shift=    0.000
 RMSDP=7.49D-04 MaxDP=2.98D-03 DE=-1.46D-04 OVMax= 0.00D+00

 Cycle   5  Pass 1  IDiag  1:
 E= -108.499247435580     Delta-E=       -0.000035244211 Rises=F Damp=F
 DIIS: error= 3.14D-04 at cycle   5 NSaved=   5.
 NSaved= 5 IEnMin= 5 EnMin= -108.499247435580     IErMin= 5 ErrMin= 3.14D-04
 ErrMax= 3.14D-04  0.00D+00 EMaxC= 1.00D-01 BMatC= 1.26D-06 BMatP= 1.63D-05
 IDIUse=3 WtCom= 9.97D-01 WtEn= 3.14D-03
 Coeff-Com: -0.517D-02 0.112D+00 0.370D-01-0.918D+00 0.177D+01
 Coeff-En:   0.000D+00 0.000D+00 0.000D+00 0.000D+00 0.100D+01
 Coeff:     -0.516D-02 0.111D+00 0.369D-01-0.915D+00 0.177D+01
 Gap=     0.544 Goal=   None    Shift=    0.000
 RMSDP=3.22D-04 MaxDP=1.46D-03 DE=-3.52D-05 OVMax= 0.00D+00

 Cycle   6  Pass 1  IDiag  1:
 E= -108.499251454067     Delta-E=       -0.000004018487 Rises=F Damp=F
 DIIS: error= 3.37D-05 at cycle   6 NSaved=   6.
 NSaved= 6 IEnMin= 6 EnMin= -108.499251454067     IErMin= 6 ErrMin= 3.37D-05
 ErrMax= 3.37D-05  0.00D+00 EMaxC= 1.00D-01 BMatC= 1.39D-08 BMatP= 1.26D-06
 IDIUse=1 WtCom= 1.00D+00 WtEn= 0.00D+00
 Coeff-Com:  0.832D-03-0.174D-01-0.243D-02 0.150D+00-0.378D+00 0.125D+01
 Coeff:      0.832D-03-0.174D-01-0.243D-02 0.150D+00-0.378D+00 0.125D+01
 Gap=     0.544 Goal=   None    Shift=    0.000
 RMSDP=3.21D-05 MaxDP=1.56D-04 DE=-4.02D-06 OVMax= 0.00D+00

 Cycle   7  Pass 1  IDiag  1:
 E= -108.499251494385     Delta-E=       -0.000000040318 Rises=F Damp=F
 DIIS: error= 7.70D-06 at cycle   7 NSaved=   7.
 NSaved= 7 IEnMin= 7 EnMin= -108.499251494385     IErMin= 7 ErrMin= 7.70D-06
 ErrMax= 7.70D-06  0.00D+00 EMaxC= 1.00D-01 BMatC= 4.82D-10 BMatP= 1.39D-08
 IDIUse=1 WtCom= 1.00D+00 WtEn= 0.00D+00
 Coeff-Com: -0.112D-03 0.236D-02-0.473D-03-0.241D-01 0.837D-01-0.488D+00
 Coeff-Com:  0.143D+01
 Coeff:     -0.112D-03 0.236D-02-0.473D-03-0.241D-01 0.837D-01-0.488D+00
 Coeff:      0.143D+01
 Gap=     0.544 Goal=   None    Shift=    0.000
 RMSDP=8.70D-06 MaxDP=3.70D-05 DE=-4.03D-08 OVMax= 0.00D+00

 Cycle   8  Pass 1  IDiag  1:
 E= -108.499251496025     Delta-E=       -0.000000001641 Rises=F Damp=F
 DIIS: error= 1.00D-06 at cycle   8 NSaved=   8.
 NSaved= 8 IEnMin= 8 EnMin= -108.499251496025     IErMin= 8 ErrMin= 1.00D-06
 ErrMax= 1.00D-06  0.00D+00 EMaxC= 1.00D-01 BMatC= 1.11D-11 BMatP= 4.82D-10
 IDIUse=1 WtCom= 1.00D+00 WtEn= 0.00D+00
 Coeff-Com:  0.344D-04-0.683D-03 0.190D-03 0.719D-02-0.271D-01 0.176D+00
 Coeff-Com: -0.602D+00 0.145D+01
 Coeff:      0.344D-04-0.683D-03 0.190D-03 0.719D-02-0.271D-01 0.176D+00
 Coeff:     -0.602D+00 0.145D+01
 Gap=     0.544 Goal=   None    Shift=    0.000
 RMSDP=1.40D-06 MaxDP=6.24D-06 DE=-1.64D-09 OVMax= 0.00D+00

 Cycle   9  Pass 1  IDiag  1:
 E= -108.499251496066     Delta-E=       -0.000000000041 Rises=F Damp=F
 DIIS: error= 1.02D-07 at cycle   9 NSaved=   9.
 NSaved= 9 IEnMin= 9 EnMin= -108.499251496066     IErMin= 9 ErrMin= 1.02D-07
 ErrMax= 1.02D-07  0.00D+00 EMaxC= 1.00D-01 BMatC= 2.54D-13 BMatP= 1.11D-11
 IDIUse=1 WtCom= 1.00D+00 WtEn= 0.00D+00
 Coeff-Com: -0.154D-04 0.305D-03-0.636D-04-0.327D-02 0.122D-01-0.792D-01
 Coeff-Com:  0.273D+00-0.712D+00 0.151D+01
 Coeff:     -0.154D-04 0.305D-03-0.636D-04-0.327D-02 0.122D-01-0.792D-01
 Coeff:      0.273D+00-0.712D+00 0.151D+01
 Gap=     0.544 Goal=   None    Shift=    0.000
 RMSDP=1.81D-07 MaxDP=9.04D-07 DE=-4.08D-11 OVMax= 0.00D+00

 Cycle  10  Pass 1  IDiag  1:
 E= -108.499251496067     Delta-E=       -0.000000000001 Rises=F Damp=F
 DIIS: error= 1.48D-08 at cycle  10 NSaved=  10.
 NSaved=10 IEnMin=10 EnMin= -108.499251496067     IErMin=10 ErrMin= 1.48D-08
 ErrMax= 1.48D-08  0.00D+00 EMaxC= 1.00D-01 BMatC= 3.92D-15 BMatP= 2.54D-13
 IDIUse=1 WtCom= 1.00D+00 WtEn= 0.00D+00
 Coeff-Com:  0.499D-05-0.979D-04 0.188D-04 0.104D-02-0.382D-02 0.246D-01
 Coeff-Com: -0.850D-01 0.224D+00-0.536D+00 0.137D+01
 Coeff:      0.499D-05-0.979D-04 0.188D-04 0.104D-02-0.382D-02 0.246D-01
 Coeff:     -0.850D-01 0.224D+00-0.536D+00 0.137D+01
 Gap=     0.544 Goal=   None    Shift=    0.000
 RMSDP=1.88D-08 MaxDP=8.13D-08 DE=-6.25D-13 OVMax= 0.00D+00

 Cycle  11  Pass 1  IDiag  1:
 E= -108.499251496067     Delta-E=        0.000000000000 Rises=F Damp=F
 DIIS: error= 1.89D-09 at cycle  11 NSaved=  11.
 NSaved=11 IEnMin=11 EnMin= -108.499251496067     IErMin=11 ErrMin= 1.89D-09
 ErrMax= 1.89D-09  0.00D+00 EMaxC= 1.00D-01 BMatC= 5.08D-17 BMatP= 3.92D-15
 IDIUse=1 WtCom= 1.00D+00 WtEn= 0.00D+00
 Coeff-Com: -0.327D-06 0.620D-05-0.750D-06-0.639D-04 0.226D-03-0.141D-02
 Coeff-Com:  0.488D-02-0.130D-01 0.358D-01-0.189D+00 0.116D+01
 Coeff:     -0.327D-06 0.620D-05-0.750D-06-0.639D-04 0.226D-03-0.141D-02
 Coeff:      0.488D-02-0.130D-01 0.358D-01-0.189D+00 0.116D+01
 Gap=     0.544 Goal=   None    Shift=    0.000
 RMSDP=1.81D-09 MaxDP=6.55D-09 DE=-2.84D-13 OVMax= 0.00D+00

 SCF Done:  E(RHF) =  -108.499251496     A.U. after   11 cycles
            NFock= 11  Conv=0.18D-08     -V/T= 2.0093
 KE= 1.074954786839D+02 PE=-3.180291604352D+02 EE= 7.044839534991D+01
 Leave Link  502 at Wed Jul 29 22:49:18 2026, MaxMem=   536870912 cpu:               1.0 elap:               0.4
 (Enter C:\G16W\l508.exe)
 QCSCF skips out because SCF is already converged.
 Leave Link  508 at Wed Jul 29 22:49:18 2026, MaxMem=   536870912 cpu:               0.0 elap:               0.1
 (Enter C:\G16W\l601.exe)
 Copying SCF densities to generalized density rwf, IOpCl= 0 IROHF=0.

 **********************************************************************

            Population analysis using the SCF Density.

 **********************************************************************

 Alpha  occ. eigenvalues --  -15.42100 -15.37544  -1.26881  -0.87539  -0.66739
 Alpha  occ. eigenvalues --   -0.49234  -0.43487  -0.28321
 Alpha virt. eigenvalues --    0.26087   0.50453   0.59746   0.97645
     Molecular Orbital Coefficients:
                           1         2         3         4         5
                           O         O         O         O         O
     Eigenvalues --   -15.42100 -15.37544  -1.26881  -0.87539  -0.66739
   1 1   H  1S         -0.00630  -0.00030   0.07309  -0.19749  -0.36270
   2 2   N  1S          0.99389   0.00063  -0.17131   0.13657   0.01403
   3        2S          0.02846  -0.00629   0.53928  -0.52182  -0.07604
   4        2PX         0.00000   0.00000   0.00000   0.00000   0.00000
   5        2PY        -0.00565   0.00422  -0.17804  -0.07323  -0.20324
   6        2PZ        -0.00193  -0.00140  -0.00586   0.13568   0.44071
   7 3   N  1S          0.00019   0.99380  -0.16671  -0.14890  -0.02698
   8        2S         -0.00680   0.02876   0.51029   0.56823   0.10830
   9        2PX         0.00000   0.00000   0.00000   0.00000   0.00000
  10        2PY        -0.00445   0.00114   0.11692  -0.26595   0.43428
  11        2PZ         0.00199  -0.00354  -0.11315   0.00287   0.12578
  12 4   H  1S         -0.00011  -0.00621   0.07431   0.29602  -0.27734
                           6         7         8         9        10
                           O         O         O         V         V
     Eigenvalues --    -0.49234  -0.43487  -0.28321   0.26087   0.50453
   1 1   H  1S         -0.04893   0.00000   0.39104   0.00000   0.35037
   2 2   N  1S         -0.08470   0.00000   0.07995   0.00000  -0.01354
   3        2S          0.42112   0.00000  -0.41877   0.00000   0.05907
   4        2PX         0.00000   0.66417   0.00001  -0.77704   0.00000
   5        2PY         0.56858   0.00000  -0.25660   0.00000  -0.48184
   6        2PZ         0.27787   0.00000  -0.37066   0.00000   0.33538
   7 3   N  1S         -0.01468   0.00000  -0.07341   0.00000   0.14928
   8        2S          0.08152   0.00000   0.37931  -0.00001  -0.99105
   9        2PX         0.00000   0.62247   0.00000   0.81083  -0.00001
  10        2PY        -0.15880   0.00000   0.13004   0.00001   0.34202
  11        2PZ         0.55465   0.00000   0.71242   0.00001   0.34447
  12 4   H  1S          0.09754   0.00000  -0.26470   0.00001   1.03775
                          11        12
                           V         V
     Eigenvalues --     0.59746   0.97645
   1 1   H  1S          1.07195  -0.12579
   2 2   N  1S          0.12018   0.09263
   3        2S         -0.79245  -0.69856
   4        2PX         0.00000   0.00000
   5        2PY         0.30350   0.82818
   6        2PZ         0.78728  -0.48953
   7 3   N  1S         -0.05257  -0.05838
   8        2S          0.34444   0.43267
   9        2PX         0.00000   0.00000
  10        2PY         0.05685   1.18343
  11        2PZ        -0.34287  -0.21119
  12 4   H  1S         -0.24367   0.57994
     Density Matrix:
                           1         2         3         4         5
   1 1   H  1S          0.66248
   2 2   N  1S         -0.03088   2.09916
   3        2S         -0.02898  -0.41116   1.84492
   4        2PX         0.00000   0.00000   0.00000   0.88224
   5        2PY        -0.10593  -0.11327   0.60874   0.00000   0.93510
   6        2PZ        -0.69118  -0.05874   0.32944   0.00000   0.30929
   7 3   N  1S         -0.00256   0.00806   0.01634   0.00000   0.12151
   8        2S          0.06034   0.01677  -0.30891   0.00000  -0.41060
   9        2PX         0.00000   0.00000   0.00000   0.82684   0.00000
  10        2PY        -0.07559  -0.06166   0.09468   0.00000  -0.42646
  11        2PZ         0.39396   0.06700  -0.27355   0.00001   0.25380
  12 4   H  1S         -0.12144  -0.01145   0.11731   0.00000   0.28963
                           6         7         8         9        10
   6        2PZ         0.85454
   7 3   N  1S         -0.01876   2.08787
   8        2S          0.00774  -0.34614   1.49281
   9        2PX         0.00000   0.00000   0.00000   0.77493
  10        2PY         0.12460   0.00462  -0.01597   0.00000   0.63029
  11        2PZ        -0.10692  -0.09784   0.54568   0.00000   0.09037
  12 4   H  1S          0.08546  -0.07432   0.16694   0.00000  -0.48080
                          11        12
  11        2PZ         1.68767
  12 4   H  1S         -0.35380   0.49937
    Full Mulliken population analysis:
                           1         2         3         4         5
   1 1   H  1S          0.66248
   2 2   N  1S         -0.00154   2.09916
   3        2S         -0.01314  -0.09664   1.84492
   4        2PX         0.00000   0.00000   0.00000   0.88224
   5        2PY         0.00000   0.00000   0.00000   0.00000   0.93510
   6        2PZ         0.28717   0.00000   0.00000   0.00000   0.00000
   7 3   N  1S         -0.00002   0.00000   0.00056   0.00000  -0.00640
   8        2S          0.00699   0.00057  -0.11034   0.00000   0.14598
   9        2PX         0.00000   0.00000   0.00000   0.17142   0.00000
  10        2PY        -0.00616  -0.00325   0.03366   0.00000   0.10858
  11        2PZ        -0.04262  -0.00140   0.03857   0.00000   0.04649
  12 4   H  1S         -0.00551  -0.00004   0.00817   0.00000  -0.02492
                           6         7         8         9        10
   6        2PZ         0.85454
   7 3   N  1S         -0.00039   2.08787
   8        2S          0.00109  -0.08136   1.49281
   9        2PX         0.00000   0.00000   0.00000   0.77493
  10        2PY         0.02283   0.00000   0.00000   0.00000   0.63029
  11        2PZ        -0.01440   0.00000   0.00000   0.00000   0.00000
  12 4   H  1S          0.00081  -0.00406   0.07965   0.00000   0.20194
                          11        12
  11        2PZ         1.68767
  12 4   H  1S          0.03201   0.49937
     Gross orbital populations:
                           1
   1 1   H  1S          0.88766
   2 2   N  1S          1.99687
   3        2S          1.70575
   4        2PX         1.05365
   5        2PY         1.20483
   6        2PZ         1.15166
   7 3   N  1S          1.99620
   8        2S          1.53539
   9        2PX         0.94635
  10        2PY         0.98789
  11        2PZ         1.74633
  12 4   H  1S          0.78743
          Condensed to atoms (all electrons):
               1          2          3          4
     1  H    0.662478   0.272493  -0.041806  -0.005506
     2  N    0.272493   6.422687   0.433561  -0.015982
     3  N   -0.041806   0.433561   6.510852   0.309544
     4  H   -0.005506  -0.015982   0.309544   0.499373
 Mulliken charges:
               1
     1  H    0.112340
     2  N   -0.112760
     3  N   -0.212152
     4  H    0.212571
 Sum of Mulliken charges =   0.00000
 Mulliken charges with hydrogens summed into heavy atoms:
               1
     2  N   -0.000420
     3  N    0.000420
 Electronic spatial extent (au):  <R**2>=             58.9779
 Charge=              0.0000 electrons
 Dipole moment (field-independent basis, Debye):
    X=              0.0000    Y=             -1.9892    Z=             -2.1095  Tot=              2.8995
 Quadrupole moment (field-independent basis, Debye-Ang):
   XX=            -10.7224   YY=             -9.7992   ZZ=            -11.1480
   XY=              0.0000   XZ=              0.0000   YZ=             -0.0989
 Traceless Quadrupole moment (field-independent basis, Debye-Ang):
   XX=             -0.1659   YY=              0.7574   ZZ=             -0.5915
   XY=              0.0000   XZ=              0.0000   YZ=             -0.0989
 Octapole moment (field-independent basis, Debye-Ang**2):
  XXX=              0.0000  YYY=             -5.7993  ZZZ=             -1.1325  XYY=              0.0000
  XXY=              0.0509  XXZ=              0.3718  XZZ=              0.0000  YZZ=              1.3661
  YYZ=             -0.1612  XYZ=              0.0000
 Hexadecapole moment (field-independent basis, Debye-Ang**3):
 XXXX=             -6.8199 YYYY=            -31.4392 ZZZZ=            -16.4710 XXXY=              0.0000
 XXXZ=              0.0000 YYYX=              0.0000 YYYZ=              5.3231 ZZZX=              0.0000
 ZZZY=              5.4323 XXYY=             -7.4161 XXZZ=             -4.1439 YYZZ=             -9.3543
 XXYZ=              1.8626 YYXZ=              0.0000 ZZXY=              0.0000
 N-N= 3.158603490532D+01 E-N=-3.180291604274D+02  KE= 1.074954786839D+02
 Orbital energies and kinetic energies (alpha):
                                 1                 2
   1         O               -15.420999         21.716600
   2         O               -15.375437         21.712413
   3         O                -1.268809          1.880895
   4         O                -0.875391          1.710460
   5         O                -0.667391          1.281658
   6         O                -0.492340          1.780326
   7         O                -0.434868          1.647781
   8         O                -0.283211          2.017607
   9         V                 0.260869          2.282759
  10         V                 0.504530          2.513553
  11         V                 0.597459          2.632031
  12         V                 0.976450          3.839866
 Total kinetic energy from orbitals= 1.074954786839D+02
 No NMR shielding tensors so no spin-rotation constants.
 Leave Link  601 at Wed Jul 29 22:49:18 2026, MaxMem=   536870912 cpu:               0.0 elap:               0.2
 (Enter C:\G16W\l9999.exe)
 Unable to Open any file for archive entry.
 1|1|UNPC-LAPTOP-34RRSFDS|SP|RHF|STO-3G|H2N2|THINK|29-Jul-2026|0||#p RH
 F/STO-3G SCF=(Tight,XQC,MaxCycle=512) NoSymm Pop=Full||Diazene ip_146p
 210 | in_plane 146.210 deg||0,1|H,0,0.,0.61423,-1.26614|N,0,0.,0.61423
 ,-0.18644|N,0,0.,-0.54592,0.27365|H,0,0.00001,-1.56334,0.05447||Versio
 n=EM64W-G16RevC.01|HF=-108.4992515|RMSD=1.812e-009|Dipole=0.0000077,-0
 .782619,-0.8299502|Quadrupole=-0.1233226,0.5630778,-0.4397552,-0.00001
 11,0.0000049,-0.073534|PG=C01 [X(H2N2)]||@
 The archive entry for this job was punched.


 MODELS ARE TO BE USED, NOT BELIEVED.

    -- PARAPHRASED BY H. THIEL IN "PRINCIPLES OF ECONOMETRICS"
 Job cpu time:       0 days  0 hours  0 minutes  2.0 seconds.
 Elapsed time:       0 days  0 hours  0 minutes  2.1 seconds.
 File lengths (MBytes):  RWF=      6 Int=      0 D2E=      0 Chk=      1 Scr=      1
 Normal termination of Gaussian 16 at Wed Jul 29 22:49:18 2026.
