 Entering Link 1 = C:\G16W\l1.exe PID=     40280.
  
 Copyright (c) 1988-2019, Gaussian, Inc.  All Rights Reserved.
  
 This is part of the Gaussian(R) 16 program.  It is based on
 the Gaussian(R) 09 system (copyright 2009, Gaussian, Inc.),
 the Gaussian(R) 03 system (copyright 2003, Gaussian, Inc.),
 the Gaussian(R) 98 system (copyright 1998, Gaussian, Inc.),
 the Gaussian(R) 94 system (copyright 1995, Gaussian, Inc.),
 the Gaussian 92(TM) system (copyright 1992, Gaussian, Inc.),
 the Gaussian 90(TM) system (copyright 1990, Gaussian, Inc.),
 the Gaussian 88(TM) system (copyright 1988, Gaussian, Inc.),
 the Gaussian 86(TM) system (copyright 1986, Carnegie Mellon
 University), and the Gaussian 82(TM) system (copyright 1983,
 Carnegie Mellon University). Gaussian is a federally registered
 trademark of Gaussian, Inc.
  
 This software contains proprietary and confidential information,
 including trade secrets, belonging to Gaussian, Inc.
  
 This software is provided under written license and may be
 used, copied, transmitted, or stored only in accord with that
 written license.
  
 The following legend is applicable only to US Government
 contracts under FAR:
  
                    RESTRICTED RIGHTS LEGEND
  
 Use, reproduction and disclosure by the US Government is
 subject to restrictions as set forth in subparagraphs (a)
 and (c) of the Commercial Computer Software - Restricted
 Rights clause in FAR 52.227-19.
  
 Gaussian, Inc.
 340 Quinnipiac St., Bldg. 40, Wallingford CT 06492
  
  
 ---------------------------------------------------------------
 Warning -- This program may not be used in any manner that
 competes with the business of Gaussian, Inc. or will provide
 assistance to any competitor of Gaussian, Inc.  The licensee
 of this program is prohibited from giving any competitor of
 Gaussian, Inc. access to this program.  By using this program,
 the user acknowledges that Gaussian, Inc. is engaged in the
 business of creating and licensing software in the field of
 computational chemistry and represents and warrants to the
 licensee that it is not a competitor of Gaussian, Inc. and that
 it will not use this program in any manner prohibited above.
 ---------------------------------------------------------------
  

 Cite this work as:
 Gaussian 16, Revision C.01,
 M. J. Frisch, G. W. Trucks, H. B. Schlegel, G. E. Scuseria, 
 M. A. Robb, J. R. Cheeseman, G. Scalmani, V. Barone, 
 G. A. Petersson, H. Nakatsuji, X. Li, M. Caricato, A. V. Marenich, 
 J. Bloino, B. G. Janesko, R. Gomperts, B. Mennucci, H. P. Hratchian, 
 J. V. Ortiz, A. F. Izmaylov, J. L. Sonnenberg, D. Williams-Young, 
 F. Ding, F. Lipparini, F. Egidi, J. Goings, B. Peng, A. Petrone, 
 T. Henderson, D. Ranasinghe, V. G. Zakrzewski, J. Gao, N. Rega, 
 G. Zheng, W. Liang, M. Hada, M. Ehara, K. Toyota, R. Fukuda, 
 J. Hasegawa, M. Ishida, T. Nakajima, Y. Honda, O. Kitao, H. Nakai, 
 T. Vreven, K. Throssell, J. A. Montgomery, Jr., J. E. Peralta, 
 F. Ogliaro, M. J. Bearpark, J. J. Heyd, E. N. Brothers, K. N. Kudin, 
 V. N. Staroverov, T. A. Keith, R. Kobayashi, J. Normand, 
 K. Raghavachari, A. P. Rendell, J. C. Burant, S. S. Iyengar, 
 J. Tomasi, M. Cossi, J. M. Millam, M. Klene, C. Adamo, R. Cammi, 
 J. W. Ochterski, R. L. Martin, K. Morokuma, O. Farkas, 
 J. B. Foresman, and D. J. Fox, Gaussian, Inc., Wallingford CT, 2019.
 
 ******************************************
 Gaussian 16:  EM64W-G16RevC.01 30-May-2019
                29-Jul-2026 
 ******************************************
 %chk=ip_237p578.chk
 %mem=4GB
 %nprocshared=8
 Will use up to    8 processors via shared memory.
 ----------------------------------------------------------
 #p RHF/STO-3G SCF=(Tight,XQC,MaxCycle=512) NoSymm Pop=Full
 ----------------------------------------------------------
 1/38=1,172=1/1;
 2/12=2,15=1,17=6,18=5,40=1/2;
 3/6=3,11=1,25=1,30=1,116=1/1,2,3;
 4//1;
 5/5=2,7=512,8=3,13=1,32=2,38=5/2,8;
 6/7=3,28=1/1;
 99/5=1,9=1/99;
 Leave Link    1 at Wed Jul 29 22:49:29 2026, MaxMem=   536870912 cpu:               1.0 elap:               0.2
 (Enter C:\G16W\l101.exe)
 -----------------------------------------
 Diazene ip_237p578 | in_plane 237.578 deg
 -----------------------------------------
 Symbolic Z-matrix:
 Charge =  0 Multiplicity = 1
 H                    -0.00005   0.62175  -1.20948 
 N                    -0.00005   0.62175  -0.14932 
 N                    -0.00005  -0.59932   0.15347 
 H                     0.00155  -0.93328   1.15189 
 
 ITRead=  0  0  0  0
 MicOpt= -1 -1 -1 -1
 NAtoms=      4 NQM=        4 NQMF=       0 NMMI=      0 NMMIF=      0
                NMic=       0 NMicF=      0.
                    Isotopes and Nuclear Properties:
 (Nuclear quadrupole moments (NQMom) in fm**2, nuclear magnetic moments (NMagM)
  in nuclear magnetons)

  Atom         1           2           3           4
 IAtWgt=           1          14          14           1
 AtmWgt=   1.0078250  14.0030740  14.0030740   1.0078250
 NucSpn=           1           2           2           1
 AtZEff=   0.0000000   0.0000000   0.0000000   0.0000000
 NQMom=    0.0000000   2.0440000   2.0440000   0.0000000
 NMagM=    2.7928460   0.4037610   0.4037610   2.7928460
 AtZNuc=   1.0000000   7.0000000   7.0000000   1.0000000
 Leave Link  101 at Wed Jul 29 22:49:29 2026, MaxMem=   536870912 cpu:               0.0 elap:               0.2
 (Enter C:\G16W\l202.exe)
                          Input orientation:                          
 ---------------------------------------------------------------------
 Center     Atomic      Atomic             Coordinates (Angstroms)
 Number     Number       Type             X           Y           Z
 ---------------------------------------------------------------------
      1          1           0       -0.000050    0.621750   -1.209480
      2          7           0       -0.000050    0.621750   -0.149320
      3          7           0       -0.000050   -0.599320    0.153470
      4          1           0        0.001550   -0.933280    1.151890
 ---------------------------------------------------------------------
                    Distance matrix (angstroms):
                    1          2          3          4
     1  H    0.000000
     2  N    1.060160   0.000000
     3  N    1.829930   1.258052   0.000000
     4  H    2.827400   2.027626   1.052794   0.000000
 Symmetry turned off by external request.
 Stoichiometry    H2N2
 Framework group  C1[X(H2N2)]
 Deg. of freedom     6
 Full point group                 C1      NOp   1
 Rotational constants (GHZ):         330.9667725          37.0596568          33.3278163
 Leave Link  202 at Wed Jul 29 22:49:29 2026, MaxMem=   536870912 cpu:               0.0 elap:               0.1
 (Enter C:\G16W\l301.exe)
 Standard basis: STO-3G (5D, 7F)
 Ernie: Thresh=  0.10000D-02 Tol=  0.10000D-05 Strict=F.
    12 basis functions,    36 primitive gaussians,    12 cartesian basis functions
     8 alpha electrons        8 beta electrons
       nuclear repulsion energy        31.6618100993 Hartrees.
 IExCor=    0 DFT=F Ex=HF Corr=None ExCW=0 ScaHFX=  1.000000
 ScaDFX=  1.000000  1.000000  1.000000  1.000000 ScalE2=  1.000000  1.000000
 IRadAn=      5 IRanWt=     -1 IRanGd=            0 ICorTp=0 IEmpDi=  4
 NAtoms=    4 NActive=    4 NUniq=    4 SFac= 1.00D+00 NAtFMM=   60 NAOKFM=F Big=F
 Integral buffers will be    131072 words long.
 Raffenetti 1 integral format.
 Two-electron integral symmetry is turned off.
 Leave Link  301 at Wed Jul 29 22:49:29 2026, MaxMem=   536870912 cpu:               0.0 elap:               0.1
 (Enter C:\G16W\l302.exe)
 NPDir=0 NMtPBC=     1 NCelOv=     1 NCel=       1 NClECP=     1 NCelD=      1
         NCelK=      1 NCelE2=     1 NClLst=     1 CellRange=     0.0.
 One-electron integrals computed using PRISM.
 NBasis=    12 RedAO= T EigKep=  2.49D-01  NBF=    12
 NBsUse=    12 1.00D-06 EigRej= -1.00D+00 NBFU=    12
 Leave Link  302 at Wed Jul 29 22:49:29 2026, MaxMem=   536870912 cpu:               0.0 elap:               0.2
 (Enter C:\G16W\l303.exe)
 DipDrv:  MaxL=1.
 Leave Link  303 at Wed Jul 29 22:49:30 2026, MaxMem=   536870912 cpu:               1.0 elap:               0.2
 (Enter C:\G16W\l401.exe)
 ExpMin= 1.69D-01 ExpMax= 9.91D+01 ExpMxC= 9.91D+01 IAcc=3 IRadAn=         5 AccDes= 0.00D+00
 Harris functional with IExCor=  205 and IRadAn=       5 diagonalized for initial guess.
 HarFok:  IExCor=  205 AccDes= 0.00D+00 IRadAn=         5 IDoV= 1 UseB2=F ITyADJ=14
 ICtDFT=  3500011 ScaDFX=  1.000000  1.000000  1.000000  1.000000
 FoFCou: FMM=F IPFlag=           0 FMFlag=      100000 FMFlg1=           0
         NFxFlg=           0 DoJE=T BraDBF=F KetDBF=T FulRan=T
         wScrn=  0.000000 ICntrl=       500 IOpCl=  0 I1Cent=   200000004 NGrid=           0
         NMat0=    1 NMatS0=      1 NMatT0=    0 NMatD0=    1 NMtDS0=    0 NMtDT0=    0
 Symmetry not used in FoFCou.
 Harris En= -108.584767192964    
 JPrj=0 DoOrth=F DoCkMO=F.
 Leave Link  401 at Wed Jul 29 22:49:30 2026, MaxMem=   536870912 cpu:               0.0 elap:               0.3
 (Enter C:\G16W\l502.exe)
 Keep R1 ints in memory in canonical form, NReq=1608215.
 FoFCou: FMM=F IPFlag=           0 FMFlag=           0 FMFlg1=           0
         NFxFlg=           0 DoJE=F BraDBF=F KetDBF=F FulRan=T
         wScrn=  0.000000 ICntrl=       600 IOpCl=  0 I1Cent=           0 NGrid=           0
         NMat0=    1 NMatS0=     78 NMatT0=    0 NMatD0=    1 NMtDS0=    0 NMtDT0=    0
 Symmetry not used in FoFCou.
 Two-electron integral symmetry not used.
 Closed shell SCF:
 Using DIIS extrapolation, IDIIS=  1040.
 NGot=   536870912 LenX=   536866319 LenY=   536865437
 Requested convergence on RMS density matrix=1.00D-08 within 128 cycles.
 Requested convergence on MAX density matrix=1.00D-06.
 Requested convergence on             energy=1.00D-06.
 No special actions if energy rises.

 Cycle   1  Pass 1  IDiag  1:
 E= -108.533707870114    
 DIIS: error= 3.03D-02 at cycle   1 NSaved=   1.
 NSaved= 1 IEnMin= 1 EnMin= -108.533707870114     IErMin= 1 ErrMin= 3.03D-02
 ErrMax= 3.03D-02  0.00D+00 EMaxC= 1.00D-01 BMatC= 1.35D-02 BMatP= 1.35D-02
 IDIUse=3 WtCom= 6.97D-01 WtEn= 3.03D-01
 Coeff-Com:  0.100D+01
 Coeff-En:   0.100D+01
 Coeff:      0.100D+01
 Gap=     0.565 Goal=   None    Shift=    0.000
 GapD=    0.565 DampG=2.000 DampE=0.500 DampFc=1.0000 IDamp=-1.
 RMSDP=8.61D-03 MaxDP=4.23D-02              OVMax= 0.00D+00

 Cycle   2  Pass 1  IDiag  1:
 E= -108.542857651519     Delta-E=       -0.009149781405 Rises=F Damp=F
 DIIS: error= 3.37D-03 at cycle   2 NSaved=   2.
 NSaved= 2 IEnMin= 2 EnMin= -108.542857651519     IErMin= 2 ErrMin= 3.37D-03
 ErrMax= 3.37D-03  0.00D+00 EMaxC= 1.00D-01 BMatC= 1.78D-04 BMatP= 1.35D-02
 IDIUse=3 WtCom= 9.66D-01 WtEn= 3.37D-02
 Coeff-Com: -0.715D-01 0.107D+01
 Coeff-En:   0.000D+00 0.100D+01
 Coeff:     -0.691D-01 0.107D+01
 Gap=     0.562 Goal=   None    Shift=    0.000
 RMSDP=1.63D-03 MaxDP=6.48D-03 DE=-9.15D-03 OVMax= 0.00D+00

 Cycle   3  Pass 1  IDiag  1:
 E= -108.543092558244     Delta-E=       -0.000234906725 Rises=F Damp=F
 DIIS: error= 1.43D-03 at cycle   3 NSaved=   3.
 NSaved= 3 IEnMin= 3 EnMin= -108.543092558244     IErMin= 3 ErrMin= 1.43D-03
 ErrMax= 1.43D-03  0.00D+00 EMaxC= 1.00D-01 BMatC= 1.92D-05 BMatP= 1.78D-04
 IDIUse=3 WtCom= 9.86D-01 WtEn= 1.43D-02
 Coeff-Com: -0.189D-01 0.162D+00 0.857D+00
 Coeff-En:   0.000D+00 0.000D+00 0.100D+01
 Coeff:     -0.187D-01 0.160D+00 0.859D+00
 Gap=     0.561 Goal=   None    Shift=    0.000
 RMSDP=5.50D-04 MaxDP=3.61D-03 DE=-2.35D-04 OVMax= 0.00D+00

 Cycle   4  Pass 1  IDiag  1:
 E= -108.543120835488     Delta-E=       -0.000028277244 Rises=F Damp=F
 DIIS: error= 5.05D-04 at cycle   4 NSaved=   4.
 NSaved= 4 IEnMin= 4 EnMin= -108.543120835488     IErMin= 4 ErrMin= 5.05D-04
 ErrMax= 5.05D-04  0.00D+00 EMaxC= 1.00D-01 BMatC= 4.35D-06 BMatP= 1.92D-05
 IDIUse=3 WtCom= 9.95D-01 WtEn= 5.05D-03
 Coeff-Com:  0.101D-01-0.171D+00 0.172D+00 0.989D+00
 Coeff-En:   0.000D+00 0.000D+00 0.000D+00 0.100D+01
 Coeff:      0.100D-01-0.170D+00 0.171D+00 0.989D+00
 Gap=     0.561 Goal=   None    Shift=    0.000
 RMSDP=2.67D-04 MaxDP=1.12D-03 DE=-2.83D-05 OVMax= 0.00D+00

 Cycle   5  Pass 1  IDiag  1:
 E= -108.543127154635     Delta-E=       -0.000006319147 Rises=F Damp=F
 DIIS: error= 1.30D-04 at cycle   5 NSaved=   5.
 NSaved= 5 IEnMin= 5 EnMin= -108.543127154635     IErMin= 5 ErrMin= 1.30D-04
 ErrMax= 1.30D-04  0.00D+00 EMaxC= 1.00D-01 BMatC= 2.15D-07 BMatP= 4.35D-06
 IDIUse=3 WtCom= 9.99D-01 WtEn= 1.30D-03
 Coeff-Com: -0.746D-02 0.130D+00-0.977D-01-0.960D+00 0.193D+01
 Coeff-En:   0.000D+00 0.000D+00 0.000D+00 0.000D+00 0.100D+01
 Coeff:     -0.745D-02 0.130D+00-0.976D-01-0.958D+00 0.193D+01
 Gap=     0.562 Goal=   None    Shift=    0.000
 RMSDP=1.28D-04 MaxDP=6.31D-04 DE=-6.32D-06 OVMax= 0.00D+00

 Cycle   6  Pass 1  IDiag  1:
 E= -108.543127859003     Delta-E=       -0.000000704368 Rises=F Damp=F
 DIIS: error= 2.11D-05 at cycle   6 NSaved=   6.
 NSaved= 6 IEnMin= 6 EnMin= -108.543127859003     IErMin= 6 ErrMin= 2.11D-05
 ErrMax= 2.11D-05  0.00D+00 EMaxC= 1.00D-01 BMatC= 7.84D-09 BMatP= 2.15D-07
 IDIUse=1 WtCom= 1.00D+00 WtEn= 0.00D+00
 Coeff-Com:  0.158D-02-0.282D-01 0.272D-01 0.200D+00-0.564D+00 0.136D+01
 Coeff:      0.158D-02-0.282D-01 0.272D-01 0.200D+00-0.564D+00 0.136D+01
 Gap=     0.562 Goal=   None    Shift=    0.000
 RMSDP=2.44D-05 MaxDP=1.28D-04 DE=-7.04D-07 OVMax= 0.00D+00

 Cycle   7  Pass 1  IDiag  1:
 E= -108.543127882069     Delta-E=       -0.000000023066 Rises=F Damp=F
 DIIS: error= 2.96D-06 at cycle   7 NSaved=   7.
 NSaved= 7 IEnMin= 7 EnMin= -108.543127882069     IErMin= 7 ErrMin= 2.96D-06
 ErrMax= 2.96D-06  0.00D+00 EMaxC= 1.00D-01 BMatC= 2.03D-10 BMatP= 7.84D-09
 IDIUse=1 WtCom= 1.00D+00 WtEn= 0.00D+00
 Coeff-Com: -0.359D-03 0.647D-02-0.618D-02-0.468D-01 0.151D+00-0.529D+00
 Coeff-Com:  0.142D+01
 Coeff:     -0.359D-03 0.647D-02-0.618D-02-0.468D-01 0.151D+00-0.529D+00
 Coeff:      0.142D+01
 Gap=     0.562 Goal=   None    Shift=    0.000
 RMSDP=4.33D-06 MaxDP=1.85D-05 DE=-2.31D-08 OVMax= 0.00D+00

 Cycle   8  Pass 1  IDiag  1:
 E= -108.543127882654     Delta-E=       -0.000000000585 Rises=F Damp=F
 DIIS: error= 3.76D-07 at cycle   8 NSaved=   8.
 NSaved= 8 IEnMin= 8 EnMin= -108.543127882654     IErMin= 8 ErrMin= 3.76D-07
 ErrMax= 3.76D-07  0.00D+00 EMaxC= 1.00D-01 BMatC= 2.39D-12 BMatP= 2.03D-10
 IDIUse=1 WtCom= 1.00D+00 WtEn= 0.00D+00
 Coeff-Com:  0.853D-04-0.153D-02 0.148D-02 0.110D-01-0.388D-01 0.155D+00
 Coeff-Com: -0.500D+00 0.137D+01
 Coeff:      0.853D-04-0.153D-02 0.148D-02 0.110D-01-0.388D-01 0.155D+00
 Coeff:     -0.500D+00 0.137D+01
 Gap=     0.562 Goal=   None    Shift=    0.000
 RMSDP=4.62D-07 MaxDP=2.10D-06 DE=-5.85D-10 OVMax= 0.00D+00

 Cycle   9  Pass 1  IDiag  1:
 E= -108.543127882660     Delta-E=       -0.000000000006 Rises=F Damp=F
 DIIS: error= 1.79D-08 at cycle   9 NSaved=   9.
 NSaved= 9 IEnMin= 9 EnMin= -108.543127882660     IErMin= 9 ErrMin= 1.79D-08
 ErrMax= 1.79D-08  0.00D+00 EMaxC= 1.00D-01 BMatC= 8.09D-15 BMatP= 2.39D-12
 IDIUse=1 WtCom= 1.00D+00 WtEn= 0.00D+00
 Coeff-Com: -0.882D-05 0.158D-03-0.150D-03-0.115D-02 0.417D-02-0.174D-01
 Coeff-Com:  0.572D-01-0.172D+00 0.113D+01
 Coeff:     -0.882D-05 0.158D-03-0.150D-03-0.115D-02 0.417D-02-0.174D-01
 Coeff:      0.572D-01-0.172D+00 0.113D+01
 Gap=     0.562 Goal=   None    Shift=    0.000
 RMSDP=2.13D-08 MaxDP=5.89D-08 DE=-6.37D-12 OVMax= 0.00D+00

 Cycle  10  Pass 1  IDiag  1:
 E= -108.543127882660     Delta-E=        0.000000000000 Rises=F Damp=F
 DIIS: error= 1.32D-08 at cycle  10 NSaved=  10.
 NSaved=10 IEnMin=10 EnMin= -108.543127882660     IErMin=10 ErrMin= 1.32D-08
 ErrMax= 1.32D-08  0.00D+00 EMaxC= 1.00D-01 BMatC= 1.77D-15 BMatP= 8.09D-15
 IDIUse=1 WtCom= 1.00D+00 WtEn= 0.00D+00
 Coeff-Com:  0.227D-05-0.400D-04 0.393D-04 0.290D-03-0.113D-02 0.498D-02
 Coeff-Com: -0.168D-01 0.542D-01-0.617D+00 0.158D+01
 Coeff:      0.227D-05-0.400D-04 0.393D-04 0.290D-03-0.113D-02 0.498D-02
 Coeff:     -0.168D-01 0.542D-01-0.617D+00 0.158D+01
 Gap=     0.562 Goal=   None    Shift=    0.000
 RMSDP=1.60D-08 MaxDP=5.28D-08 DE=-5.68D-14 OVMax= 0.00D+00

 Cycle  11  Pass 1  IDiag  1:
 E= -108.543127882660     Delta-E=        0.000000000000 Rises=F Damp=F
 DIIS: error= 8.35D-09 at cycle  11 NSaved=  11.
 NSaved=11 IEnMin=10 EnMin= -108.543127882660     IErMin=11 ErrMin= 8.35D-09
 ErrMax= 8.35D-09  0.00D+00 EMaxC= 1.00D-01 BMatC= 5.78D-16 BMatP= 1.77D-15
 IDIUse=1 WtCom= 1.00D+00 WtEn= 0.00D+00
 Coeff-Com: -0.149D-05 0.259D-04-0.266D-04-0.187D-03 0.792D-03-0.378D-02
 Coeff-Com:  0.131D-01-0.448D-01 0.697D+00-0.243D+01 0.277D+01
 Coeff:     -0.149D-05 0.259D-04-0.266D-04-0.187D-03 0.792D-03-0.378D-02
 Coeff:      0.131D-01-0.448D-01 0.697D+00-0.243D+01 0.277D+01
 Gap=     0.562 Goal=   None    Shift=    0.000
 RMSDP=1.91D-08 MaxDP=6.86D-08 DE= 2.84D-14 OVMax= 0.00D+00

 Cycle  12  Pass 1  IDiag  1:
 E= -108.543127882660     Delta-E=        0.000000000000 Rises=F Damp=F
 DIIS: error= 1.96D-09 at cycle  12 NSaved=  12.
 NSaved=12 IEnMin=12 EnMin= -108.543127882660     IErMin=12 ErrMin= 1.96D-09
 ErrMax= 1.96D-09  0.00D+00 EMaxC= 1.00D-01 BMatC= 4.53D-17 BMatP= 5.78D-16
 IDIUse=1 WtCom= 1.00D+00 WtEn= 0.00D+00
 Coeff-Com:  0.461D-06-0.784D-05 0.811D-05 0.571D-04-0.260D-03 0.131D-02
 Coeff-Com: -0.464D-02 0.164D-01-0.297D+00 0.114D+01-0.160D+01 0.175D+01
 Coeff:      0.461D-06-0.784D-05 0.811D-05 0.571D-04-0.260D-03 0.131D-02
 Coeff:     -0.464D-02 0.164D-01-0.297D+00 0.114D+01-0.160D+01 0.175D+01
 Gap=     0.562 Goal=   None    Shift=    0.000
 RMSDP=5.71D-09 MaxDP=2.00D-08 DE=-8.53D-14 OVMax= 0.00D+00

 SCF Done:  E(RHF) =  -108.543127883     A.U. after   12 cycles
            NFock= 12  Conv=0.57D-08     -V/T= 2.0094
 KE= 1.075332513224D+02 PE=-3.182110674865D+02 EE= 7.047287818212D+01
 Leave Link  502 at Wed Jul 29 22:49:30 2026, MaxMem=   536870912 cpu:               0.0 elap:               0.4
 (Enter C:\G16W\l508.exe)
 QCSCF skips out because SCF is already converged.
 Leave Link  508 at Wed Jul 29 22:49:30 2026, MaxMem=   536870912 cpu:               0.0 elap:               0.1
 (Enter C:\G16W\l601.exe)
 Copying SCF densities to generalized density rwf, IOpCl= 0 IROHF=0.

 **********************************************************************

            Population analysis using the SCF Density.

 **********************************************************************

 Alpha  occ. eigenvalues --  -15.40905 -15.39360  -1.28158  -0.87628  -0.60087
 Alpha  occ. eigenvalues --   -0.55862  -0.43771  -0.30833
 Alpha virt. eigenvalues --    0.25320   0.54371   0.65659   0.87148
     Molecular Orbital Coefficients:
                           1         2         3         4         5
                           O         O         O         O         O
     Eigenvalues --   -15.40905 -15.39360  -1.28158  -0.87628  -0.60087
   1 1   H  1S         -0.00659  -0.00050   0.07253  -0.23096  -0.36180
   2 2   N  1S          0.99383  -0.00009  -0.16945   0.13407   0.01153
   3        2S          0.02876  -0.00645   0.53002  -0.51813  -0.06375
   4        2PX         0.00000   0.00000   0.00000   0.00006  -0.00017
   5        2PY        -0.00572   0.00445  -0.17873  -0.07166  -0.35644
   6        2PZ        -0.00267  -0.00166  -0.00906   0.19268   0.38096
   7 3   N  1S          0.00093   0.99381  -0.16701  -0.14254   0.01426
   8        2S         -0.00672   0.02877   0.51549   0.55233  -0.07002
   9        2PX         0.00000   0.00001   0.00007   0.00025  -0.00046
  10        2PY        -0.00470   0.00448   0.16747  -0.12727   0.45905
  11        2PZ         0.00140   0.00274   0.00263   0.21683  -0.17480
  12 4   H  1S         -0.00019  -0.00648   0.06890   0.27220  -0.30016
                           6         7         8         9        10
                           O         O         O         V         V
     Eigenvalues --    -0.55862  -0.43771  -0.30833   0.25320   0.54371
   1 1   H  1S         -0.12950   0.00006   0.29085  -0.00059  -0.82291
   2 2   N  1S         -0.10259   0.00008   0.06059  -0.00008  -0.09500
   3        2S          0.47516  -0.00042  -0.34022   0.00047   0.61099
   4        2PX         0.00035   0.65057  -0.00087  -0.78725   0.00053
   5        2PY         0.36242  -0.00073  -0.45446   0.00004  -0.18417
   6        2PZ         0.37759  -0.00033  -0.36452   0.00014  -0.45172
   7 3   N  1S          0.08153   0.00008   0.06735   0.00009   0.10379
   8        2S         -0.36716  -0.00041  -0.37749  -0.00056  -0.68403
   9        2PX         0.00053   0.63873  -0.00002   0.79689  -0.00137
  10        2PY         0.15890   0.00051   0.46477  -0.00009  -0.02868
  11        2PZ         0.48091  -0.00051   0.48401  -0.00121  -0.52136
  12 4   H  1S          0.18735   0.00003   0.26763   0.00064   0.89267
                          11        12
                           V         V
     Eigenvalues --     0.65659   0.87148
   1 1   H  1S          0.83066   0.07693
   2 2   N  1S          0.04447   0.11477
   3        2S         -0.30825  -0.82250
   4        2PX         0.00022   0.00007
   5        2PY        -0.21315   0.95683
   6        2PZ         0.81941  -0.18244
   7 3   N  1S          0.08776  -0.08371
   8        2S         -0.59192   0.60079
   9        2PX        -0.00083  -0.00036
  10        2PY        -0.08046   1.01387
  11        2PZ        -0.57273  -0.45969
  12 4   H  1S          0.71062   0.32532
     Density Matrix:
                           1         2         3         4         5
   1 1   H  1S          0.58182
   2 2   N  1S         -0.04613   2.09745
   3        2S          0.04100  -0.40159   1.79169
   4        2PX        -0.00043  -0.00006   0.00035   0.84650
   5        2PY        -0.09306  -0.10768   0.58351   0.00022   1.00413
   6        2PZ        -0.67578  -0.06343   0.34890   0.00036   0.30908
   7 3   N  1S          0.04834   0.01181  -0.01226   0.00002   0.07668
   8        2S         -0.25411  -0.01198  -0.10980  -0.00005  -0.13621
   9        2PX         0.00014   0.00002  -0.00014   0.83109  -0.00026
  10        2PY        -0.01983  -0.06591   0.08530  -0.00021  -0.67605
  11        2PZ         0.18368   0.01598  -0.07189  -0.00108   0.00126
  12 4   H  1S          0.20863   0.03633  -0.17474  -0.00016   0.04283
                           6         7         8         9        10
   6        2PZ         0.91559
   7 3   N  1S         -0.03188   2.09453
   8        2S          0.14803  -0.38519   1.70773
   9        2PX        -0.00026   0.00009  -0.00049   0.81596
  10        2PY         0.07885   0.09085  -0.49946   0.00035   0.99256
  11        2PZ        -0.03938   0.08139  -0.45171   0.00011   0.38797
  12 4   H  1S         -0.17866  -0.05544   0.07375   0.00064  -0.01353
                          11        12
  11        2PZ         1.08627
  12 4   H  1S          0.66257   0.55141
    Full Mulliken population analysis:
                           1         2         3         4         5
   1 1   H  1S          0.58182
   2 2   N  1S         -0.00240   2.09745
   3        2S          0.01908  -0.09439   1.79169
   4        2PX         0.00000   0.00000   0.00000   0.84650
   5        2PY         0.00000   0.00000   0.00000   0.00000   1.00413
   6        2PZ         0.28562   0.00000   0.00000   0.00000   0.00000
   7 3   N  1S          0.00044   0.00000  -0.00041   0.00000  -0.00411
   8        2S         -0.03524  -0.00040  -0.03861   0.00000   0.05002
   9        2PX         0.00000   0.00000   0.00000   0.16877   0.00000
  10        2PY        -0.00210  -0.00353   0.03132   0.00000   0.20006
  11        2PZ        -0.02167  -0.00021   0.00655   0.00000   0.00016
  12 4   H  1S          0.00545   0.00021  -0.01676   0.00000  -0.00377
                           6         7         8         9        10
   6        2PZ         0.91559
   7 3   N  1S         -0.00042   2.09453
   8        2S          0.01348  -0.09053   1.70773
   9        2PX         0.00000   0.00000   0.00000   0.81596
  10        2PY         0.00976   0.00000   0.00000   0.00000   0.99256
  11        2PZ        -0.00679   0.00000   0.00000   0.00000   0.00000
  12 4   H  1S         -0.01317  -0.00294   0.03465   0.00000   0.00183
                          11        12
  11        2PZ         1.08627
  12 4   H  1S          0.26725   0.55141
     Gross orbital populations:
                           1
   1 1   H  1S          0.83101
   2 2   N  1S          1.99672
   3        2S          1.69847
   4        2PX         1.01527
   5        2PY         1.24648
   6        2PZ         1.20407
   7 3   N  1S          1.99656
   8        2S          1.64109
   9        2PX         0.98473
  10        2PY         1.22990
  11        2PZ         1.33155
  12 4   H  1S          0.82415
          Condensed to atoms (all electrons):
               1          2          3          4
     1  H    0.581823   0.302295  -0.058559   0.005448
     2  N    0.302295   6.466571   0.425628  -0.033490
     3  N   -0.058559   0.425628   6.515978   0.300788
     4  H    0.005448  -0.033490   0.300788   0.551407
 Mulliken charges:
               1
     1  H    0.168993
     2  N   -0.161004
     3  N   -0.183835
     4  H    0.175846
 Sum of Mulliken charges =   0.00000
 Mulliken charges with hydrogens summed into heavy atoms:
               1
     2  N    0.007989
     3  N   -0.007989
 Electronic spatial extent (au):  <R**2>=             58.2352
 Charge=              0.0000 electrons
 Dipole moment (field-independent basis, Debye):
    X=              0.0015    Y=             -0.3852    Z=              0.1693  Tot=              0.4208
 Quadrupole moment (field-independent basis, Debye-Ang):
   XX=            -10.7385   YY=            -13.0874   ZZ=             -8.4469
   XY=             -0.0026   XZ=              0.0013   YZ=             -2.2833
 Traceless Quadrupole moment (field-independent basis, Debye-Ang):
   XX=              0.0191   YY=             -2.3298   ZZ=              2.3107
   XY=             -0.0026   XZ=              0.0013   YZ=             -2.2833
 Octapole moment (field-independent basis, Debye-Ang**2):
  XXX=             -0.0016  YYY=             -0.6458  ZZZ=              0.0003  XYY=              0.0012
  XXY=              0.0529  XXZ=              0.0580  XZZ=              0.0020  YZZ=             -0.4376
  YYZ=              0.8453  XYZ=             -0.0019
 Hexadecapole moment (field-independent basis, Debye-Ang**3):
 XXXX=             -6.8276 YYYY=            -37.6067 ZZZZ=            -15.0946 XXXY=              0.0026
 XXXZ=             -0.0040 YYYX=              0.0002 YYYZ=              4.4463 ZZZX=             -0.0008
 ZZZY=              3.4703 XXYY=             -6.9211 XXZZ=             -4.4455 YYZZ=             -7.4086
 XXYZ=              2.0098 YYXZ=              0.0004 ZZXY=             -0.0014
 N-N= 3.166181009932D+01 E-N=-3.182110674911D+02  KE= 1.075332513224D+02
 Orbital energies and kinetic energies (alpha):
                                 1                 2
   1         O               -15.409048         21.714028
   2         O               -15.393595         21.713069
   3         O                -1.281582          1.871523
   4         O                -0.876278          1.664416
   5         O                -0.600873          1.411874
   6         O                -0.558619          1.749599
   7         O                -0.437707          1.650108
   8         O                -0.308328          1.992009
   9         V                 0.253196          2.275652
  10         V                 0.543707          2.401380
  11         V                 0.656589          2.617417
  12         V                 0.871477          3.886721
 Total kinetic energy from orbitals= 1.075332513224D+02
 No NMR shielding tensors so no spin-rotation constants.
 Leave Link  601 at Wed Jul 29 22:49:31 2026, MaxMem=   536870912 cpu:               1.0 elap:               0.3
 (Enter C:\G16W\l9999.exe)
 Unable to Open any file for archive entry.
 1|1|UNPC-LAPTOP-34RRSFDS|SP|RHF|STO-3G|H2N2|THINK|29-Jul-2026|0||#p RH
 F/STO-3G SCF=(Tight,XQC,MaxCycle=512) NoSymm Pop=Full||Diazene ip_237p
 578 | in_plane 237.578 deg||0,1|H,0,-0.00005,0.62175,-1.20948|N,0,-0.0
 0005,0.62175,-0.14932|N,0,-0.00005,-0.59932,0.15347|H,0,0.00155,-0.933
 28,1.15189||Version=EM64W-G16RevC.01|HF=-108.5431279|RMSD=5.714e-009|D
 ipole=0.0005862,-0.1515675,0.0665998|Quadrupole=0.0142151,-1.732181,1.
 717966,-0.0019335,0.0009993,-1.6975737|PG=C01 [X(H2N2)]||@
 The archive entry for this job was punched.


 SCIENCE IS LONG AND LIFE IS SHORT.

                     DON MOSER IN THE FEBRUARY 1979 SMITHSONIAN
 Job cpu time:       0 days  0 hours  0 minutes  3.0 seconds.
 Elapsed time:       0 days  0 hours  0 minutes  2.2 seconds.
 File lengths (MBytes):  RWF=      6 Int=      0 D2E=      0 Chk=      1 Scr=      1
 Normal termination of Gaussian 16 at Wed Jul 29 22:49:31 2026.
