 Entering Link 1 = C:\G16W\l1.exe PID=     65588.
  
 Copyright (c) 1988-2019, Gaussian, Inc.  All Rights Reserved.
  
 This is part of the Gaussian(R) 16 program.  It is based on
 the Gaussian(R) 09 system (copyright 2009, Gaussian, Inc.),
 the Gaussian(R) 03 system (copyright 2003, Gaussian, Inc.),
 the Gaussian(R) 98 system (copyright 1998, Gaussian, Inc.),
 the Gaussian(R) 94 system (copyright 1995, Gaussian, Inc.),
 the Gaussian 92(TM) system (copyright 1992, Gaussian, Inc.),
 the Gaussian 90(TM) system (copyright 1990, Gaussian, Inc.),
 the Gaussian 88(TM) system (copyright 1988, Gaussian, Inc.),
 the Gaussian 86(TM) system (copyright 1986, Carnegie Mellon
 University), and the Gaussian 82(TM) system (copyright 1983,
 Carnegie Mellon University). Gaussian is a federally registered
 trademark of Gaussian, Inc.
  
 This software contains proprietary and confidential information,
 including trade secrets, belonging to Gaussian, Inc.
  
 This software is provided under written license and may be
 used, copied, transmitted, or stored only in accord with that
 written license.
  
 The following legend is applicable only to US Government
 contracts under FAR:
  
                    RESTRICTED RIGHTS LEGEND
  
 Use, reproduction and disclosure by the US Government is
 subject to restrictions as set forth in subparagraphs (a)
 and (c) of the Commercial Computer Software - Restricted
 Rights clause in FAR 52.227-19.
  
 Gaussian, Inc.
 340 Quinnipiac St., Bldg. 40, Wallingford CT 06492
  
  
 ---------------------------------------------------------------
 Warning -- This program may not be used in any manner that
 competes with the business of Gaussian, Inc. or will provide
 assistance to any competitor of Gaussian, Inc.  The licensee
 of this program is prohibited from giving any competitor of
 Gaussian, Inc. access to this program.  By using this program,
 the user acknowledges that Gaussian, Inc. is engaged in the
 business of creating and licensing software in the field of
 computational chemistry and represents and warrants to the
 licensee that it is not a competitor of Gaussian, Inc. and that
 it will not use this program in any manner prohibited above.
 ---------------------------------------------------------------
  

 Cite this work as:
 Gaussian 16, Revision C.01,
 M. J. Frisch, G. W. Trucks, H. B. Schlegel, G. E. Scuseria, 
 M. A. Robb, J. R. Cheeseman, G. Scalmani, V. Barone, 
 G. A. Petersson, H. Nakatsuji, X. Li, M. Caricato, A. V. Marenich, 
 J. Bloino, B. G. Janesko, R. Gomperts, B. Mennucci, H. P. Hratchian, 
 J. V. Ortiz, A. F. Izmaylov, J. L. Sonnenberg, D. Williams-Young, 
 F. Ding, F. Lipparini, F. Egidi, J. Goings, B. Peng, A. Petrone, 
 T. Henderson, D. Ranasinghe, V. G. Zakrzewski, J. Gao, N. Rega, 
 G. Zheng, W. Liang, M. Hada, M. Ehara, K. Toyota, R. Fukuda, 
 J. Hasegawa, M. Ishida, T. Nakajima, Y. Honda, O. Kitao, H. Nakai, 
 T. Vreven, K. Throssell, J. A. Montgomery, Jr., J. E. Peralta, 
 F. Ogliaro, M. J. Bearpark, J. J. Heyd, E. N. Brothers, K. N. Kudin, 
 V. N. Staroverov, T. A. Keith, R. Kobayashi, J. Normand, 
 K. Raghavachari, A. P. Rendell, J. C. Burant, S. S. Iyengar, 
 J. Tomasi, M. Cossi, J. M. Millam, M. Klene, C. Adamo, R. Cammi, 
 J. W. Ochterski, R. L. Martin, K. Morokuma, O. Farkas, 
 J. B. Foresman, and D. J. Fox, Gaussian, Inc., Wallingford CT, 2019.
 
 ******************************************
 Gaussian 16:  EM64W-G16RevC.01 30-May-2019
                29-Jul-2026 
 ******************************************
 %chk=ip_200p526.chk
 %mem=4GB
 %nprocshared=8
 Will use up to    8 processors via shared memory.
 ----------------------------------------------------------
 #p RHF/STO-3G SCF=(Tight,XQC,MaxCycle=512) NoSymm Pop=Full
 ----------------------------------------------------------
 1/38=1,172=1/1;
 2/12=2,15=1,17=6,18=5,40=1/2;
 3/6=3,11=1,25=1,30=1,116=1/1,2,3;
 4//1;
 5/5=2,7=512,8=3,13=1,32=2,38=5/2,8;
 6/7=3,28=1/1;
 99/5=1,9=1/99;
 Leave Link    1 at Wed Jul 29 22:49:23 2026, MaxMem=   536870912 cpu:               0.0 elap:               0.2
 (Enter C:\G16W\l101.exe)
 -----------------------------------------
 Diazene ip_200p526 | in_plane 200.526 deg
 -----------------------------------------
 Symbolic Z-matrix:
 Charge =  0 Multiplicity = 1
 H                    -0.00002   0.63051  -1.22163 
 N                    -0.00002   0.63051  -0.14939 
 N                    -0.00002  -0.57522   0.1814 
 H                     0.0006   -1.39873   0.77683 
 
 ITRead=  0  0  0  0
 MicOpt= -1 -1 -1 -1
 NAtoms=      4 NQM=        4 NQMF=       0 NMMI=      0 NMMIF=      0
                NMic=       0 NMicF=      0.
                    Isotopes and Nuclear Properties:
 (Nuclear quadrupole moments (NQMom) in fm**2, nuclear magnetic moments (NMagM)
  in nuclear magnetons)

  Atom         1           2           3           4
 IAtWgt=           1          14          14           1
 AtmWgt=   1.0078250  14.0030740  14.0030740   1.0078250
 NucSpn=           1           2           2           1
 AtZEff=   0.0000000   0.0000000   0.0000000   0.0000000
 NQMom=    0.0000000   2.0440000   2.0440000   0.0000000
 NMagM=    2.7928460   0.4037610   0.4037610   2.7928460
 AtZNuc=   1.0000000   7.0000000   7.0000000   1.0000000
 Leave Link  101 at Wed Jul 29 22:49:24 2026, MaxMem=   536870912 cpu:               1.0 elap:               0.2
 (Enter C:\G16W\l202.exe)
                          Input orientation:                          
 ---------------------------------------------------------------------
 Center     Atomic      Atomic             Coordinates (Angstroms)
 Number     Number       Type             X           Y           Z
 ---------------------------------------------------------------------
      1          1           0       -0.000020    0.630510   -1.221630
      2          7           0       -0.000020    0.630510   -0.149390
      3          7           0       -0.000020   -0.575220    0.181400
      4          1           0        0.000600   -1.398730    0.776830
 ---------------------------------------------------------------------
                    Distance matrix (angstroms):
                    1          2          3          4
     1  H    0.000000
     2  N    1.072240   0.000000
     3  N    1.849940   1.250283   0.000000
     4  H    2.848097   2.230627   1.016221   0.000000
 Symmetry turned off by external request.
 Stoichiometry    H2N2
 Framework group  C1[X(H2N2)]
 Deg. of freedom     6
 Full point group                 C1      NOp   1
 Rotational constants (GHZ):         498.5471952          34.9879366          32.6935140
 Leave Link  202 at Wed Jul 29 22:49:24 2026, MaxMem=   536870912 cpu:               0.0 elap:               0.1
 (Enter C:\G16W\l301.exe)
 Standard basis: STO-3G (5D, 7F)
 Ernie: Thresh=  0.10000D-02 Tol=  0.10000D-05 Strict=F.
    12 basis functions,    36 primitive gaussians,    12 cartesian basis functions
     8 alpha electrons        8 beta electrons
       nuclear repulsion energy        31.6876269614 Hartrees.
 IExCor=    0 DFT=F Ex=HF Corr=None ExCW=0 ScaHFX=  1.000000
 ScaDFX=  1.000000  1.000000  1.000000  1.000000 ScalE2=  1.000000  1.000000
 IRadAn=      5 IRanWt=     -1 IRanGd=            0 ICorTp=0 IEmpDi=  4
 NAtoms=    4 NActive=    4 NUniq=    4 SFac= 1.00D+00 NAtFMM=   60 NAOKFM=F Big=F
 Integral buffers will be    131072 words long.
 Raffenetti 1 integral format.
 Two-electron integral symmetry is turned off.
 Leave Link  301 at Wed Jul 29 22:49:24 2026, MaxMem=   536870912 cpu:               0.0 elap:               0.1
 (Enter C:\G16W\l302.exe)
 NPDir=0 NMtPBC=     1 NCelOv=     1 NCel=       1 NClECP=     1 NCelD=      1
         NCelK=      1 NCelE2=     1 NClLst=     1 CellRange=     0.0.
 One-electron integrals computed using PRISM.
 NBasis=    12 RedAO= T EigKep=  2.48D-01  NBF=    12
 NBsUse=    12 1.00D-06 EigRej= -1.00D+00 NBFU=    12
 Leave Link  302 at Wed Jul 29 22:49:24 2026, MaxMem=   536870912 cpu:               0.0 elap:               0.2
 (Enter C:\G16W\l303.exe)
 DipDrv:  MaxL=1.
 Leave Link  303 at Wed Jul 29 22:49:24 2026, MaxMem=   536870912 cpu:               0.0 elap:               0.2
 (Enter C:\G16W\l401.exe)
 ExpMin= 1.69D-01 ExpMax= 9.91D+01 ExpMxC= 9.91D+01 IAcc=3 IRadAn=         5 AccDes= 0.00D+00
 Harris functional with IExCor=  205 and IRadAn=       5 diagonalized for initial guess.
 HarFok:  IExCor=  205 AccDes= 0.00D+00 IRadAn=         5 IDoV= 1 UseB2=F ITyADJ=14
 ICtDFT=  3500011 ScaDFX=  1.000000  1.000000  1.000000  1.000000
 FoFCou: FMM=F IPFlag=           0 FMFlag=      100000 FMFlg1=           0
         NFxFlg=           0 DoJE=T BraDBF=F KetDBF=T FulRan=T
         wScrn=  0.000000 ICntrl=       500 IOpCl=  0 I1Cent=   200000004 NGrid=           0
         NMat0=    1 NMatS0=      1 NMatT0=    0 NMatD0=    1 NMtDS0=    0 NMtDT0=    0
 Symmetry not used in FoFCou.
 Harris En= -108.521458277680    
 JPrj=0 DoOrth=F DoCkMO=F.
 Leave Link  401 at Wed Jul 29 22:49:25 2026, MaxMem=   536870912 cpu:               1.0 elap:               0.3
 (Enter C:\G16W\l502.exe)
 Keep R1 ints in memory in canonical form, NReq=1608196.
 FoFCou: FMM=F IPFlag=           0 FMFlag=           0 FMFlg1=           0
         NFxFlg=           0 DoJE=F BraDBF=F KetDBF=F FulRan=T
         wScrn=  0.000000 ICntrl=       600 IOpCl=  0 I1Cent=           0 NGrid=           0
         NMat0=    1 NMatS0=     78 NMatT0=    0 NMatD0=    1 NMtDS0=    0 NMtDT0=    0
 Symmetry not used in FoFCou.
 Two-electron integral symmetry not used.
 Closed shell SCF:
 Using DIIS extrapolation, IDIIS=  1040.
 NGot=   536870912 LenX=   536866319 LenY=   536865437
 Requested convergence on RMS density matrix=1.00D-08 within 128 cycles.
 Requested convergence on MAX density matrix=1.00D-06.
 Requested convergence on             energy=1.00D-06.
 No special actions if energy rises.

 Cycle   1  Pass 1  IDiag  1:
 E= -108.454585410299    
 DIIS: error= 3.14D-02 at cycle   1 NSaved=   1.
 NSaved= 1 IEnMin= 1 EnMin= -108.454585410299     IErMin= 1 ErrMin= 3.14D-02
 ErrMax= 3.14D-02  0.00D+00 EMaxC= 1.00D-01 BMatC= 1.72D-02 BMatP= 1.72D-02
 IDIUse=3 WtCom= 6.86D-01 WtEn= 3.14D-01
 Coeff-Com:  0.100D+01
 Coeff-En:   0.100D+01
 Coeff:      0.100D+01
 Gap=     0.524 Goal=   None    Shift=    0.000
 GapD=    0.524 DampG=2.000 DampE=0.500 DampFc=1.0000 IDamp=-1.
 RMSDP=1.08D-02 MaxDP=4.72D-02              OVMax= 0.00D+00

 Cycle   2  Pass 1  IDiag  1:
 E= -108.467022470645     Delta-E=       -0.012437060346 Rises=F Damp=F
 DIIS: error= 6.56D-03 at cycle   2 NSaved=   2.
 NSaved= 2 IEnMin= 2 EnMin= -108.467022470645     IErMin= 2 ErrMin= 6.56D-03
 ErrMax= 6.56D-03  0.00D+00 EMaxC= 1.00D-01 BMatC= 5.85D-04 BMatP= 1.72D-02
 IDIUse=3 WtCom= 9.34D-01 WtEn= 6.56D-02
 Coeff-Com: -0.520D-02 0.101D+01
 Coeff-En:   0.000D+00 0.100D+01
 Coeff:     -0.486D-02 0.100D+01
 Gap=     0.531 Goal=   None    Shift=    0.000
 RMSDP=3.20D-03 MaxDP=1.41D-02 DE=-1.24D-02 OVMax= 0.00D+00

 Cycle   3  Pass 1  IDiag  1:
 E= -108.467643522387     Delta-E=       -0.000621051742 Rises=F Damp=F
 DIIS: error= 4.30D-03 at cycle   3 NSaved=   3.
 NSaved= 3 IEnMin= 3 EnMin= -108.467643522387     IErMin= 3 ErrMin= 4.30D-03
 ErrMax= 4.30D-03  0.00D+00 EMaxC= 1.00D-01 BMatC= 1.09D-04 BMatP= 5.85D-04
 IDIUse=3 WtCom= 9.57D-01 WtEn= 4.30D-02
 Coeff-Com: -0.277D-01 0.253D+00 0.775D+00
 Coeff-En:   0.000D+00 0.000D+00 0.100D+01
 Coeff:     -0.265D-01 0.242D+00 0.784D+00
 Gap=     0.527 Goal=   None    Shift=    0.000
 RMSDP=1.25D-03 MaxDP=9.80D-03 DE=-6.21D-04 OVMax= 0.00D+00

 Cycle   4  Pass 1  IDiag  1:
 E= -108.467839736196     Delta-E=       -0.000196213809 Rises=F Damp=F
 DIIS: error= 1.16D-03 at cycle   4 NSaved=   4.
 NSaved= 4 IEnMin= 4 EnMin= -108.467839736196     IErMin= 4 ErrMin= 1.16D-03
 ErrMax= 1.16D-03  0.00D+00 EMaxC= 1.00D-01 BMatC= 1.93D-05 BMatP= 1.09D-04
 IDIUse=3 WtCom= 9.88D-01 WtEn= 1.16D-02
 Coeff-Com:  0.196D-01-0.299D+00-0.229D+00 0.151D+01
 Coeff-En:   0.000D+00 0.000D+00 0.000D+00 0.100D+01
 Coeff:      0.194D-01-0.296D+00-0.227D+00 0.150D+01
 Gap=     0.528 Goal=   None    Shift=    0.000
 RMSDP=9.98D-04 MaxDP=4.38D-03 DE=-1.96D-04 OVMax= 0.00D+00

 Cycle   5  Pass 1  IDiag  1:
 E= -108.467889381526     Delta-E=       -0.000049645331 Rises=F Damp=F
 DIIS: error= 2.21D-04 at cycle   5 NSaved=   5.
 NSaved= 5 IEnMin= 5 EnMin= -108.467889381526     IErMin= 5 ErrMin= 2.21D-04
 ErrMax= 2.21D-04  0.00D+00 EMaxC= 1.00D-01 BMatC= 1.01D-06 BMatP= 1.93D-05
 IDIUse=3 WtCom= 9.98D-01 WtEn= 2.21D-03
 Coeff-Com: -0.894D-02 0.149D+00 0.145D+00-0.990D+00 0.171D+01
 Coeff-En:   0.000D+00 0.000D+00 0.000D+00 0.000D+00 0.100D+01
 Coeff:     -0.892D-02 0.149D+00 0.144D+00-0.988D+00 0.170D+01
 Gap=     0.528 Goal=   None    Shift=    0.000
 RMSDP=2.98D-04 MaxDP=1.49D-03 DE=-4.96D-05 OVMax= 0.00D+00

 Cycle   6  Pass 1  IDiag  1:
 E= -108.467892282002     Delta-E=       -0.000002900476 Rises=F Damp=F
 DIIS: error= 1.85D-05 at cycle   6 NSaved=   6.
 NSaved= 6 IEnMin= 6 EnMin= -108.467892282002     IErMin= 6 ErrMin= 1.85D-05
 ErrMax= 1.85D-05  0.00D+00 EMaxC= 1.00D-01 BMatC= 4.89D-09 BMatP= 1.01D-06
 IDIUse=1 WtCom= 1.00D+00 WtEn= 0.00D+00
 Coeff-Com:  0.263D-02-0.440D-01-0.434D-01 0.301D+00-0.559D+00 0.134D+01
 Coeff:      0.263D-02-0.440D-01-0.434D-01 0.301D+00-0.559D+00 0.134D+01
 Gap=     0.528 Goal=   None    Shift=    0.000
 RMSDP=2.26D-05 MaxDP=9.58D-05 DE=-2.90D-06 OVMax= 0.00D+00

 Cycle   7  Pass 1  IDiag  1:
 E= -108.467892296743     Delta-E=       -0.000000014740 Rises=F Damp=F
 DIIS: error= 3.19D-06 at cycle   7 NSaved=   7.
 NSaved= 7 IEnMin= 7 EnMin= -108.467892296743     IErMin= 7 ErrMin= 3.19D-06
 ErrMax= 3.19D-06  0.00D+00 EMaxC= 1.00D-01 BMatC= 1.39D-10 BMatP= 4.89D-09
 IDIUse=1 WtCom= 1.00D+00 WtEn= 0.00D+00
 Coeff-Com: -0.457D-03 0.772D-02 0.747D-02-0.534D-01 0.104D+00-0.366D+00
 Coeff-Com:  0.130D+01
 Coeff:     -0.457D-03 0.772D-02 0.747D-02-0.534D-01 0.104D+00-0.366D+00
 Coeff:      0.130D+01
 Gap=     0.528 Goal=   None    Shift=    0.000
 RMSDP=4.12D-06 MaxDP=2.17D-05 DE=-1.47D-08 OVMax= 0.00D+00

 Cycle   8  Pass 1  IDiag  1:
 E= -108.467892297176     Delta-E=       -0.000000000434 Rises=F Damp=F
 DIIS: error= 3.81D-07 at cycle   8 NSaved=   8.
 NSaved= 8 IEnMin= 8 EnMin= -108.467892297176     IErMin= 8 ErrMin= 3.81D-07
 ErrMax= 3.81D-07  0.00D+00 EMaxC= 1.00D-01 BMatC= 4.42D-12 BMatP= 1.39D-10
 IDIUse=1 WtCom= 1.00D+00 WtEn= 0.00D+00
 Coeff-Com:  0.743D-04-0.126D-02-0.128D-02 0.895D-02-0.182D-01 0.787D-01
 Coeff-Com: -0.407D+00 0.134D+01
 Coeff:      0.743D-04-0.126D-02-0.128D-02 0.895D-02-0.182D-01 0.787D-01
 Coeff:     -0.407D+00 0.134D+01
 Gap=     0.528 Goal=   None    Shift=    0.000
 RMSDP=7.66D-07 MaxDP=2.92D-06 DE=-4.34D-10 OVMax= 0.00D+00

 Cycle   9  Pass 1  IDiag  1:
 E= -108.467892297192     Delta-E=       -0.000000000016 Rises=F Damp=F
 DIIS: error= 1.77D-07 at cycle   9 NSaved=   9.
 NSaved= 9 IEnMin= 9 EnMin= -108.467892297192     IErMin= 9 ErrMin= 1.77D-07
 ErrMax= 1.77D-07  0.00D+00 EMaxC= 1.00D-01 BMatC= 2.96D-13 BMatP= 4.42D-12
 IDIUse=1 WtCom= 1.00D+00 WtEn= 0.00D+00
 Coeff-Com: -0.257D-04 0.434D-03 0.458D-03-0.315D-02 0.658D-02-0.313D-01
 Coeff-Com:  0.180D+00-0.687D+00 0.153D+01
 Coeff:     -0.257D-04 0.434D-03 0.458D-03-0.315D-02 0.658D-02-0.313D-01
 Coeff:      0.180D+00-0.687D+00 0.153D+01
 Gap=     0.528 Goal=   None    Shift=    0.000
 RMSDP=2.29D-07 MaxDP=7.91D-07 DE=-1.60D-11 OVMax= 0.00D+00

 Cycle  10  Pass 1  IDiag  1:
 E= -108.467892297195     Delta-E=       -0.000000000002 Rises=F Damp=F
 DIIS: error= 1.33D-07 at cycle  10 NSaved=  10.
 NSaved=10 IEnMin=10 EnMin= -108.467892297195     IErMin=10 ErrMin= 1.33D-07
 ErrMax= 1.33D-07  0.00D+00 EMaxC= 1.00D-01 BMatC= 1.19D-13 BMatP= 2.96D-13
 IDIUse=1 WtCom= 1.00D+00 WtEn= 0.00D+00
 Coeff-Com:  0.138D-04-0.231D-03-0.254D-03 0.172D-02-0.365D-02 0.186D-01
 Coeff-Com: -0.111D+00 0.454D+00-0.149D+01 0.213D+01
 Coeff:      0.138D-04-0.231D-03-0.254D-03 0.172D-02-0.365D-02 0.186D-01
 Coeff:     -0.111D+00 0.454D+00-0.149D+01 0.213D+01
 Gap=     0.528 Goal=   None    Shift=    0.000
 RMSDP=2.28D-07 MaxDP=9.34D-07 DE=-2.13D-12 OVMax= 0.00D+00

 Cycle  11  Pass 1  IDiag  1:
 E= -108.467892297196     Delta-E=       -0.000000000002 Rises=F Damp=F
 DIIS: error= 8.05D-08 at cycle  11 NSaved=  11.
 NSaved=11 IEnMin=11 EnMin= -108.467892297196     IErMin=11 ErrMin= 8.05D-08
 ErrMax= 8.05D-08  0.00D+00 EMaxC= 1.00D-01 BMatC= 4.53D-14 BMatP= 1.19D-13
 IDIUse=1 WtCom= 1.00D+00 WtEn= 0.00D+00
 Coeff-Com: -0.701D-05 0.117D-03 0.140D-03-0.913D-03 0.199D-02-0.109D-01
 Coeff-Com:  0.665D-01-0.285D+00 0.131D+01-0.317D+01 0.308D+01
 Coeff:     -0.701D-05 0.117D-03 0.140D-03-0.913D-03 0.199D-02-0.109D-01
 Coeff:      0.665D-01-0.285D+00 0.131D+01-0.317D+01 0.308D+01
 Gap=     0.528 Goal=   None    Shift=    0.000
 RMSDP=3.06D-07 MaxDP=1.27D-06 DE=-1.90D-12 OVMax= 0.00D+00

 Cycle  12  Pass 1  IDiag  1:
 E= -108.467892297197     Delta-E=       -0.000000000001 Rises=F Damp=F
 DIIS: error= 9.56D-09 at cycle  12 NSaved=  12.
 NSaved=12 IEnMin=12 EnMin= -108.467892297197     IErMin=12 ErrMin= 9.56D-09
 ErrMax= 9.56D-09  0.00D+00 EMaxC= 1.00D-01 BMatC= 1.36D-15 BMatP= 4.53D-14
 IDIUse=1 WtCom= 1.00D+00 WtEn= 0.00D+00
 Coeff-Com:  0.712D-06-0.116D-04-0.178D-04 0.108D-03-0.264D-03 0.189D-02
 Coeff-Com: -0.126D-01 0.589D-01-0.376D+00 0.111D+01-0.131D+01 0.153D+01
 Coeff:      0.712D-06-0.116D-04-0.178D-04 0.108D-03-0.264D-03 0.189D-02
 Coeff:     -0.126D-01 0.589D-01-0.376D+00 0.111D+01-0.131D+01 0.153D+01
 Gap=     0.528 Goal=   None    Shift=    0.000
 RMSDP=4.16D-08 MaxDP=1.69D-07 DE=-9.38D-13 OVMax= 0.00D+00

 Cycle  13  Pass 1  IDiag  1:
 E= -108.467892297197     Delta-E=        0.000000000000 Rises=F Damp=F
 DIIS: error= 6.42D-10 at cycle  13 NSaved=  13.
 NSaved=13 IEnMin=13 EnMin= -108.467892297197     IErMin=13 ErrMin= 6.42D-10
 ErrMax= 6.42D-10  0.00D+00 EMaxC= 1.00D-01 BMatC= 8.74D-18 BMatP= 1.36D-15
 IDIUse=1 WtCom= 1.00D+00 WtEn= 0.00D+00
 Coeff-Com: -0.117D-06 0.185D-05 0.334D-05-0.193D-04 0.499D-04-0.386D-03
 Coeff-Com:  0.260D-02-0.125D-01 0.863D-01-0.262D+00 0.316D+00-0.422D+00
 Coeff-Com:  0.129D+01
 Coeff:     -0.117D-06 0.185D-05 0.334D-05-0.193D-04 0.499D-04-0.386D-03
 Coeff:      0.260D-02-0.125D-01 0.863D-01-0.262D+00 0.316D+00-0.422D+00
 Coeff:      0.129D+01
 Gap=     0.528 Goal=   None    Shift=    0.000
 RMSDP=1.13D-09 MaxDP=3.57D-09 DE=-8.53D-14 OVMax= 0.00D+00

 SCF Done:  E(RHF) =  -108.467892297     A.U. after   13 cycles
            NFock= 13  Conv=0.11D-08     -V/T= 2.0086
 KE= 1.075469704952D+02 PE=-3.184968934656D+02 EE= 7.079440371188D+01
 Leave Link  502 at Wed Jul 29 22:49:25 2026, MaxMem=   536870912 cpu:               0.0 elap:               0.5
 (Enter C:\G16W\l508.exe)
 QCSCF skips out because SCF is already converged.
 Leave Link  508 at Wed Jul 29 22:49:25 2026, MaxMem=   536870912 cpu:               0.0 elap:               0.1
 (Enter C:\G16W\l601.exe)
 Copying SCF densities to generalized density rwf, IOpCl= 0 IROHF=0.

 **********************************************************************

            Population analysis using the SCF Density.

 **********************************************************************

 Alpha  occ. eigenvalues --  -15.40304 -15.33777  -1.24322  -0.87695  -0.62782
 Alpha  occ. eigenvalues --   -0.52119  -0.41883  -0.25174
 Alpha virt. eigenvalues --    0.27598   0.48420   0.63785   1.02431
     Molecular Orbital Coefficients:
                           1         2         3         4         5
                           O         O         O         O         O
     Eigenvalues --   -15.40304 -15.33777  -1.24322  -0.87695  -0.62782
   1 1   H  1S         -0.00641  -0.00056   0.07606  -0.18432  -0.37463
   2 2   N  1S          0.99387   0.00029  -0.17296   0.12586   0.02765
   3        2S          0.02865  -0.00598   0.54743  -0.47073  -0.14129
   4        2PX         0.00000   0.00000   0.00001   0.00002  -0.00002
   5        2PY        -0.00587   0.00402  -0.17436  -0.05485  -0.29750
   6        2PZ        -0.00240  -0.00158  -0.00978   0.13938   0.41554
   7 3   N  1S          0.00049   0.99373  -0.16691  -0.14570  -0.01398
   8        2S         -0.00673   0.02905   0.50713   0.54588   0.05692
   9        2PX         0.00000   0.00000   0.00002   0.00012  -0.00014
  10        2PY        -0.00486   0.00201   0.14370  -0.24040   0.46177
  11        2PZ         0.00161   0.00138  -0.02190   0.17422  -0.01323
  12 4   H  1S         -0.00040  -0.00631   0.07906   0.31464  -0.26021
                           6         7         8         9        10
                           O         O         O         V         V
     Eigenvalues --    -0.52119  -0.41883  -0.25174   0.27598   0.48420
   1 1   H  1S         -0.10507   0.00000   0.35492  -0.00025   0.45123
   2 2   N  1S         -0.10241   0.00001   0.06151  -0.00005   0.09303
   3        2S          0.48799  -0.00008  -0.34527   0.00026  -0.56542
   4        2PX         0.00010   0.66523  -0.00018  -0.77586  -0.00042
   5        2PY         0.44556  -0.00022  -0.38554  -0.00023   0.48296
   6        2PZ         0.35573  -0.00006  -0.34782   0.00004   0.11877
   7 3   N  1S          0.05286   0.00004   0.02903   0.00011  -0.16239
   8        2S         -0.23150  -0.00018  -0.17458  -0.00065   1.06272
   9        2PX         0.00019   0.62188   0.00004   0.81102   0.00082
  10        2PY         0.03631   0.00017   0.39118   0.00018  -0.08498
  11        2PZ         0.53776  -0.00014   0.71550  -0.00042   0.29244
  12 4   H  1S          0.14655   0.00000   0.10838   0.00058  -1.01162
                          11        12
                           V         V
     Eigenvalues --     0.63785   1.02431
   1 1   H  1S          1.05352   0.06784
   2 2   N  1S          0.06653   0.10622
   3        2S         -0.45062  -0.79684
   4        2PX         0.00006   0.00008
   5        2PY        -0.18978   0.87972
   6        2PZ         0.93468  -0.19102
   7 3   N  1S          0.05578  -0.04922
   8        2S         -0.37947   0.35775
   9        2PX        -0.00017  -0.00027
  10        2PY        -0.02996   1.15899
  11        2PZ        -0.25750  -0.47980
  12 4   H  1S          0.32842   0.67721
     Density Matrix:
                           1         2         3         4         5
   1 1   H  1S          0.63430
   2 2   N  1S         -0.04098   2.09713
   3        2S          0.01468  -0.40116   1.79887
   4        2PX        -0.00014  -0.00002   0.00010   0.88506
   5        2PY        -0.15063  -0.12029   0.64551  -0.00007   0.93826
   6        2PZ        -0.68582  -0.05897   0.32790   0.00009   0.32608
   7 3   N  1S          0.04718   0.01459  -0.02192   0.00004   0.11521
   8        2S         -0.24195  -0.02230  -0.08089  -0.00019  -0.34196
   9        2PX         0.00005   0.00000   0.00001   0.82738  -0.00008
  10        2PY         0.03459  -0.05366   0.01819   0.00007  -0.56769
  11        2PZ         0.33721   0.03177  -0.15342  -0.00033  -0.07610
  12 4   H  1S          0.13716   0.01999  -0.06789   0.00002   0.13972
                           6         7         8         9        10
   6        2PZ         0.87945
   7 3   N  1S         -0.03470   2.08085
   8        2S          0.14624  -0.30683   1.28672
   9        2PX        -0.00006   0.00003  -0.00018   0.77346
  10        2PY         0.06768   0.03970  -0.21735   0.00007   0.89208
  11        2PZ        -0.07715   0.05804  -0.33225   0.00012   0.49654
  12 4   H  1S         -0.10120  -0.10156   0.28802   0.00022  -0.27346
                          11        12
  11        2PZ         1.66426
  12 4   H  1S          0.42575   0.41245
    Full Mulliken population analysis:
                           1         2         3         4         5
   1 1   H  1S          0.63430
   2 2   N  1S         -0.00208   2.09713
   3        2S          0.00672  -0.09429   1.79887
   4        2PX         0.00000   0.00000   0.00000   0.88506
   5        2PY         0.00000   0.00000   0.00000   0.00000   0.93826
   6        2PZ         0.28684   0.00000   0.00000   0.00000   0.00000
   7 3   N  1S          0.00041   0.00000  -0.00074   0.00000  -0.00626
   8        2S         -0.03235  -0.00076  -0.02879   0.00000   0.12582
   9        2PX         0.00000   0.00000   0.00000   0.17074   0.00000
  10        2PY         0.00346  -0.00292   0.00669   0.00000   0.16451
  11        2PZ        -0.03925  -0.00047   0.01549   0.00000  -0.01036
  12 4   H  1S          0.00343   0.00007  -0.00436   0.00000  -0.01025
                           6         7         8         9        10
   6        2PZ         0.87945
   7 3   N  1S         -0.00052   2.08085
   8        2S          0.01476  -0.07212   1.28672
   9        2PX         0.00000   0.00000   0.00000   0.77346
  10        2PY         0.00921   0.00000   0.00000   0.00000   0.89208
  11        2PZ        -0.01304   0.00000   0.00000   0.00000   0.00000
  12 4   H  1S         -0.00339  -0.00587   0.14178   0.00000   0.09712
                          11        12
  11        2PZ         1.66426
  12 4   H  1S          0.10933   0.41245
     Gross orbital populations:
                           1
   1 1   H  1S          0.86148
   2 2   N  1S          1.99669
   3        2S          1.69958
   4        2PX         1.05580
   5        2PY         1.20172
   6        2PZ         1.17331
   7 3   N  1S          1.99575
   8        2S          1.43506
   9        2PX         0.94420
  10        2PY         1.17016
  11        2PZ         1.72595
  12 4   H  1S          0.74030
          Condensed to atoms (all electrons):
               1          2          3          4
     1  H    0.634299   0.291482  -0.067733   0.003434
     2  N    0.291482   6.410185   0.443358  -0.017931
     3  N   -0.067733   0.443358   6.553142   0.342354
     4  H    0.003434  -0.017931   0.342354   0.412446
 Mulliken charges:
               1
     1  H    0.138519
     2  N   -0.127095
     3  N   -0.271121
     4  H    0.259697
 Sum of Mulliken charges =   0.00000
 Mulliken charges with hydrogens summed into heavy atoms:
               1
     2  N    0.011424
     3  N   -0.011424
 Electronic spatial extent (au):  <R**2>=             58.2304
 Charge=              0.0000 electrons
 Dipole moment (field-independent basis, Debye):
    X=              0.0009    Y=             -1.6959    Z=              0.1234  Tot=              1.7004
 Quadrupole moment (field-independent basis, Debye-Ang):
   XX=            -10.6577   YY=            -10.5249   ZZ=             -9.4178
   XY=             -0.0014   XZ=              0.0005   YZ=             -2.6732
 Traceless Quadrupole moment (field-independent basis, Debye-Ang):
   XX=             -0.4575   YY=             -0.3248   ZZ=              0.7823
   XY=             -0.0014   XZ=              0.0005   YZ=             -2.6732
 Octapole moment (field-independent basis, Debye-Ang**2):
  XXX=             -0.0005  YYY=             -4.9612  ZZZ=             -0.2364  XYY=              0.0020
  XXY=             -0.0415  XXZ=              0.2898  XZZ=              0.0005  YZZ=             -0.4316
  YYZ=              2.4910  XYZ=             -0.0011
 Hexadecapole moment (field-independent basis, Debye-Ang**3):
 XXXX=             -6.7613 YYYY=            -33.5191 ZZZZ=            -14.8921 XXXY=              0.0015
 XXXZ=             -0.0010 YYYX=             -0.0016 YYYZ=              1.7806 ZZZX=             -0.0005
 ZZZY=              4.3837 XXYY=             -7.3096 XXZZ=             -4.0418 YYZZ=             -6.8468
 XXYZ=              2.0169 YYXZ=              0.0013 ZZXY=             -0.0004
 N-N= 3.168762696136D+01 E-N=-3.184968934617D+02  KE= 1.075469704952D+02
 Orbital energies and kinetic energies (alpha):
                                 1                 2
   1         O               -15.403039         21.715454
   2         O               -15.337767         21.709394
   3         O                -1.243219          1.884602
   4         O                -0.876953          1.630798
   5         O                -0.627817          1.357933
   6         O                -0.521191          1.767416
   7         O                -0.418834          1.648422
   8         O                -0.251739          2.059466
   9         V                 0.275978          2.281038
  10         V                 0.484203          2.635468
  11         V                 0.637850          2.479659
  12         V                 1.024311          3.919027
 Total kinetic energy from orbitals= 1.075469704952D+02
 No NMR shielding tensors so no spin-rotation constants.
 Leave Link  601 at Wed Jul 29 22:49:26 2026, MaxMem=   536870912 cpu:               1.0 elap:               0.2
 (Enter C:\G16W\l9999.exe)
 Unable to Open any file for archive entry.
 1|1|UNPC-LAPTOP-34RRSFDS|SP|RHF|STO-3G|H2N2|THINK|29-Jul-2026|0||#p RH
 F/STO-3G SCF=(Tight,XQC,MaxCycle=512) NoSymm Pop=Full||Diazene ip_200p
 526 | in_plane 200.526 deg||0,1|H,0,-0.00002,0.63051,-1.22163|N,0,-0.0
 0002,0.63051,-0.14939|N,0,-0.00002,-0.57522,0.1814|H,0,0.0006,-1.39873
 ,0.77683||Version=EM64W-G16RevC.01|HF=-108.4678923|RMSD=1.128e-009|Dip
 ole=0.0003345,-0.6672211,0.0485659|Quadrupole=-0.3401744,-0.2414457,0.
 5816201,-0.0010706,0.0003688,-1.9874823|PG=C01 [X(H2N2)]||@
 The archive entry for this job was punched.


 MODELS ARE TO BE USED, NOT BELIEVED.

    -- PARAPHRASED BY H. THIEL IN "PRINCIPLES OF ECONOMETRICS"
 Job cpu time:       0 days  0 hours  0 minutes  3.0 seconds.
 Elapsed time:       0 days  0 hours  0 minutes  2.3 seconds.
 File lengths (MBytes):  RWF=      6 Int=      0 D2E=      0 Chk=      1 Scr=      1
 Normal termination of Gaussian 16 at Wed Jul 29 22:49:26 2026.
