 Entering Link 1 = C:\G16W\l1.exe PID=     63496.
  
 Copyright (c) 1988-2019, Gaussian, Inc.  All Rights Reserved.
  
 This is part of the Gaussian(R) 16 program.  It is based on
 the Gaussian(R) 09 system (copyright 2009, Gaussian, Inc.),
 the Gaussian(R) 03 system (copyright 2003, Gaussian, Inc.),
 the Gaussian(R) 98 system (copyright 1998, Gaussian, Inc.),
 the Gaussian(R) 94 system (copyright 1995, Gaussian, Inc.),
 the Gaussian 92(TM) system (copyright 1992, Gaussian, Inc.),
 the Gaussian 90(TM) system (copyright 1990, Gaussian, Inc.),
 the Gaussian 88(TM) system (copyright 1988, Gaussian, Inc.),
 the Gaussian 86(TM) system (copyright 1986, Carnegie Mellon
 University), and the Gaussian 82(TM) system (copyright 1983,
 Carnegie Mellon University). Gaussian is a federally registered
 trademark of Gaussian, Inc.
  
 This software contains proprietary and confidential information,
 including trade secrets, belonging to Gaussian, Inc.
  
 This software is provided under written license and may be
 used, copied, transmitted, or stored only in accord with that
 written license.
  
 The following legend is applicable only to US Government
 contracts under FAR:
  
                    RESTRICTED RIGHTS LEGEND
  
 Use, reproduction and disclosure by the US Government is
 subject to restrictions as set forth in subparagraphs (a)
 and (c) of the Commercial Computer Software - Restricted
 Rights clause in FAR 52.227-19.
  
 Gaussian, Inc.
 340 Quinnipiac St., Bldg. 40, Wallingford CT 06492
  
  
 ---------------------------------------------------------------
 Warning -- This program may not be used in any manner that
 competes with the business of Gaussian, Inc. or will provide
 assistance to any competitor of Gaussian, Inc.  The licensee
 of this program is prohibited from giving any competitor of
 Gaussian, Inc. access to this program.  By using this program,
 the user acknowledges that Gaussian, Inc. is engaged in the
 business of creating and licensing software in the field of
 computational chemistry and represents and warrants to the
 licensee that it is not a competitor of Gaussian, Inc. and that
 it will not use this program in any manner prohibited above.
 ---------------------------------------------------------------
  

 Cite this work as:
 Gaussian 16, Revision C.01,
 M. J. Frisch, G. W. Trucks, H. B. Schlegel, G. E. Scuseria, 
 M. A. Robb, J. R. Cheeseman, G. Scalmani, V. Barone, 
 G. A. Petersson, H. Nakatsuji, X. Li, M. Caricato, A. V. Marenich, 
 J. Bloino, B. G. Janesko, R. Gomperts, B. Mennucci, H. P. Hratchian, 
 J. V. Ortiz, A. F. Izmaylov, J. L. Sonnenberg, D. Williams-Young, 
 F. Ding, F. Lipparini, F. Egidi, J. Goings, B. Peng, A. Petrone, 
 T. Henderson, D. Ranasinghe, V. G. Zakrzewski, J. Gao, N. Rega, 
 G. Zheng, W. Liang, M. Hada, M. Ehara, K. Toyota, R. Fukuda, 
 J. Hasegawa, M. Ishida, T. Nakajima, Y. Honda, O. Kitao, H. Nakai, 
 T. Vreven, K. Throssell, J. A. Montgomery, Jr., J. E. Peralta, 
 F. Ogliaro, M. J. Bearpark, J. J. Heyd, E. N. Brothers, K. N. Kudin, 
 V. N. Staroverov, T. A. Keith, R. Kobayashi, J. Normand, 
 K. Raghavachari, A. P. Rendell, J. C. Burant, S. S. Iyengar, 
 J. Tomasi, M. Cossi, J. M. Millam, M. Klene, C. Adamo, R. Cammi, 
 J. W. Ochterski, R. L. Martin, K. Morokuma, O. Farkas, 
 J. B. Foresman, and D. J. Fox, Gaussian, Inc., Wallingford CT, 2019.
 
 ******************************************
 Gaussian 16:  EM64W-G16RevC.01 30-May-2019
                29-Jul-2026 
 ******************************************
 %chk=oop_072p631.chk
 %mem=4GB
 %nprocshared=8
 Will use up to    8 processors via shared memory.
 ----------------------------------------------------------
 #p RHF/STO-3G SCF=(Tight,XQC,MaxCycle=512) NoSymm Pop=Full
 ----------------------------------------------------------
 1/38=1,172=1/1;
 2/12=2,15=1,17=6,18=5,40=1/2;
 3/6=3,11=1,25=1,30=1,116=1/1,2,3;
 4//1;
 5/5=2,7=512,8=3,13=1,32=2,38=5/2,8;
 6/7=3,28=1/1;
 99/5=1,9=1/99;
 Leave Link    1 at Wed Jul 29 22:49:41 2026, MaxMem=   536870912 cpu:               0.0 elap:               0.2
 (Enter C:\G16W\l101.exe)
 ---------------------------------------------
 Diazene oop_072p631 | out_of_plane 72.631 deg
 ---------------------------------------------
 Symbolic Z-matrix:
 Charge =  0 Multiplicity = 1
 H                    -0.03098   0.6015   -1.2953 
 N                    -0.03098   0.6015   -0.23059 
 N                    -0.03098  -0.56623   0.30717 
 H                     0.89199  -1.09153   0.23125 
 
 ITRead=  0  0  0  0
 MicOpt= -1 -1 -1 -1
 NAtoms=      4 NQM=        4 NQMF=       0 NMMI=      0 NMMIF=      0
                NMic=       0 NMicF=      0.
                    Isotopes and Nuclear Properties:
 (Nuclear quadrupole moments (NQMom) in fm**2, nuclear magnetic moments (NMagM)
  in nuclear magnetons)

  Atom         1           2           3           4
 IAtWgt=           1          14          14           1
 AtmWgt=   1.0078250  14.0030740  14.0030740   1.0078250
 NucSpn=           1           2           2           1
 AtZEff=   0.0000000   0.0000000   0.0000000   0.0000000
 NQMom=    0.0000000   2.0440000   2.0440000   0.0000000
 NMagM=    2.7928460   0.4037610   0.4037610   2.7928460
 AtZNuc=   1.0000000   7.0000000   7.0000000   1.0000000
 Leave Link  101 at Wed Jul 29 22:49:41 2026, MaxMem=   536870912 cpu:               0.0 elap:               0.2
 (Enter C:\G16W\l202.exe)
                          Input orientation:                          
 ---------------------------------------------------------------------
 Center     Atomic      Atomic             Coordinates (Angstroms)
 Number     Number       Type             X           Y           Z
 ---------------------------------------------------------------------
      1          1           0       -0.030980    0.601500   -1.295300
      2          7           0       -0.030980    0.601500   -0.230590
      3          7           0       -0.030980   -0.566230    0.307170
      4          1           0        0.891990   -1.091530    0.231250
 ---------------------------------------------------------------------
                    Distance matrix (angstroms):
                    1          2          3          4
     1  H    0.000000
     2  N    1.064710   0.000000
     3  N    1.982802   1.285605   0.000000
     4  H    2.459386   1.982806   1.064696   0.000000
 Symmetry turned off by external request.
 Stoichiometry    H2N2
 Framework group  C1[X(H2N2)]
 Deg. of freedom     6
 Full point group                 C1      NOp   1
 Rotational constants (GHZ):         299.8742044          34.5677677          33.2089556
 Leave Link  202 at Wed Jul 29 22:49:41 2026, MaxMem=   536870912 cpu:               0.0 elap:               0.1
 (Enter C:\G16W\l301.exe)
 Standard basis: STO-3G (5D, 7F)
 Ernie: Thresh=  0.10000D-02 Tol=  0.10000D-05 Strict=F.
    12 basis functions,    36 primitive gaussians,    12 cartesian basis functions
     8 alpha electrons        8 beta electrons
       nuclear repulsion energy        31.0790449318 Hartrees.
 IExCor=    0 DFT=F Ex=HF Corr=None ExCW=0 ScaHFX=  1.000000
 ScaDFX=  1.000000  1.000000  1.000000  1.000000 ScalE2=  1.000000  1.000000
 IRadAn=      5 IRanWt=     -1 IRanGd=            0 ICorTp=0 IEmpDi=  4
 NAtoms=    4 NActive=    4 NUniq=    4 SFac= 1.00D+00 NAtFMM=   60 NAOKFM=F Big=F
 Integral buffers will be    131072 words long.
 Raffenetti 1 integral format.
 Two-electron integral symmetry is turned off.
 Leave Link  301 at Wed Jul 29 22:49:41 2026, MaxMem=   536870912 cpu:               0.0 elap:               0.1
 (Enter C:\G16W\l302.exe)
 NPDir=0 NMtPBC=     1 NCelOv=     1 NCel=       1 NClECP=     1 NCelD=      1
         NCelK=      1 NCelE2=     1 NClLst=     1 CellRange=     0.0.
 One-electron integrals computed using PRISM.
 NBasis=    12 RedAO= T EigKep=  2.65D-01  NBF=    12
 NBsUse=    12 1.00D-06 EigRej= -1.00D+00 NBFU=    12
 Leave Link  302 at Wed Jul 29 22:49:42 2026, MaxMem=   536870912 cpu:               1.0 elap:               0.2
 (Enter C:\G16W\l303.exe)
 DipDrv:  MaxL=1.
 Leave Link  303 at Wed Jul 29 22:49:42 2026, MaxMem=   536870912 cpu:               0.0 elap:               0.2
 (Enter C:\G16W\l401.exe)
 ExpMin= 1.69D-01 ExpMax= 9.91D+01 ExpMxC= 9.91D+01 IAcc=3 IRadAn=         5 AccDes= 0.00D+00
 Harris functional with IExCor=  205 and IRadAn=       5 diagonalized for initial guess.
 HarFok:  IExCor=  205 AccDes= 0.00D+00 IRadAn=         5 IDoV= 1 UseB2=F ITyADJ=14
 ICtDFT=  3500011 ScaDFX=  1.000000  1.000000  1.000000  1.000000
 FoFCou: FMM=F IPFlag=           0 FMFlag=      100000 FMFlg1=           0
         NFxFlg=           0 DoJE=T BraDBF=F KetDBF=T FulRan=T
         wScrn=  0.000000 ICntrl=       500 IOpCl=  0 I1Cent=   200000004 NGrid=           0
         NMat0=    1 NMatS0=      1 NMatT0=    0 NMatD0=    1 NMtDS0=    0 NMtDT0=    0
 Symmetry not used in FoFCou.
 Harris En= -108.525420121604    
 JPrj=0 DoOrth=F DoCkMO=F.
 Leave Link  401 at Wed Jul 29 22:49:42 2026, MaxMem=   536870912 cpu:               0.0 elap:               0.3
 (Enter C:\G16W\l502.exe)
 Keep R1 ints in memory in canonical form, NReq=1608196.
 FoFCou: FMM=F IPFlag=           0 FMFlag=           0 FMFlg1=           0
         NFxFlg=           0 DoJE=F BraDBF=F KetDBF=F FulRan=T
         wScrn=  0.000000 ICntrl=       600 IOpCl=  0 I1Cent=           0 NGrid=           0
         NMat0=    1 NMatS0=     78 NMatT0=    0 NMatD0=    1 NMtDS0=    0 NMtDT0=    0
 Symmetry not used in FoFCou.
 Two-electron integral symmetry not used.
 Closed shell SCF:
 Using DIIS extrapolation, IDIIS=  1040.
 NGot=   536870912 LenX=   536866319 LenY=   536865437
 Requested convergence on RMS density matrix=1.00D-08 within 128 cycles.
 Requested convergence on MAX density matrix=1.00D-06.
 Requested convergence on             energy=1.00D-06.
 No special actions if energy rises.

 Cycle   1  Pass 1  IDiag  1:
 E= -108.446796783604    
 DIIS: error= 3.21D-02 at cycle   1 NSaved=   1.
 NSaved= 1 IEnMin= 1 EnMin= -108.446796783604     IErMin= 1 ErrMin= 3.21D-02
 ErrMax= 3.21D-02  0.00D+00 EMaxC= 1.00D-01 BMatC= 1.67D-02 BMatP= 1.67D-02
 IDIUse=3 WtCom= 6.79D-01 WtEn= 3.21D-01
 Coeff-Com:  0.100D+01
 Coeff-En:   0.100D+01
 Coeff:      0.100D+01
 Gap=     0.452 Goal=   None    Shift=    0.000
 GapD=    0.452 DampG=2.000 DampE=0.500 DampFc=1.0000 IDamp=-1.
 RMSDP=1.23D-02 MaxDP=5.44D-02              OVMax= 0.00D+00

 Cycle   2  Pass 1  IDiag  1:
 E= -108.463123344644     Delta-E=       -0.016326561040 Rises=F Damp=F
 DIIS: error= 5.18D-03 at cycle   2 NSaved=   2.
 NSaved= 2 IEnMin= 2 EnMin= -108.463123344644     IErMin= 2 ErrMin= 5.18D-03
 ErrMax= 5.18D-03  0.00D+00 EMaxC= 1.00D-01 BMatC= 3.80D-04 BMatP= 1.67D-02
 IDIUse=3 WtCom= 9.48D-01 WtEn= 5.18D-02
 Coeff-Com: -0.858D-01 0.109D+01
 Coeff-En:   0.000D+00 0.100D+01
 Coeff:     -0.813D-01 0.108D+01
 Gap=     0.451 Goal=   None    Shift=    0.000
 RMSDP=3.07D-03 MaxDP=1.11D-02 DE=-1.63D-02 OVMax= 0.00D+00

 Cycle   3  Pass 1  IDiag  1:
 E= -108.464084592672     Delta-E=       -0.000961248028 Rises=F Damp=F
 DIIS: error= 2.15D-03 at cycle   3 NSaved=   3.
 NSaved= 3 IEnMin= 3 EnMin= -108.464084592672     IErMin= 3 ErrMin= 2.15D-03
 ErrMax= 2.15D-03  0.00D+00 EMaxC= 1.00D-01 BMatC= 6.97D-05 BMatP= 3.80D-04
 IDIUse=3 WtCom= 9.78D-01 WtEn= 2.15D-02
 Coeff-Com:  0.393D-01-0.686D+00 0.165D+01
 Coeff-En:   0.000D+00 0.000D+00 0.100D+01
 Coeff:      0.385D-01-0.671D+00 0.163D+01
 Gap=     0.454 Goal=   None    Shift=    0.000
 RMSDP=2.31D-03 MaxDP=9.27D-03 DE=-9.61D-04 OVMax= 0.00D+00

 Cycle   4  Pass 1  IDiag  1:
 E= -108.464434429205     Delta-E=       -0.000349836533 Rises=F Damp=F
 DIIS: error= 1.13D-03 at cycle   4 NSaved=   4.
 NSaved= 4 IEnMin= 4 EnMin= -108.464434429205     IErMin= 4 ErrMin= 1.13D-03
 ErrMax= 1.13D-03  0.00D+00 EMaxC= 1.00D-01 BMatC= 1.11D-05 BMatP= 6.97D-05
 IDIUse=3 WtCom= 9.89D-01 WtEn= 1.13D-02
 Coeff-Com: -0.262D-01 0.511D+00-0.162D+01 0.213D+01
 Coeff-En:   0.000D+00 0.000D+00 0.000D+00 0.100D+01
 Coeff:     -0.259D-01 0.505D+00-0.160D+01 0.212D+01
 Gap=     0.455 Goal=   None    Shift=    0.000
 RMSDP=1.52D-03 MaxDP=6.25D-03 DE=-3.50D-04 OVMax= 0.00D+00

 Cycle   5  Pass 1  IDiag  1:
 E= -108.464521323016     Delta-E=       -0.000086893812 Rises=F Damp=F
 DIIS: error= 2.40D-04 at cycle   5 NSaved=   5.
 NSaved= 5 IEnMin= 5 EnMin= -108.464521323016     IErMin= 5 ErrMin= 2.40D-04
 ErrMax= 2.40D-04  0.00D+00 EMaxC= 1.00D-01 BMatC= 4.96D-07 BMatP= 1.11D-05
 IDIUse=3 WtCom= 9.98D-01 WtEn= 2.40D-03
 Coeff-Com:  0.115D-01-0.227D+00 0.739D+00-0.110D+01 0.158D+01
 Coeff-En:   0.000D+00 0.000D+00 0.000D+00 0.000D+00 0.100D+01
 Coeff:      0.115D-01-0.227D+00 0.738D+00-0.110D+01 0.158D+01
 Gap=     0.455 Goal=   None    Shift=    0.000
 RMSDP=2.76D-04 MaxDP=1.02D-03 DE=-8.69D-05 OVMax= 0.00D+00

 Cycle   6  Pass 1  IDiag  1:
 E= -108.464524978686     Delta-E=       -0.000003655670 Rises=F Damp=F
 DIIS: error= 6.00D-05 at cycle   6 NSaved=   6.
 NSaved= 6 IEnMin= 6 EnMin= -108.464524978686     IErMin= 6 ErrMin= 6.00D-05
 ErrMax= 6.00D-05  0.00D+00 EMaxC= 1.00D-01 BMatC= 5.00D-08 BMatP= 4.96D-07
 IDIUse=1 WtCom= 1.00D+00 WtEn= 0.00D+00
 Coeff-Com: -0.209D-02 0.386D-01-0.131D+00 0.225D+00-0.714D+00 0.158D+01
 Coeff:     -0.209D-02 0.386D-01-0.131D+00 0.225D+00-0.714D+00 0.158D+01
 Gap=     0.455 Goal=   None    Shift=    0.000
 RMSDP=9.51D-05 MaxDP=3.55D-04 DE=-3.66D-06 OVMax= 0.00D+00

 Cycle   7  Pass 1  IDiag  1:
 E= -108.464525305352     Delta-E=       -0.000000326665 Rises=F Damp=F
 DIIS: error= 1.20D-05 at cycle   7 NSaved=   7.
 NSaved= 7 IEnMin= 7 EnMin= -108.464525305352     IErMin= 7 ErrMin= 1.20D-05
 ErrMax= 1.20D-05  0.00D+00 EMaxC= 1.00D-01 BMatC= 1.95D-09 BMatP= 5.00D-08
 IDIUse=1 WtCom= 1.00D+00 WtEn= 0.00D+00
 Coeff-Com: -0.635D-03 0.121D-01-0.392D-01 0.612D-01-0.122D+00 0.157D+00
 Coeff-Com:  0.932D+00
 Coeff:     -0.635D-03 0.121D-01-0.392D-01 0.612D-01-0.122D+00 0.157D+00
 Coeff:      0.932D+00
 Gap=     0.455 Goal=   None    Shift=    0.000
 RMSDP=6.99D-06 MaxDP=3.51D-05 DE=-3.27D-07 OVMax= 0.00D+00

 Cycle   8  Pass 1  IDiag  1:
 E= -108.464525309899     Delta-E=       -0.000000004547 Rises=F Damp=F
 DIIS: error= 4.80D-06 at cycle   8 NSaved=   8.
 NSaved= 8 IEnMin= 8 EnMin= -108.464525309899     IErMin= 8 ErrMin= 4.80D-06
 ErrMax= 4.80D-06  0.00D+00 EMaxC= 1.00D-01 BMatC= 4.14D-10 BMatP= 1.95D-09
 IDIUse=1 WtCom= 1.00D+00 WtEn= 0.00D+00
 Coeff-Com:  0.341D-03-0.627D-02 0.221D-01-0.401D-01 0.150D+00-0.360D+00
 Coeff-Com:  0.190D+00 0.104D+01
 Coeff:      0.341D-03-0.627D-02 0.221D-01-0.401D-01 0.150D+00-0.360D+00
 Coeff:      0.190D+00 0.104D+01
 Gap=     0.455 Goal=   None    Shift=    0.000
 RMSDP=3.58D-06 MaxDP=1.13D-05 DE=-4.55D-09 OVMax= 0.00D+00

 Cycle   9  Pass 1  IDiag  1:
 E= -108.464525310891     Delta-E=       -0.000000000992 Rises=F Damp=F
 DIIS: error= 4.64D-07 at cycle   9 NSaved=   9.
 NSaved= 9 IEnMin= 9 EnMin= -108.464525310891     IErMin= 9 ErrMin= 4.64D-07
 ErrMax= 4.64D-07  0.00D+00 EMaxC= 1.00D-01 BMatC= 3.96D-12 BMatP= 4.14D-10
 IDIUse=1 WtCom= 1.00D+00 WtEn= 0.00D+00
 Coeff-Com: -0.108D-03 0.196D-02-0.686D-02 0.124D-01-0.477D-01 0.117D+00
 Coeff-Com: -0.849D-01-0.351D+00 0.136D+01
 Coeff:     -0.108D-03 0.196D-02-0.686D-02 0.124D-01-0.477D-01 0.117D+00
 Coeff:     -0.849D-01-0.351D+00 0.136D+01
 Gap=     0.455 Goal=   None    Shift=    0.000
 RMSDP=5.52D-07 MaxDP=1.52D-06 DE=-9.92D-10 OVMax= 0.00D+00

 Cycle  10  Pass 1  IDiag  1:
 E= -108.464525310903     Delta-E=       -0.000000000013 Rises=F Damp=F
 DIIS: error= 6.67D-08 at cycle  10 NSaved=  10.
 NSaved=10 IEnMin=10 EnMin= -108.464525310903     IErMin=10 ErrMin= 6.67D-08
 ErrMax= 6.67D-08  0.00D+00 EMaxC= 1.00D-01 BMatC= 7.13D-14 BMatP= 3.96D-12
 IDIUse=1 WtCom= 1.00D+00 WtEn= 0.00D+00
 Coeff-Com:  0.199D-04-0.354D-03 0.123D-02-0.217D-02 0.814D-02-0.201D-01
 Coeff-Com:  0.159D-01 0.600D-01-0.319D+00 0.126D+01
 Coeff:      0.199D-04-0.354D-03 0.123D-02-0.217D-02 0.814D-02-0.201D-01
 Coeff:      0.159D-01 0.600D-01-0.319D+00 0.126D+01
 Gap=     0.455 Goal=   None    Shift=    0.000
 RMSDP=6.98D-08 MaxDP=1.76D-07 DE=-1.28D-11 OVMax= 0.00D+00

 Cycle  11  Pass 1  IDiag  1:
 E= -108.464525310904     Delta-E=        0.000000000000 Rises=F Damp=F
 DIIS: error= 1.00D-08 at cycle  11 NSaved=  11.
 NSaved=11 IEnMin=11 EnMin= -108.464525310904     IErMin=11 ErrMin= 1.00D-08
 ErrMax= 1.00D-08  0.00D+00 EMaxC= 1.00D-01 BMatC= 2.11D-15 BMatP= 7.13D-14
 IDIUse=1 WtCom= 1.00D+00 WtEn= 0.00D+00
 Coeff-Com: -0.138D-06 0.979D-06 0.176D-05-0.239D-04 0.185D-03-0.481D-03
 Coeff-Com:  0.296D-03 0.121D-02 0.102D-01-0.212D+00 0.120D+01
 Coeff:     -0.138D-06 0.979D-06 0.176D-05-0.239D-04 0.185D-03-0.481D-03
 Coeff:      0.296D-03 0.121D-02 0.102D-01-0.212D+00 0.120D+01
 Gap=     0.455 Goal=   None    Shift=    0.000
 RMSDP=1.36D-08 MaxDP=4.58D-08 DE=-2.84D-13 OVMax= 0.00D+00

 Cycle  12  Pass 1  IDiag  1:
 E= -108.464525310904     Delta-E=        0.000000000000 Rises=F Damp=F
 DIIS: error= 5.30D-09 at cycle  12 NSaved=  12.
 NSaved=12 IEnMin=11 EnMin= -108.464525310904     IErMin=12 ErrMin= 5.30D-09
 ErrMax= 5.30D-09  0.00D+00 EMaxC= 1.00D-01 BMatC= 2.92D-16 BMatP= 2.11D-15
 IDIUse=1 WtCom= 1.00D+00 WtEn= 0.00D+00
 Coeff-Com: -0.142D-06 0.329D-05-0.140D-04 0.351D-04-0.178D-03 0.447D-03
 Coeff-Com: -0.175D-03-0.157D-02-0.135D-02 0.929D-01-0.633D+00 0.154D+01
 Coeff:     -0.142D-06 0.329D-05-0.140D-04 0.351D-04-0.178D-03 0.447D-03
 Coeff:     -0.175D-03-0.157D-02-0.135D-02 0.929D-01-0.633D+00 0.154D+01
 Gap=     0.455 Goal=   None    Shift=    0.000
 RMSDP=7.20D-09 MaxDP=3.19D-08 DE= 1.14D-13 OVMax= 0.00D+00

 SCF Done:  E(RHF) =  -108.464525311     A.U. after   12 cycles
            NFock= 12  Conv=0.72D-08     -V/T= 2.0081
 KE= 1.075977582038D+02 PE=-3.172164190177D+02 EE= 7.007509057117D+01
 Leave Link  502 at Wed Jul 29 22:49:43 2026, MaxMem=   536870912 cpu:               1.0 elap:               0.4
 (Enter C:\G16W\l508.exe)
 QCSCF skips out because SCF is already converged.
 Leave Link  508 at Wed Jul 29 22:49:43 2026, MaxMem=   536870912 cpu:               0.0 elap:               0.1
 (Enter C:\G16W\l601.exe)
 Copying SCF densities to generalized density rwf, IOpCl= 0 IROHF=0.

 **********************************************************************

            Population analysis using the SCF Density.

 **********************************************************************

 Alpha  occ. eigenvalues --  -15.38821 -15.38797  -1.25467  -0.86617  -0.63754
 Alpha  occ. eigenvalues --   -0.47291  -0.45361  -0.27315
 Alpha virt. eigenvalues --    0.18214   0.59717   0.60394   0.84181
     Molecular Orbital Coefficients:
                           1         2         3         4         5
                           O         O         O         O         O
     Eigenvalues --   -15.38821 -15.38797  -1.25467  -0.86617  -0.63754
   1 1   H  1S         -0.00449  -0.00467   0.07859   0.24947  -0.33544
   2 2   N  1S          0.70956   0.69592  -0.16702  -0.14637  -0.01329
   3        2S          0.02453   0.01539   0.52801   0.56646   0.05593
   4        2PX         0.00051   0.00026   0.03050  -0.01413  -0.10984
   5        2PY        -0.00644  -0.00040  -0.16314   0.08642  -0.16576
   6        2PZ        -0.00005  -0.00264   0.00674  -0.18509   0.43120
   7 3   N  1S         -0.69528   0.71018  -0.16702   0.14637  -0.01329
   8        2S         -0.02422   0.01589   0.52801  -0.56645   0.05596
   9        2PX        -0.00241   0.00242   0.05018  -0.13018  -0.27484
  10        2PY        -0.00477  -0.00100   0.11722   0.15247   0.38469
  11        2PZ         0.00361  -0.00068  -0.10645  -0.04169   0.04419
  12 4   H  1S          0.00440  -0.00477   0.07859  -0.24948  -0.33544
                           6         7         8         9        10
                           O         O         O         V         V
     Eigenvalues --    -0.47291  -0.45361  -0.27315   0.18214   0.59717
   1 1   H  1S          0.03164  -0.17120   0.28466  -0.25739   0.79130
   2 2   N  1S         -0.05204  -0.07055   0.05549  -0.03814   0.06859
   3        2S          0.26132   0.34105  -0.28811   0.23425  -0.46312
   4        2PX        -0.30519   0.39397   0.56438   0.63949   0.18385
   5        2PY         0.53241   0.23410  -0.24389   0.29205   0.01201
   6        2PZ         0.12490   0.32769  -0.23709   0.09085   0.64118
   7 3   N  1S         -0.05203   0.07056  -0.05549  -0.03814   0.06843
   8        2S          0.26126  -0.34109   0.28811   0.23426  -0.46203
   9        2PX        -0.22964   0.49518  -0.13441  -0.38626  -0.61458
  10        2PY        -0.22796   0.17656   0.15381  -0.43617   0.23360
  11        2PZ         0.53618   0.20257   0.62651  -0.40379  -0.10824
  12 4   H  1S          0.03167   0.17119  -0.28465  -0.25739   0.78998
                          11        12
                           V         V
     Eigenvalues --     0.60394   0.84181
   1 1   H  1S         -0.78526  -0.22845
   2 2   N  1S         -0.10236   0.08706
   3        2S          0.67009  -0.60273
   4        2PX         0.11181   0.05581
   5        2PY        -0.36333   0.84971
   6        2PZ        -0.50262  -0.58434
   7 3   N  1S          0.10247  -0.08706
   8        2S         -0.67088   0.60270
   9        2PX        -0.54842  -0.15070
  10        2PY         0.01224   0.96724
  11        2PZ         0.31184  -0.32916
  12 4   H  1S          0.78660   0.22849
     Density Matrix:
                           1         2         3         4         5
   1 1   H  1S          0.58464
   2 2   N  1S         -0.05079   2.09606
   3        2S          0.06346  -0.39474   1.74250
   4        2PX         0.23854   0.03676  -0.21205   1.16015
   5        2PY        -0.05657  -0.09161   0.48523  -0.39180   0.91871
   6        2PZ        -0.61983  -0.04882   0.27100  -0.17474   0.22493
   7 3   N  1S         -0.00374   0.00438   0.02861   0.01297   0.09730
   8        2S          0.06023   0.02861  -0.34071  -0.06710  -0.31048
   9        2PX        -0.13328  -0.03229   0.16991   0.44574   0.10515
  10        2PY        -0.15084  -0.08630   0.25195   0.37021  -0.37447
  11        2PZ         0.25405   0.03591  -0.09715   0.52451   0.37301
  12 4   H  1S         -0.10575  -0.00373   0.06023  -0.12022   0.29511
                           6         7         8         9        10
   6        2PZ         0.79888
   7 3   N  1S         -0.01203   2.09606
   8        2S         -0.02992  -0.39474   1.74248
   9        2PX         0.14274   0.06792  -0.36534   0.82204
  10        2PY         0.26274   0.03203  -0.15661  -0.00116   0.58358
  11        2PZ         0.02173  -0.08055   0.44255  -0.23820   0.01611
  12 4   H  1S          0.05924  -0.05080   0.06347   0.48869  -0.35732
                          11        12
  11        2PZ         1.47215
  12 4   H  1S         -0.27890   0.58463
    Full Mulliken population analysis:
                           1         2         3         4         5
   1 1   H  1S          0.58464
   2 2   N  1S         -0.00262   2.09606
   3        2S          0.02936  -0.09278   1.74250
   4        2PX         0.00000   0.00000   0.00000   1.16015
   5        2PY         0.00000   0.00000   0.00000   0.00000   0.91871
   6        2PZ         0.26095   0.00000   0.00000   0.00000   0.00000
   7 3   N  1S         -0.00002   0.00000   0.00088   0.00000  -0.00453
   8        2S          0.00629   0.00088  -0.11466   0.00000   0.10346
   9        2PX         0.00000   0.00000   0.00000   0.08547   0.00000
  10        2PY        -0.01099  -0.00402   0.08396   0.00000   0.08760
  11        2PZ        -0.02541  -0.00077   0.01491   0.00000   0.07312
  12 4   H  1S         -0.00565  -0.00002   0.00629  -0.00693  -0.03119
                           6         7         8         9        10
   6        2PZ         0.79888
   7 3   N  1S         -0.00026   2.09606
   8        2S         -0.00459  -0.09278   1.74248
   9        2PX         0.00000   0.00000   0.00000   0.82204
  10        2PY         0.05150   0.00000   0.00000   0.00000   0.58358
  11        2PZ         0.00221   0.00000   0.00000   0.00000   0.00000
  12 4   H  1S          0.00171  -0.00262   0.02936   0.17835   0.07422
                          11        12
  11        2PZ         1.47215
  12 4   H  1S          0.00837   0.58463
     Gross orbital populations:
                           1
   1 1   H  1S          0.83654
   2 2   N  1S          1.99674
   3        2S          1.67046
   4        2PX         1.23869
   5        2PY         1.14717
   6        2PZ         1.11039
   7 3   N  1S          1.99674
   8        2S          1.67045
   9        2PX         1.08585
  10        2PY         0.86585
  11        2PZ         1.54458
  12 4   H  1S          0.83653
          Condensed to atoms (all electrons):
               1          2          3          4
     1  H    0.584641   0.287683  -0.030137  -0.005649
     2  N    0.287683   6.530748   0.375166  -0.030136
     3  N   -0.030137   0.375166   6.530757   0.287687
     4  H   -0.005649  -0.030136   0.287687   0.584627
 Mulliken charges:
               1
     1  H    0.163463
     2  N   -0.163460
     3  N   -0.163473
     4  H    0.163471
 Sum of Mulliken charges =   0.00000
 Mulliken charges with hydrogens summed into heavy atoms:
               1
     2  N    0.000002
     3  N   -0.000002
 Electronic spatial extent (au):  <R**2>=             59.2821
 Charge=              0.0000 electrons
 Dipole moment (field-independent basis, Debye):
    X=              1.6117    Y=             -0.9173    Z=             -1.9918  Tot=              2.7215
 Quadrupole moment (field-independent basis, Debye-Ang):
   XX=            -10.3196   YY=            -11.5158   ZZ=            -10.3293
   XY=             -0.4527   XZ=              0.7756   YZ=             -0.1382
 Traceless Quadrupole moment (field-independent basis, Debye-Ang):
   XX=              0.4019   YY=             -0.7942   ZZ=              0.3923
   XY=             -0.4527   XZ=              0.7756   YZ=             -0.1382
 Octapole moment (field-independent basis, Debye-Ang**2):
  XXX=              0.2536  YYY=             -1.6139  ZZZ=             -2.0910  XYY=              1.4190
  XXY=             -0.8807  XXZ=              0.4408  XZZ=             -0.1099  YZZ=              1.6050
  YYZ=             -0.2811  XYZ=             -0.4200
 Hexadecapole moment (field-independent basis, Debye-Ang**3):
 XXXX=             -9.4871 YYYY=            -33.8239 ZZZZ=            -16.1591 XXXY=              1.2818
 XXXZ=             -0.0415 YYYX=              1.7474 YYYZ=              6.5798 ZZZX=              0.1127
 ZZZY=              5.9595 XXYY=             -6.4533 XXZZ=             -4.8602 YYZZ=             -8.6224
 XXYZ=              2.0834 YYXZ=              0.2788 ZZXY=              0.4103
 N-N= 3.107904493182D+01 E-N=-3.172164190145D+02  KE= 1.075977582038D+02
 Orbital energies and kinetic energies (alpha):
                                 1                 2
   1         O               -15.388212         21.695226
   2         O               -15.387968         21.735823
   3         O                -1.254673          1.837465
   4         O                -0.866169          1.754259
   5         O                -0.637545          1.277501
   6         O                -0.472913          1.791226
   7         O                -0.453612          1.698239
   8         O                -0.273147          2.009141
   9         V                 0.182137          2.096301
  10         V                 0.597173          2.446877
  11         V                 0.603939          2.717881
  12         V                 0.841809          3.701386
 Total kinetic energy from orbitals= 1.075977582038D+02
 No NMR shielding tensors so no spin-rotation constants.
 Leave Link  601 at Wed Jul 29 22:49:43 2026, MaxMem=   536870912 cpu:               0.0 elap:               0.2
 (Enter C:\G16W\l9999.exe)
 Unable to Open any file for archive entry.
 1|1|UNPC-LAPTOP-34RRSFDS|SP|RHF|STO-3G|H2N2|THINK|29-Jul-2026|0||#p RH
 F/STO-3G SCF=(Tight,XQC,MaxCycle=512) NoSymm Pop=Full||Diazene oop_072
 p631 | out_of_plane 72.631 deg||0,1|H,0,-0.03098,0.6015,-1.2953|N,0,-0
 .03098,0.6015,-0.23059|N,0,-0.03098,-0.56623,0.30717|H,0,0.89199,-1.09
 153,0.23125||Version=EM64W-G16RevC.01|HF=-108.4645253|RMSD=7.197e-009|
 Dipole=0.6341079,-0.3608937,-0.7836325|Quadrupole=0.2988316,-0.5904855
 ,0.2916539,-0.3365767,0.5766362,-0.1027558|PG=C01 [X(H2N2)]||@
 The archive entry for this job was punched.


 SCIENCE IS LONG AND LIFE IS SHORT.

                     DON MOSER IN THE FEBRUARY 1979 SMITHSONIAN
 Job cpu time:       0 days  0 hours  0 minutes  2.0 seconds.
 Elapsed time:       0 days  0 hours  0 minutes  2.2 seconds.
 File lengths (MBytes):  RWF=      6 Int=      0 D2E=      0 Chk=      1 Scr=      1
 Normal termination of Gaussian 16 at Wed Jul 29 22:49:43 2026.
