 Entering Link 1 = C:\G16W\l1.exe PID=     59504.
  
 Copyright (c) 1988-2019, Gaussian, Inc.  All Rights Reserved.
  
 This is part of the Gaussian(R) 16 program.  It is based on
 the Gaussian(R) 09 system (copyright 2009, Gaussian, Inc.),
 the Gaussian(R) 03 system (copyright 2003, Gaussian, Inc.),
 the Gaussian(R) 98 system (copyright 1998, Gaussian, Inc.),
 the Gaussian(R) 94 system (copyright 1995, Gaussian, Inc.),
 the Gaussian 92(TM) system (copyright 1992, Gaussian, Inc.),
 the Gaussian 90(TM) system (copyright 1990, Gaussian, Inc.),
 the Gaussian 88(TM) system (copyright 1988, Gaussian, Inc.),
 the Gaussian 86(TM) system (copyright 1986, Carnegie Mellon
 University), and the Gaussian 82(TM) system (copyright 1983,
 Carnegie Mellon University). Gaussian is a federally registered
 trademark of Gaussian, Inc.
  
 This software contains proprietary and confidential information,
 including trade secrets, belonging to Gaussian, Inc.
  
 This software is provided under written license and may be
 used, copied, transmitted, or stored only in accord with that
 written license.
  
 The following legend is applicable only to US Government
 contracts under FAR:
  
                    RESTRICTED RIGHTS LEGEND
  
 Use, reproduction and disclosure by the US Government is
 subject to restrictions as set forth in subparagraphs (a)
 and (c) of the Commercial Computer Software - Restricted
 Rights clause in FAR 52.227-19.
  
 Gaussian, Inc.
 340 Quinnipiac St., Bldg. 40, Wallingford CT 06492
  
  
 ---------------------------------------------------------------
 Warning -- This program may not be used in any manner that
 competes with the business of Gaussian, Inc. or will provide
 assistance to any competitor of Gaussian, Inc.  The licensee
 of this program is prohibited from giving any competitor of
 Gaussian, Inc. access to this program.  By using this program,
 the user acknowledges that Gaussian, Inc. is engaged in the
 business of creating and licensing software in the field of
 computational chemistry and represents and warrants to the
 licensee that it is not a competitor of Gaussian, Inc. and that
 it will not use this program in any manner prohibited above.
 ---------------------------------------------------------------
  

 Cite this work as:
 Gaussian 16, Revision C.01,
 M. J. Frisch, G. W. Trucks, H. B. Schlegel, G. E. Scuseria, 
 M. A. Robb, J. R. Cheeseman, G. Scalmani, V. Barone, 
 G. A. Petersson, H. Nakatsuji, X. Li, M. Caricato, A. V. Marenich, 
 J. Bloino, B. G. Janesko, R. Gomperts, B. Mennucci, H. P. Hratchian, 
 J. V. Ortiz, A. F. Izmaylov, J. L. Sonnenberg, D. Williams-Young, 
 F. Ding, F. Lipparini, F. Egidi, J. Goings, B. Peng, A. Petrone, 
 T. Henderson, D. Ranasinghe, V. G. Zakrzewski, J. Gao, N. Rega, 
 G. Zheng, W. Liang, M. Hada, M. Ehara, K. Toyota, R. Fukuda, 
 J. Hasegawa, M. Ishida, T. Nakajima, Y. Honda, O. Kitao, H. Nakai, 
 T. Vreven, K. Throssell, J. A. Montgomery, Jr., J. E. Peralta, 
 F. Ogliaro, M. J. Bearpark, J. J. Heyd, E. N. Brothers, K. N. Kudin, 
 V. N. Staroverov, T. A. Keith, R. Kobayashi, J. Normand, 
 K. Raghavachari, A. P. Rendell, J. C. Burant, S. S. Iyengar, 
 J. Tomasi, M. Cossi, J. M. Millam, M. Klene, C. Adamo, R. Cammi, 
 J. W. Ochterski, R. L. Martin, K. Morokuma, O. Farkas, 
 J. B. Foresman, and D. J. Fox, Gaussian, Inc., Wallingford CT, 2019.
 
 ******************************************
 Gaussian 16:  EM64W-G16RevC.01 30-May-2019
                29-Jul-2026 
 ******************************************
 %chk=oop_183p522.chk
 %mem=4GB
 %nprocshared=8
 Will use up to    8 processors via shared memory.
 ----------------------------------------------------------
 #p RHF/STO-3G SCF=(Tight,XQC,MaxCycle=512) NoSymm Pop=Full
 ----------------------------------------------------------
 1/38=1,172=1/1;
 2/12=2,15=1,17=6,18=5,40=1/2;
 3/6=3,11=1,25=1,30=1,116=1/1,2,3;
 4//1;
 5/5=2,7=512,8=3,13=1,32=2,38=5/2,8;
 6/7=3,28=1/1;
 99/5=1,9=1/99;
 Leave Link    1 at Wed Jul 29 22:49:08 2026, MaxMem=   536870912 cpu:               0.0 elap:               0.2
 (Enter C:\G16W\l101.exe)
 ----------------------------------------------
 Diazene oop_183p522 | out_of_plane 183.522 deg
 ----------------------------------------------
 Symbolic Z-matrix:
 Charge =  0 Multiplicity = 1
 H                     0.00211   0.61159  -1.22471 
 N                     0.00211   0.61159  -0.16627 
 N                     0.00211  -0.61155   0.1664 
 H                    -0.06064  -0.61209   1.22297 
 
 ITRead=  0  0  0  0
 MicOpt= -1 -1 -1 -1
 NAtoms=      4 NQM=        4 NQMF=       0 NMMI=      0 NMMIF=      0
                NMic=       0 NMicF=      0.
                    Isotopes and Nuclear Properties:
 (Nuclear quadrupole moments (NQMom) in fm**2, nuclear magnetic moments (NMagM)
  in nuclear magnetons)

  Atom         1           2           3           4
 IAtWgt=           1          14          14           1
 AtmWgt=   1.0078250  14.0030740  14.0030740   1.0078250
 NucSpn=           1           2           2           1
 AtZEff=   0.0000000   0.0000000   0.0000000   0.0000000
 NQMom=    0.0000000   2.0440000   2.0440000   0.0000000
 NMagM=    2.7928460   0.4037610   0.4037610   2.7928460
 AtZNuc=   1.0000000   7.0000000   7.0000000   1.0000000
 Leave Link  101 at Wed Jul 29 22:49:09 2026, MaxMem=   536870912 cpu:               1.0 elap:               0.2
 (Enter C:\G16W\l202.exe)
                          Input orientation:                          
 ---------------------------------------------------------------------
 Center     Atomic      Atomic             Coordinates (Angstroms)
 Number     Number       Type             X           Y           Z
 ---------------------------------------------------------------------
      1          1           0        0.002110    0.611590   -1.224710
      2          7           0        0.002110    0.611590   -0.166270
      3          7           0        0.002110   -0.611550    0.166400
      4          1           0       -0.060640   -0.612090    1.222970
 ---------------------------------------------------------------------
                    Distance matrix (angstroms):
                    1          2          3          4
     1  H    0.000000
     2  N    1.058440   0.000000
     3  N    1.852366   1.267573   0.000000
     4  H    2.737237   1.852382   1.058432   0.000000
 Symmetry turned off by external request.
 Stoichiometry    H2N2
 Framework group  C1[X(H2N2)]
 Deg. of freedom     6
 Full point group                 C1      NOp   1
 Rotational constants (GHZ):         282.8748243          38.1639123          33.6354189
 Leave Link  202 at Wed Jul 29 22:49:09 2026, MaxMem=   536870912 cpu:               0.0 elap:               0.1
 (Enter C:\G16W\l301.exe)
 Standard basis: STO-3G (5D, 7F)
 Ernie: Thresh=  0.10000D-02 Tol=  0.10000D-05 Strict=F.
    12 basis functions,    36 primitive gaussians,    12 cartesian basis functions
     8 alpha electrons        8 beta electrons
       nuclear repulsion energy        31.6484079461 Hartrees.
 IExCor=    0 DFT=F Ex=HF Corr=None ExCW=0 ScaHFX=  1.000000
 ScaDFX=  1.000000  1.000000  1.000000  1.000000 ScalE2=  1.000000  1.000000
 IRadAn=      5 IRanWt=     -1 IRanGd=            0 ICorTp=0 IEmpDi=  4
 NAtoms=    4 NActive=    4 NUniq=    4 SFac= 1.00D+00 NAtFMM=   60 NAOKFM=F Big=F
 Integral buffers will be    131072 words long.
 Raffenetti 1 integral format.
 Two-electron integral symmetry is turned off.
 Leave Link  301 at Wed Jul 29 22:49:09 2026, MaxMem=   536870912 cpu:               0.0 elap:               0.1
 (Enter C:\G16W\l302.exe)
 NPDir=0 NMtPBC=     1 NCelOv=     1 NCel=       1 NClECP=     1 NCelD=      1
         NCelK=      1 NCelE2=     1 NClLst=     1 CellRange=     0.0.
 One-electron integrals computed using PRISM.
 NBasis=    12 RedAO= T EigKep=  2.48D-01  NBF=    12
 NBsUse=    12 1.00D-06 EigRej= -1.00D+00 NBFU=    12
 Leave Link  302 at Wed Jul 29 22:49:09 2026, MaxMem=   536870912 cpu:               0.0 elap:               0.2
 (Enter C:\G16W\l303.exe)
 DipDrv:  MaxL=1.
 Leave Link  303 at Wed Jul 29 22:49:09 2026, MaxMem=   536870912 cpu:               0.0 elap:               0.2
 (Enter C:\G16W\l401.exe)
 ExpMin= 1.69D-01 ExpMax= 9.91D+01 ExpMxC= 9.91D+01 IAcc=3 IRadAn=         5 AccDes= 0.00D+00
 Harris functional with IExCor=  205 and IRadAn=       5 diagonalized for initial guess.
 HarFok:  IExCor=  205 AccDes= 0.00D+00 IRadAn=         5 IDoV= 1 UseB2=F ITyADJ=14
 ICtDFT=  3500011 ScaDFX=  1.000000  1.000000  1.000000  1.000000
 FoFCou: FMM=F IPFlag=           0 FMFlag=      100000 FMFlg1=           0
         NFxFlg=           0 DoJE=T BraDBF=F KetDBF=T FulRan=T
         wScrn=  0.000000 ICntrl=       500 IOpCl=  0 I1Cent=   200000004 NGrid=           0
         NMat0=    1 NMatS0=      1 NMatT0=    0 NMatD0=    1 NMtDS0=    0 NMtDT0=    0
 Symmetry not used in FoFCou.
 Harris En= -108.595140581720    
 JPrj=0 DoOrth=F DoCkMO=F.
 Leave Link  401 at Wed Jul 29 22:49:10 2026, MaxMem=   536870912 cpu:               1.0 elap:               0.3
 (Enter C:\G16W\l502.exe)
 Keep R1 ints in memory in canonical form, NReq=1608234.
 FoFCou: FMM=F IPFlag=           0 FMFlag=           0 FMFlg1=           0
         NFxFlg=           0 DoJE=F BraDBF=F KetDBF=F FulRan=T
         wScrn=  0.000000 ICntrl=       600 IOpCl=  0 I1Cent=           0 NGrid=           0
         NMat0=    1 NMatS0=     78 NMatT0=    0 NMatD0=    1 NMtDS0=    0 NMtDT0=    0
 Symmetry not used in FoFCou.
 Two-electron integral symmetry not used.
 Closed shell SCF:
 Using DIIS extrapolation, IDIIS=  1040.
 NGot=   536870912 LenX=   536866319 LenY=   536865437
 Requested convergence on RMS density matrix=1.00D-08 within 128 cycles.
 Requested convergence on MAX density matrix=1.00D-06.
 Requested convergence on             energy=1.00D-06.
 No special actions if energy rises.

 Cycle   1  Pass 1  IDiag  1:
 E= -108.548104801580    
 DIIS: error= 2.97D-02 at cycle   1 NSaved=   1.
 NSaved= 1 IEnMin= 1 EnMin= -108.548104801580     IErMin= 1 ErrMin= 2.97D-02
 ErrMax= 2.97D-02  0.00D+00 EMaxC= 1.00D-01 BMatC= 1.24D-02 BMatP= 1.24D-02
 IDIUse=3 WtCom= 7.03D-01 WtEn= 2.97D-01
 Coeff-Com:  0.100D+01
 Coeff-En:   0.100D+01
 Coeff:      0.100D+01
 Gap=     0.579 Goal=   None    Shift=    0.000
 GapD=    0.579 DampG=2.000 DampE=0.500 DampFc=1.0000 IDamp=-1.
 RMSDP=8.25D-03 MaxDP=4.27D-02              OVMax= 0.00D+00

 Cycle   2  Pass 1  IDiag  1:
 E= -108.556456702213     Delta-E=       -0.008351900633 Rises=F Damp=F
 DIIS: error= 3.37D-03 at cycle   2 NSaved=   2.
 NSaved= 2 IEnMin= 2 EnMin= -108.556456702213     IErMin= 2 ErrMin= 3.37D-03
 ErrMax= 3.37D-03  0.00D+00 EMaxC= 1.00D-01 BMatC= 1.34D-04 BMatP= 1.24D-02
 IDIUse=3 WtCom= 9.66D-01 WtEn= 3.37D-02
 Coeff-Com: -0.829D-01 0.108D+01
 Coeff-En:   0.000D+00 0.100D+01
 Coeff:     -0.801D-01 0.108D+01
 Gap=     0.574 Goal=   None    Shift=    0.000
 RMSDP=1.35D-03 MaxDP=5.16D-03 DE=-8.35D-03 OVMax= 0.00D+00

 Cycle   3  Pass 1  IDiag  1:
 E= -108.556657705242     Delta-E=       -0.000201003029 Rises=F Damp=F
 DIIS: error= 6.08D-04 at cycle   3 NSaved=   3.
 NSaved= 3 IEnMin= 3 EnMin= -108.556657705242     IErMin= 3 ErrMin= 6.08D-04
 ErrMax= 6.08D-04  0.00D+00 EMaxC= 1.00D-01 BMatC= 5.07D-06 BMatP= 1.34D-04
 IDIUse=3 WtCom= 9.94D-01 WtEn= 6.08D-03
 Coeff-Com:  0.223D-01-0.379D+00 0.136D+01
 Coeff-En:   0.000D+00 0.000D+00 0.100D+01
 Coeff:      0.222D-01-0.376D+00 0.135D+01
 Gap=     0.574 Goal=   None    Shift=    0.000
 RMSDP=4.00D-04 MaxDP=1.38D-03 DE=-2.01D-04 OVMax= 0.00D+00

 Cycle   4  Pass 1  IDiag  1:
 E= -108.556668071869     Delta-E=       -0.000010366628 Rises=F Damp=F
 DIIS: error= 5.25D-05 at cycle   4 NSaved=   4.
 NSaved= 4 IEnMin= 4 EnMin= -108.556668071869     IErMin= 4 ErrMin= 5.25D-05
 ErrMax= 5.25D-05  0.00D+00 EMaxC= 1.00D-01 BMatC= 4.27D-08 BMatP= 5.07D-06
 IDIUse=1 WtCom= 1.00D+00 WtEn= 0.00D+00
 Coeff-Com: -0.472D-02 0.826D-01-0.328D+00 0.125D+01
 Coeff:     -0.472D-02 0.826D-01-0.328D+00 0.125D+01
 Gap=     0.574 Goal=   None    Shift=    0.000
 RMSDP=5.06D-05 MaxDP=1.69D-04 DE=-1.04D-05 OVMax= 0.00D+00

 Cycle   5  Pass 1  IDiag  1:
 E= -108.556668187023     Delta-E=       -0.000000115154 Rises=F Damp=F
 DIIS: error= 1.11D-05 at cycle   5 NSaved=   5.
 NSaved= 5 IEnMin= 5 EnMin= -108.556668187023     IErMin= 5 ErrMin= 1.11D-05
 ErrMax= 1.11D-05  0.00D+00 EMaxC= 1.00D-01 BMatC= 1.89D-09 BMatP= 4.27D-08
 IDIUse=1 WtCom= 1.00D+00 WtEn= 0.00D+00
 Coeff-Com:  0.888D-03-0.160D-01 0.664D-01-0.420D+00 0.137D+01
 Coeff:      0.888D-03-0.160D-01 0.664D-01-0.420D+00 0.137D+01
 Gap=     0.574 Goal=   None    Shift=    0.000
 RMSDP=1.31D-05 MaxDP=5.70D-05 DE=-1.15D-07 OVMax= 0.00D+00

 Cycle   6  Pass 1  IDiag  1:
 E= -108.556668192115     Delta-E=       -0.000000005092 Rises=F Damp=F
 DIIS: error= 9.73D-07 at cycle   6 NSaved=   6.
 NSaved= 6 IEnMin= 6 EnMin= -108.556668192115     IErMin= 6 ErrMin= 9.73D-07
 ErrMax= 9.73D-07  0.00D+00 EMaxC= 1.00D-01 BMatC= 1.24D-11 BMatP= 1.89D-09
 IDIUse=1 WtCom= 1.00D+00 WtEn= 0.00D+00
 Coeff-Com: -0.950D-04 0.171D-02-0.722D-02 0.553D-01-0.216D+00 0.117D+01
 Coeff:     -0.950D-04 0.171D-02-0.722D-02 0.553D-01-0.216D+00 0.117D+01
 Gap=     0.574 Goal=   None    Shift=    0.000
 RMSDP=7.07D-07 MaxDP=2.19D-06 DE=-5.09D-09 OVMax= 0.00D+00

 Cycle   7  Pass 1  IDiag  1:
 E= -108.556668192136     Delta-E=       -0.000000000021 Rises=F Damp=F
 DIIS: error= 4.68D-07 at cycle   7 NSaved=   7.
 NSaved= 7 IEnMin= 7 EnMin= -108.556668192136     IErMin= 7 ErrMin= 4.68D-07
 ErrMax= 4.68D-07  0.00D+00 EMaxC= 1.00D-01 BMatC= 2.92D-12 BMatP= 1.24D-11
 IDIUse=1 WtCom= 1.00D+00 WtEn= 0.00D+00
 Coeff-Com: -0.927D-04 0.167D-02-0.697D-02 0.478D-01-0.169D+00 0.430D+00
 Coeff-Com:  0.696D+00
 Coeff:     -0.927D-04 0.167D-02-0.697D-02 0.478D-01-0.169D+00 0.430D+00
 Coeff:      0.696D+00
 Gap=     0.574 Goal=   None    Shift=    0.000
 RMSDP=1.67D-07 MaxDP=8.57D-07 DE=-2.12D-11 OVMax= 0.00D+00

 Cycle   8  Pass 1  IDiag  1:
 E= -108.556668192140     Delta-E=       -0.000000000003 Rises=F Damp=F
 DIIS: error= 4.03D-08 at cycle   8 NSaved=   8.
 NSaved= 8 IEnMin= 8 EnMin= -108.556668192140     IErMin= 8 ErrMin= 4.03D-08
 ErrMax= 4.03D-08  0.00D+00 EMaxC= 1.00D-01 BMatC= 1.80D-14 BMatP= 2.92D-12
 IDIUse=1 WtCom= 1.00D+00 WtEn= 0.00D+00
 Coeff-Com:  0.211D-04-0.378D-03 0.159D-02-0.111D-01 0.398D-01-0.110D+00
 Coeff-Com: -0.146D+00 0.123D+01
 Coeff:      0.211D-04-0.378D-03 0.159D-02-0.111D-01 0.398D-01-0.110D+00
 Coeff:     -0.146D+00 0.123D+01
 Gap=     0.574 Goal=   None    Shift=    0.000
 RMSDP=2.37D-08 MaxDP=7.78D-08 DE=-3.50D-12 OVMax= 0.00D+00

 Cycle   9  Pass 1  IDiag  1:
 E= -108.556668192140     Delta-E=        0.000000000000 Rises=F Damp=F
 DIIS: error= 1.55D-08 at cycle   9 NSaved=   9.
 NSaved= 9 IEnMin= 8 EnMin= -108.556668192140     IErMin= 9 ErrMin= 1.55D-08
 ErrMax= 1.55D-08  0.00D+00 EMaxC= 1.00D-01 BMatC= 2.34D-15 BMatP= 1.80D-14
 IDIUse=1 WtCom= 1.00D+00 WtEn= 0.00D+00
 Coeff-Com: -0.314D-05 0.558D-04-0.238D-03 0.179D-02-0.663D-02 0.206D-01
 Coeff-Com:  0.183D-01-0.639D+00 0.160D+01
 Coeff:     -0.314D-05 0.558D-04-0.238D-03 0.179D-02-0.663D-02 0.206D-01
 Coeff:      0.183D-01-0.639D+00 0.160D+01
 Gap=     0.574 Goal=   None    Shift=    0.000
 RMSDP=1.32D-08 MaxDP=4.72D-08 DE= 0.00D+00 OVMax= 0.00D+00

 Cycle  10  Pass 1  IDiag  1:
 E= -108.556668192139     Delta-E=        0.000000000000 Rises=F Damp=F
 DIIS: error= 1.40D-09 at cycle  10 NSaved=  10.
 NSaved=10 IEnMin= 8 EnMin= -108.556668192140     IErMin=10 ErrMin= 1.40D-09
 ErrMax= 1.40D-09  0.00D+00 EMaxC= 1.00D-01 BMatC= 4.39D-17 BMatP= 2.34D-15
 IDIUse=1 WtCom= 1.00D+00 WtEn= 0.00D+00
 Coeff-Com:  0.497D-06-0.863D-05 0.379D-04-0.327D-03 0.127D-02-0.453D-02
 Coeff-Com: -0.185D-02 0.225D+00-0.669D+00 0.145D+01
 Coeff:      0.497D-06-0.863D-05 0.379D-04-0.327D-03 0.127D-02-0.453D-02
 Coeff:     -0.185D-02 0.225D+00-0.669D+00 0.145D+01
 Gap=     0.574 Goal=   None    Shift=    0.000
 RMSDP=1.71D-09 MaxDP=5.51D-09 DE= 1.42D-13 OVMax= 0.00D+00

 SCF Done:  E(RHF) =  -108.556668192     A.U. after   10 cycles
            NFock= 10  Conv=0.17D-08     -V/T= 2.0093
 KE= 1.075569279274D+02 PE=-3.181422990266D+02 EE= 7.038029496093D+01
 Leave Link  502 at Wed Jul 29 22:49:10 2026, MaxMem=   536870912 cpu:               0.0 elap:               0.5
 (Enter C:\G16W\l508.exe)
 QCSCF skips out because SCF is already converged.
 Leave Link  508 at Wed Jul 29 22:49:10 2026, MaxMem=   536870912 cpu:               0.0 elap:               0.1
 (Enter C:\G16W\l601.exe)
 Copying SCF densities to generalized density rwf, IOpCl= 0 IROHF=0.

 **********************************************************************

            Population analysis using the SCF Density.

 **********************************************************************

 Alpha  occ. eigenvalues --  -15.40994 -15.40993  -1.29186  -0.87502  -0.57911
 Alpha  occ. eigenvalues --   -0.57420  -0.44070  -0.33163
 Alpha virt. eigenvalues --    0.24275   0.56896   0.64362   0.82697
     Molecular Orbital Coefficients:
                           1         2         3         4         5
                           O         O         O         O         O
     Eigenvalues --   -15.40994 -15.40993  -1.29186  -0.87502  -0.57911
   1 1   H  1S         -0.00595   0.00290   0.06980   0.25143  -0.33212
   2 2   N  1S          0.86493  -0.48951  -0.16722  -0.13939   0.01488
   3        2S          0.02173  -0.01974   0.52136   0.54489  -0.07468
   4        2PX         0.00003  -0.00001   0.00004   0.00253   0.01190
   5        2PY        -0.00257   0.00670  -0.17604   0.07835  -0.41715
   6        2PZ        -0.00306  -0.00007  -0.00239  -0.21512   0.31142
   7 3   N  1S          0.49024   0.86451  -0.16723   0.13939   0.01488
   8        2S          0.00849   0.02811   0.52136  -0.54489  -0.07469
   9        2PX        -0.00012  -0.00018  -0.00295   0.00897   0.02361
  10        2PY        -0.00124   0.00707   0.17602   0.07841   0.41746
  11        2PZ         0.00266   0.00151   0.00231  -0.21494  -0.31033
  12 4   H  1S         -0.00361  -0.00555   0.06980  -0.25144  -0.33210
                           6         7         8         9        10
                           O         O         O         V         V
     Eigenvalues --    -0.57420  -0.44070  -0.33163   0.24275   0.56896
   1 1   H  1S         -0.17442  -0.00263   0.29065  -0.01886   0.86933
   2 2   N  1S         -0.09641  -0.00360   0.06806  -0.00243   0.07894
   3        2S          0.43992   0.01881  -0.37714   0.01412  -0.51991
   4        2PX        -0.01212   0.64463   0.03802   0.78978   0.01378
   5        2PY         0.27668   0.03265  -0.46717   0.00558   0.03409
   6        2PZ         0.41295   0.01494  -0.38529   0.00490   0.56152
   7 3   N  1S          0.09641  -0.00360   0.06806   0.00243  -0.07893
   8        2S         -0.43991   0.01881  -0.37714  -0.01412   0.51987
   9        2PX        -0.01684   0.64482   0.00758  -0.78867  -0.04759
  10        2PY         0.27661  -0.02225   0.46754  -0.00715   0.03357
  11        2PZ         0.41283   0.02332   0.38665  -0.04193   0.55962
  12 4   H  1S          0.17444  -0.00263   0.29065   0.01886  -0.86924
                          11        12
                           V         V
     Eigenvalues --     0.64362   0.82697
   1 1   H  1S          0.78669   0.01201
   2 2   N  1S          0.06695   0.11293
   3        2S         -0.45069  -0.79428
   4        2PX        -0.00667  -0.00006
   5        2PY        -0.00183   0.98334
   6        2PZ         0.71425  -0.28826
   7 3   N  1S          0.06696  -0.11293
   8        2S         -0.45079   0.79427
   9        2PX         0.03566   0.00129
  10        2PY         0.00203   0.98335
  11        2PZ        -0.71345  -0.28825
  12 4   H  1S          0.78681  -0.01197
     Density Matrix:
                           1         2         3         4         5
   1 1   H  1S          0.58669
   2 2   N  1S         -0.04323   2.09856
   3        2S          0.02323  -0.40788   1.82255
   4        2PX         0.01631   0.00257  -0.01408   0.83457
   5        2PY        -0.07627  -0.10356   0.56079  -0.00968   1.01411
   6        2PZ        -0.68343  -0.06737   0.37092  -0.01373   0.29680
   7 3   N  1S          0.04201   0.00989  -0.00416  -0.00074   0.06690
   8        2S         -0.21743  -0.00416  -0.14162   0.00174  -0.09611
   9        2PX        -0.00470  -0.00120   0.00690   0.83293   0.00845
  10        2PY        -0.03783  -0.06691   0.09618   0.01051  -0.68309
  11        2PZ         0.17897   0.02590  -0.11296   0.04098   0.09313
  12 4   H  1S          0.21202   0.04201  -0.21742   0.00531   0.03784
                           6         7         8         9        10
   6        2PZ         0.92494
   7 3   N  1S         -0.02596   2.09856
   8        2S          0.11322  -0.40788   1.82255
   9        2PX         0.01038  -0.00310   0.01698   0.83357
  10        2PY         0.09295   0.10356  -0.56076  -0.01084   1.01409
  11        2PZ        -0.05712   0.06736  -0.37085   0.00350   0.29691
  12 4   H  1S         -0.17895  -0.04324   0.02323  -0.02547   0.07618
                          11        12
  11        2PZ         0.92598
  12 4   H  1S          0.68316   0.58668
    Full Mulliken population analysis:
                           1         2         3         4         5
   1 1   H  1S          0.58669
   2 2   N  1S         -0.00226   2.09856
   3        2S          0.01083  -0.09587   1.82255
   4        2PX         0.00000   0.00000   0.00000   0.83457
   5        2PY         0.00000   0.00000   0.00000   0.00000   1.01411
   6        2PZ         0.28928   0.00000   0.00000   0.00000   0.00000
   7 3   N  1S          0.00037   0.00000  -0.00013   0.00000  -0.00347
   8        2S         -0.02895  -0.00013  -0.04905   0.00000   0.03472
   9        2PX         0.00000   0.00000   0.00000   0.16583   0.00000
  10        2PY        -0.00382  -0.00347   0.03475   0.00000   0.19791
  11        2PZ        -0.02055  -0.00037   0.01110   0.00000   0.01238
  12 4   H  1S          0.00664   0.00037  -0.02894  -0.00003  -0.00382
                           6         7         8         9        10
   6        2PZ         0.92494
   7 3   N  1S         -0.00037   2.09856
   8        2S          0.01112  -0.09587   1.82255
   9        2PX         0.00000   0.00000   0.00000   0.83357
  10        2PY         0.01236   0.00000   0.00000   0.00000   1.01409
  11        2PZ        -0.00931   0.00000   0.00000   0.00000   0.00000
  12 4   H  1S         -0.02052  -0.00226   0.01083   0.00064  -0.00002
                          11        12
  11        2PZ         0.92598
  12 4   H  1S          0.28866   0.58668
     Gross orbital populations:
                           1
   1 1   H  1S          0.83823
   2 2   N  1S          1.99682
   3        2S          1.70524
   4        2PX         1.00038
   5        2PY         1.25182
   6        2PZ         1.20751
   7 3   N  1S          1.99682
   8        2S          1.70523
   9        2PX         1.00004
  10        2PY         1.25179
  11        2PZ         1.20790
  12 4   H  1S          0.83823
          Condensed to atoms (all electrons):
               1          2          3          4
     1  H    0.586687   0.297853  -0.052948   0.006637
     2  N    0.297853   6.503000   0.413861  -0.052946
     3  N   -0.052948   0.413861   6.503006   0.297854
     4  H    0.006637  -0.052946   0.297854   0.586683
 Mulliken charges:
               1
     1  H    0.161770
     2  N   -0.161769
     3  N   -0.161773
     4  H    0.161771
 Sum of Mulliken charges =   0.00000
 Mulliken charges with hydrogens summed into heavy atoms:
               1
     2  N    0.000002
     3  N   -0.000002
 Electronic spatial extent (au):  <R**2>=             57.9188
 Charge=              0.0000 electrons
 Dipole moment (field-independent basis, Debye):
    X=             -0.0490    Y=             -0.0004    Z=             -0.0014  Tot=              0.0490
 Quadrupole moment (field-independent basis, Debye-Ang):
   XX=            -10.7594   YY=            -13.7283   ZZ=             -8.4014
   XY=              0.0712   XZ=             -0.0571   YZ=             -1.5926
 Traceless Quadrupole moment (field-independent basis, Debye-Ang):
   XX=              0.2036   YY=             -2.7653   ZZ=              2.5617
   XY=              0.0712   XZ=             -0.0571   YZ=             -1.5926
 Octapole moment (field-independent basis, Debye-Ang**2):
  XXX=              0.0614  YYY=             -0.0002  ZZZ=             -0.0073  XYY=             -0.0043
  XXY=             -0.0021  XXZ=              0.0059  XZZ=             -0.0812  YZZ=              0.0019
  YYZ=              0.0006  XYZ=              0.0440
 Hexadecapole moment (field-independent basis, Debye-Ang**3):
 XXXX=             -6.8629 YYYY=            -36.6706 ZZZZ=            -16.0234 XXXY=             -0.0666
 XXXZ=              0.1644 YYYX=             -0.0200 YYYZ=              5.2394 ZZZX=              0.0293
 ZZZY=              3.9020 XXYY=             -6.6300 XXZZ=             -4.6558 YYZZ=             -8.1953
 XXYZ=              1.9285 YYXZ=              0.0353 ZZXY=              0.0273
 N-N= 3.164840794608D+01 E-N=-3.181422990281D+02  KE= 1.075569279274D+02
 Orbital energies and kinetic energies (alpha):
                                 1                 2
   1         O               -15.409936         21.730800
   2         O               -15.409933         21.697899
   3         O                -1.291863          1.857086
   4         O                -0.875019          1.685118
   5         O                -0.579107          1.460954
   6         O                -0.574200          1.734477
   7         O                -0.440699          1.653281
   8         O                -0.331634          1.958850
   9         V                 0.242746          2.268028
  10         V                 0.568963          2.319946
  11         V                 0.643615          2.553578
  12         V                 0.826970          3.960643
 Total kinetic energy from orbitals= 1.075569279274D+02
 No NMR shielding tensors so no spin-rotation constants.
 Leave Link  601 at Wed Jul 29 22:49:10 2026, MaxMem=   536870912 cpu:               0.0 elap:               0.2
 (Enter C:\G16W\l9999.exe)
 Unable to Open any file for archive entry.
 1|1|UNPC-LAPTOP-34RRSFDS|SP|RHF|STO-3G|H2N2|THINK|29-Jul-2026|0||#p RH
 F/STO-3G SCF=(Tight,XQC,MaxCycle=512) NoSymm Pop=Full||Diazene oop_183
 p522 | out_of_plane 183.522 deg||0,1|H,0,0.00211,0.61159,-1.22471|N,0,
 0.00211,0.61159,-0.16627|N,0,0.00211,-0.61155,0.1664|H,0,-0.06064,-0.6
 1209,1.22297||Version=EM64W-G16RevC.01|HF=-108.5566682|RMSD=1.705e-009
 |Dipole=-0.0192692,-0.0001665,-0.0005647|Quadrupole=0.1513932,-2.05592
 4,1.9045308,0.052939,-0.0424865,-1.1840543|PG=C01 [X(H2N2)]||@
 The archive entry for this job was punched.


 MODELS ARE TO BE USED, NOT BELIEVED.

    -- PARAPHRASED BY H. THIEL IN "PRINCIPLES OF ECONOMETRICS"
 Job cpu time:       0 days  0 hours  0 minutes  3.0 seconds.
 Elapsed time:       0 days  0 hours  0 minutes  2.2 seconds.
 File lengths (MBytes):  RWF=      6 Int=      0 D2E=      0 Chk=      1 Scr=      1
 Normal termination of Gaussian 16 at Wed Jul 29 22:49:11 2026.
