 Entering Link 1 = C:\G16W\l1.exe PID=     72524.
  
 Copyright (c) 1988-2019, Gaussian, Inc.  All Rights Reserved.
  
 This is part of the Gaussian(R) 16 program.  It is based on
 the Gaussian(R) 09 system (copyright 2009, Gaussian, Inc.),
 the Gaussian(R) 03 system (copyright 2003, Gaussian, Inc.),
 the Gaussian(R) 98 system (copyright 1998, Gaussian, Inc.),
 the Gaussian(R) 94 system (copyright 1995, Gaussian, Inc.),
 the Gaussian 92(TM) system (copyright 1992, Gaussian, Inc.),
 the Gaussian 90(TM) system (copyright 1990, Gaussian, Inc.),
 the Gaussian 88(TM) system (copyright 1988, Gaussian, Inc.),
 the Gaussian 86(TM) system (copyright 1986, Carnegie Mellon
 University), and the Gaussian 82(TM) system (copyright 1983,
 Carnegie Mellon University). Gaussian is a federally registered
 trademark of Gaussian, Inc.
  
 This software contains proprietary and confidential information,
 including trade secrets, belonging to Gaussian, Inc.
  
 This software is provided under written license and may be
 used, copied, transmitted, or stored only in accord with that
 written license.
  
 The following legend is applicable only to US Government
 contracts under FAR:
  
                    RESTRICTED RIGHTS LEGEND
  
 Use, reproduction and disclosure by the US Government is
 subject to restrictions as set forth in subparagraphs (a)
 and (c) of the Commercial Computer Software - Restricted
 Rights clause in FAR 52.227-19.
  
 Gaussian, Inc.
 340 Quinnipiac St., Bldg. 40, Wallingford CT 06492
  
  
 ---------------------------------------------------------------
 Warning -- This program may not be used in any manner that
 competes with the business of Gaussian, Inc. or will provide
 assistance to any competitor of Gaussian, Inc.  The licensee
 of this program is prohibited from giving any competitor of
 Gaussian, Inc. access to this program.  By using this program,
 the user acknowledges that Gaussian, Inc. is engaged in the
 business of creating and licensing software in the field of
 computational chemistry and represents and warrants to the
 licensee that it is not a competitor of Gaussian, Inc. and that
 it will not use this program in any manner prohibited above.
 ---------------------------------------------------------------
  

 Cite this work as:
 Gaussian 16, Revision C.01,
 M. J. Frisch, G. W. Trucks, H. B. Schlegel, G. E. Scuseria, 
 M. A. Robb, J. R. Cheeseman, G. Scalmani, V. Barone, 
 G. A. Petersson, H. Nakatsuji, X. Li, M. Caricato, A. V. Marenich, 
 J. Bloino, B. G. Janesko, R. Gomperts, B. Mennucci, H. P. Hratchian, 
 J. V. Ortiz, A. F. Izmaylov, J. L. Sonnenberg, D. Williams-Young, 
 F. Ding, F. Lipparini, F. Egidi, J. Goings, B. Peng, A. Petrone, 
 T. Henderson, D. Ranasinghe, V. G. Zakrzewski, J. Gao, N. Rega, 
 G. Zheng, W. Liang, M. Hada, M. Ehara, K. Toyota, R. Fukuda, 
 J. Hasegawa, M. Ishida, T. Nakajima, Y. Honda, O. Kitao, H. Nakai, 
 T. Vreven, K. Throssell, J. A. Montgomery, Jr., J. E. Peralta, 
 F. Ogliaro, M. J. Bearpark, J. J. Heyd, E. N. Brothers, K. N. Kudin, 
 V. N. Staroverov, T. A. Keith, R. Kobayashi, J. Normand, 
 K. Raghavachari, A. P. Rendell, J. C. Burant, S. S. Iyengar, 
 J. Tomasi, M. Cossi, J. M. Millam, M. Klene, C. Adamo, R. Cammi, 
 J. W. Ochterski, R. L. Martin, K. Morokuma, O. Farkas, 
 J. B. Foresman, and D. J. Fox, Gaussian, Inc., Wallingford CT, 2019.
 
 ******************************************
 Gaussian 16:  EM64W-G16RevC.01 30-May-2019
                29-Jul-2026 
 ******************************************
 %chk=oop_026p315.chk
 %mem=4GB
 %nprocshared=8
 Will use up to    8 processors via shared memory.
 ----------------------------------------------------------
 #p RHF/STO-3G SCF=(Tight,XQC,MaxCycle=512) NoSymm Pop=Full
 ----------------------------------------------------------
 1/38=1,172=1/1;
 2/12=2,15=1,17=6,18=5,40=1/2;
 3/6=3,11=1,25=1,30=1,116=1/1,2,3;
 4//1;
 5/5=2,7=512,8=3,13=1,32=2,38=5/2,8;
 6/7=3,28=1/1;
 99/5=1,9=1/99;
 Leave Link    1 at Wed Jul 29 22:49:36 2026, MaxMem=   536870912 cpu:               0.0 elap:               0.2
 (Enter C:\G16W\l101.exe)
 ---------------------------------------------
 Diazene oop_026p315 | out_of_plane 26.315 deg
 ---------------------------------------------
 Symbolic Z-matrix:
 Charge =  0 Multiplicity = 1
 H                    -0.01473   0.61213  -1.23797 
 N                    -0.01473   0.61213  -0.17381 
 N                    -0.01473  -0.56586   0.29104 
 H                     0.42406  -1.25504  -0.3908 
 
 ITRead=  0  0  0  0
 MicOpt= -1 -1 -1 -1
 NAtoms=      4 NQM=        4 NQMF=       0 NMMI=      0 NMMIF=      0
                NMic=       0 NMicF=      0.
                    Isotopes and Nuclear Properties:
 (Nuclear quadrupole moments (NQMom) in fm**2, nuclear magnetic moments (NMagM)
  in nuclear magnetons)

  Atom         1           2           3           4
 IAtWgt=           1          14          14           1
 AtmWgt=   1.0078250  14.0030740  14.0030740   1.0078250
 NucSpn=           1           2           2           1
 AtZEff=   0.0000000   0.0000000   0.0000000   0.0000000
 NQMom=    0.0000000   2.0440000   2.0440000   0.0000000
 NMagM=    2.7928460   0.4037610   0.4037610   2.7928460
 AtZNuc=   1.0000000   7.0000000   7.0000000   1.0000000
 Leave Link  101 at Wed Jul 29 22:49:36 2026, MaxMem=   536870912 cpu:               0.0 elap:               0.2
 (Enter C:\G16W\l202.exe)
                          Input orientation:                          
 ---------------------------------------------------------------------
 Center     Atomic      Atomic             Coordinates (Angstroms)
 Number     Number       Type             X           Y           Z
 ---------------------------------------------------------------------
      1          1           0       -0.014730    0.612130   -1.237970
      2          7           0       -0.014730    0.612130   -0.173810
      3          7           0       -0.014730   -0.565860    0.291040
      4          1           0        0.424060   -1.255040   -0.390800
 ---------------------------------------------------------------------
                    Distance matrix (angstroms):
                    1          2          3          4
     1  H    0.000000
     2  N    1.064160   0.000000
     3  N    1.930164   1.266391   0.000000
     4  H    2.096797   1.930271   1.064148   0.000000
 Symmetry turned off by external request.
 Stoichiometry    H2N2
 Framework group  C1[X(H2N2)]
 Deg. of freedom     6
 Full point group                 C1      NOp   1
 Rotational constants (GHZ):         275.7344628          37.5909498          33.4577836
 Leave Link  202 at Wed Jul 29 22:49:36 2026, MaxMem=   536870912 cpu:               0.0 elap:               0.1
 (Enter C:\G16W\l301.exe)
 Standard basis: STO-3G (5D, 7F)
 Ernie: Thresh=  0.10000D-02 Tol=  0.10000D-05 Strict=F.
    12 basis functions,    36 primitive gaussians,    12 cartesian basis functions
     8 alpha electrons        8 beta electrons
       nuclear repulsion energy        31.5276427772 Hartrees.
 IExCor=    0 DFT=F Ex=HF Corr=None ExCW=0 ScaHFX=  1.000000
 ScaDFX=  1.000000  1.000000  1.000000  1.000000 ScalE2=  1.000000  1.000000
 IRadAn=      5 IRanWt=     -1 IRanGd=            0 ICorTp=0 IEmpDi=  4
 NAtoms=    4 NActive=    4 NUniq=    4 SFac= 1.00D+00 NAtFMM=   60 NAOKFM=F Big=F
 Integral buffers will be    131072 words long.
 Raffenetti 1 integral format.
 Two-electron integral symmetry is turned off.
 Leave Link  301 at Wed Jul 29 22:49:37 2026, MaxMem=   536870912 cpu:               1.0 elap:               0.1
 (Enter C:\G16W\l302.exe)
 NPDir=0 NMtPBC=     1 NCelOv=     1 NCel=       1 NClECP=     1 NCelD=      1
         NCelK=      1 NCelE2=     1 NClLst=     1 CellRange=     0.0.
 One-electron integrals computed using PRISM.
 NBasis=    12 RedAO= T EigKep=  2.50D-01  NBF=    12
 NBsUse=    12 1.00D-06 EigRej= -1.00D+00 NBFU=    12
 Leave Link  302 at Wed Jul 29 22:49:37 2026, MaxMem=   536870912 cpu:               0.0 elap:               0.2
 (Enter C:\G16W\l303.exe)
 DipDrv:  MaxL=1.
 Leave Link  303 at Wed Jul 29 22:49:37 2026, MaxMem=   536870912 cpu:               0.0 elap:               0.1
 (Enter C:\G16W\l401.exe)
 ExpMin= 1.69D-01 ExpMax= 9.91D+01 ExpMxC= 9.91D+01 IAcc=3 IRadAn=         5 AccDes= 0.00D+00
 Harris functional with IExCor=  205 and IRadAn=       5 diagonalized for initial guess.
 HarFok:  IExCor=  205 AccDes= 0.00D+00 IRadAn=         5 IDoV= 1 UseB2=F ITyADJ=14
 ICtDFT=  3500011 ScaDFX=  1.000000  1.000000  1.000000  1.000000
 FoFCou: FMM=F IPFlag=           0 FMFlag=      100000 FMFlg1=           0
         NFxFlg=           0 DoJE=T BraDBF=F KetDBF=T FulRan=T
         wScrn=  0.000000 ICntrl=       500 IOpCl=  0 I1Cent=   200000004 NGrid=           0
         NMat0=    1 NMatS0=      1 NMatT0=    0 NMatD0=    1 NMtDS0=    0 NMtDT0=    0
 Symmetry not used in FoFCou.
 Harris En= -108.583179351719    
 JPrj=0 DoOrth=F DoCkMO=F.
 Leave Link  401 at Wed Jul 29 22:49:37 2026, MaxMem=   536870912 cpu:               0.0 elap:               0.2
 (Enter C:\G16W\l502.exe)
 Keep R1 ints in memory in canonical form, NReq=1608215.
 FoFCou: FMM=F IPFlag=           0 FMFlag=           0 FMFlg1=           0
         NFxFlg=           0 DoJE=F BraDBF=F KetDBF=F FulRan=T
         wScrn=  0.000000 ICntrl=       600 IOpCl=  0 I1Cent=           0 NGrid=           0
         NMat0=    1 NMatS0=     78 NMatT0=    0 NMatD0=    1 NMtDS0=    0 NMtDT0=    0
 Symmetry not used in FoFCou.
 Two-electron integral symmetry not used.
 Closed shell SCF:
 Using DIIS extrapolation, IDIIS=  1040.
 NGot=   536870912 LenX=   536866319 LenY=   536865437
 Requested convergence on RMS density matrix=1.00D-08 within 128 cycles.
 Requested convergence on MAX density matrix=1.00D-06.
 Requested convergence on             energy=1.00D-06.
 No special actions if energy rises.

 Cycle   1  Pass 1  IDiag  1:
 E= -108.519839712580    
 DIIS: error= 2.87D-02 at cycle   1 NSaved=   1.
 NSaved= 1 IEnMin= 1 EnMin= -108.519839712580     IErMin= 1 ErrMin= 2.87D-02
 ErrMax= 2.87D-02  0.00D+00 EMaxC= 1.00D-01 BMatC= 1.56D-02 BMatP= 1.56D-02
 IDIUse=3 WtCom= 7.13D-01 WtEn= 2.87D-01
 Coeff-Com:  0.100D+01
 Coeff-En:   0.100D+01
 Coeff:      0.100D+01
 Gap=     0.567 Goal=   None    Shift=    0.000
 GapD=    0.567 DampG=2.000 DampE=0.500 DampFc=1.0000 IDamp=-1.
 RMSDP=1.16D-02 MaxDP=5.84D-02              OVMax= 0.00D+00

 Cycle   2  Pass 1  IDiag  1:
 E= -108.533768677484     Delta-E=       -0.013928964904 Rises=F Damp=F
 DIIS: error= 3.51D-03 at cycle   2 NSaved=   2.
 NSaved= 2 IEnMin= 2 EnMin= -108.533768677484     IErMin= 2 ErrMin= 3.51D-03
 ErrMax= 3.51D-03  0.00D+00 EMaxC= 1.00D-01 BMatC= 1.64D-04 BMatP= 1.56D-02
 IDIUse=3 WtCom= 9.65D-01 WtEn= 3.51D-02
 Coeff-Com: -0.664D-01 0.107D+01
 Coeff-En:   0.000D+00 0.100D+01
 Coeff:     -0.640D-01 0.106D+01
 Gap=     0.559 Goal=   None    Shift=    0.000
 RMSDP=1.60D-03 MaxDP=4.66D-03 DE=-1.39D-02 OVMax= 0.00D+00

 Cycle   3  Pass 1  IDiag  1:
 E= -108.534022045369     Delta-E=       -0.000253367886 Rises=F Damp=F
 DIIS: error= 7.19D-04 at cycle   3 NSaved=   3.
 NSaved= 3 IEnMin= 3 EnMin= -108.534022045369     IErMin= 3 ErrMin= 7.19D-04
 ErrMax= 7.19D-04  0.00D+00 EMaxC= 1.00D-01 BMatC= 1.08D-05 BMatP= 1.64D-04
 IDIUse=3 WtCom= 9.93D-01 WtEn= 7.19D-03
 Coeff-Com:  0.137D-01-0.325D+00 0.131D+01
 Coeff-En:   0.000D+00 0.000D+00 0.100D+01
 Coeff:      0.136D-01-0.323D+00 0.131D+01
 Gap=     0.560 Goal=   None    Shift=    0.000
 RMSDP=6.73D-04 MaxDP=2.66D-03 DE=-2.53D-04 OVMax= 0.00D+00

 Cycle   4  Pass 1  IDiag  1:
 E= -108.534057630142     Delta-E=       -0.000035584773 Rises=F Damp=F
 DIIS: error= 4.26D-04 at cycle   4 NSaved=   4.
 NSaved= 4 IEnMin= 4 EnMin= -108.534057630142     IErMin= 4 ErrMin= 4.26D-04
 ErrMax= 4.26D-04  0.00D+00 EMaxC= 1.00D-01 BMatC= 1.63D-06 BMatP= 1.08D-05
 IDIUse=3 WtCom= 9.96D-01 WtEn= 4.26D-03
 Coeff-Com: -0.736D-02 0.190D+00-0.974D+00 0.179D+01
 Coeff-En:   0.000D+00 0.000D+00 0.000D+00 0.100D+01
 Coeff:     -0.733D-02 0.189D+00-0.970D+00 0.179D+01
 Gap=     0.560 Goal=   None    Shift=    0.000
 RMSDP=4.04D-04 MaxDP=1.92D-03 DE=-3.56D-05 OVMax= 0.00D+00

 Cycle   5  Pass 1  IDiag  1:
 E= -108.534067222824     Delta-E=       -0.000009592682 Rises=F Damp=F
 DIIS: error= 1.62D-04 at cycle   5 NSaved=   5.
 NSaved= 5 IEnMin= 5 EnMin= -108.534067222824     IErMin= 5 ErrMin= 1.62D-04
 ErrMax= 1.62D-04  0.00D+00 EMaxC= 1.00D-01 BMatC= 1.93D-07 BMatP= 1.63D-06
 IDIUse=3 WtCom= 9.98D-01 WtEn= 1.62D-03
 Coeff-Com:  0.120D-02-0.304D-01 0.208D+00-0.823D+00 0.164D+01
 Coeff-En:   0.000D+00 0.000D+00 0.000D+00 0.000D+00 0.100D+01
 Coeff:      0.120D-02-0.303D-01 0.208D+00-0.822D+00 0.164D+01
 Gap=     0.560 Goal=   None    Shift=    0.000
 RMSDP=1.91D-04 MaxDP=8.94D-04 DE=-9.59D-06 OVMax= 0.00D+00

 Cycle   6  Pass 1  IDiag  1:
 E= -108.534068561882     Delta-E=       -0.000001339058 Rises=F Damp=F
 DIIS: error= 2.22D-05 at cycle   6 NSaved=   6.
 NSaved= 6 IEnMin= 6 EnMin= -108.534068561882     IErMin= 6 ErrMin= 2.22D-05
 ErrMax= 2.22D-05  0.00D+00 EMaxC= 1.00D-01 BMatC= 6.02D-09 BMatP= 1.93D-07
 IDIUse=1 WtCom= 1.00D+00 WtEn= 0.00D+00
 Coeff-Com: -0.293D-03 0.720D-02-0.688D-01 0.370D+00-0.900D+00 0.159D+01
 Coeff:     -0.293D-03 0.720D-02-0.688D-01 0.370D+00-0.900D+00 0.159D+01
 Gap=     0.560 Goal=   None    Shift=    0.000
 RMSDP=2.70D-05 MaxDP=9.56D-05 DE=-1.34D-06 OVMax= 0.00D+00

 Cycle   7  Pass 1  IDiag  1:
 E= -108.534068592261     Delta-E=       -0.000000030379 Rises=F Damp=F
 DIIS: error= 4.90D-06 at cycle   7 NSaved=   7.
 NSaved= 7 IEnMin= 7 EnMin= -108.534068592261     IErMin= 7 ErrMin= 4.90D-06
 ErrMax= 4.90D-06  0.00D+00 EMaxC= 1.00D-01 BMatC= 3.83D-10 BMatP= 6.02D-09
 IDIUse=1 WtCom= 1.00D+00 WtEn= 0.00D+00
 Coeff-Com: -0.106D-03 0.261D-02-0.211D-01 0.998D-01-0.227D+00 0.281D+00
 Coeff-Com:  0.865D+00
 Coeff:     -0.106D-03 0.261D-02-0.211D-01 0.998D-01-0.227D+00 0.281D+00
 Coeff:      0.865D+00
 Gap=     0.560 Goal=   None    Shift=    0.000
 RMSDP=3.08D-06 MaxDP=1.39D-05 DE=-3.04D-08 OVMax= 0.00D+00

 Cycle   8  Pass 1  IDiag  1:
 E= -108.534068593143     Delta-E=       -0.000000000882 Rises=F Damp=F
 DIIS: error= 2.35D-06 at cycle   8 NSaved=   8.
 NSaved= 8 IEnMin= 8 EnMin= -108.534068593143     IErMin= 8 ErrMin= 2.35D-06
 ErrMax= 2.35D-06  0.00D+00 EMaxC= 1.00D-01 BMatC= 6.18D-11 BMatP= 3.83D-10
 IDIUse=1 WtCom= 1.00D+00 WtEn= 0.00D+00
 Coeff-Com:  0.537D-04-0.135D-02 0.139D-01-0.778D-01 0.192D+00-0.349D+00
 Coeff-Com:  0.664D-01 0.116D+01
 Coeff:      0.537D-04-0.135D-02 0.139D-01-0.778D-01 0.192D+00-0.349D+00
 Coeff:      0.664D-01 0.116D+01
 Gap=     0.560 Goal=   None    Shift=    0.000
 RMSDP=1.54D-06 MaxDP=5.09D-06 DE=-8.82D-10 OVMax= 0.00D+00

 Cycle   9  Pass 1  IDiag  1:
 E= -108.534068593322     Delta-E=       -0.000000000179 Rises=F Damp=F
 DIIS: error= 3.14D-07 at cycle   9 NSaved=   9.
 NSaved= 9 IEnMin= 9 EnMin= -108.534068593322     IErMin= 9 ErrMin= 3.14D-07
 ErrMax= 3.14D-07  0.00D+00 EMaxC= 1.00D-01 BMatC= 1.08D-12 BMatP= 6.18D-11
 IDIUse=1 WtCom= 1.00D+00 WtEn= 0.00D+00
 Coeff-Com: -0.257D-04 0.627D-03-0.624D-02 0.344D-01-0.848D-01 0.156D+00
 Coeff-Com: -0.543D-01-0.541D+00 0.149D+01
 Coeff:     -0.257D-04 0.627D-03-0.624D-02 0.344D-01-0.848D-01 0.156D+00
 Coeff:     -0.543D-01-0.541D+00 0.149D+01
 Gap=     0.560 Goal=   None    Shift=    0.000
 RMSDP=2.92D-07 MaxDP=9.32D-07 DE=-1.79D-10 OVMax= 0.00D+00

 Cycle  10  Pass 1  IDiag  1:
 E= -108.534068593326     Delta-E=       -0.000000000004 Rises=F Damp=F
 DIIS: error= 3.35D-08 at cycle  10 NSaved=  10.
 NSaved=10 IEnMin=10 EnMin= -108.534068593326     IErMin=10 ErrMin= 3.35D-08
 ErrMax= 3.35D-08  0.00D+00 EMaxC= 1.00D-01 BMatC= 1.19D-14 BMatP= 1.08D-12
 IDIUse=1 WtCom= 1.00D+00 WtEn= 0.00D+00
 Coeff-Com:  0.803D-05-0.194D-03 0.190D-02-0.104D-01 0.255D-01-0.472D-01
 Coeff-Com:  0.175D-01 0.165D+00-0.518D+00 0.137D+01
 Coeff:      0.803D-05-0.194D-03 0.190D-02-0.104D-01 0.255D-01-0.472D-01
 Coeff:      0.175D-01 0.165D+00-0.518D+00 0.137D+01
 Gap=     0.560 Goal=   None    Shift=    0.000
 RMSDP=3.37D-08 MaxDP=1.18D-07 DE=-3.64D-12 OVMax= 0.00D+00

 Cycle  11  Pass 1  IDiag  1:
 E= -108.534068593326     Delta-E=        0.000000000000 Rises=F Damp=F
 DIIS: error= 2.46D-09 at cycle  11 NSaved=  11.
 NSaved=11 IEnMin=11 EnMin= -108.534068593326     IErMin=11 ErrMin= 2.46D-09
 ErrMax= 2.46D-09  0.00D+00 EMaxC= 1.00D-01 BMatC= 8.80D-17 BMatP= 1.19D-14
 IDIUse=1 WtCom= 1.00D+00 WtEn= 0.00D+00
 Coeff-Com: -0.468D-06 0.107D-04-0.975D-04 0.509D-03-0.122D-02 0.224D-02
 Coeff-Com: -0.959D-03-0.794D-02 0.299D-01-0.136D+00 0.111D+01
 Coeff:     -0.468D-06 0.107D-04-0.975D-04 0.509D-03-0.122D-02 0.224D-02
 Coeff:     -0.959D-03-0.794D-02 0.299D-01-0.136D+00 0.111D+01
 Gap=     0.560 Goal=   None    Shift=    0.000
 RMSDP=1.84D-09 MaxDP=5.14D-09 DE=-1.71D-13 OVMax= 0.00D+00

 SCF Done:  E(RHF) =  -108.534068593     A.U. after   11 cycles
            NFock= 11  Conv=0.18D-08     -V/T= 2.0095
 KE= 1.075083745168D+02 PE=-3.177810881282D+02 EE= 7.021100224089D+01
 Leave Link  502 at Wed Jul 29 22:49:38 2026, MaxMem=   536870912 cpu:               1.0 elap:               0.4
 (Enter C:\G16W\l508.exe)
 QCSCF skips out because SCF is already converged.
 Leave Link  508 at Wed Jul 29 22:49:38 2026, MaxMem=   536870912 cpu:               0.0 elap:               0.1
 (Enter C:\G16W\l601.exe)
 Copying SCF densities to generalized density rwf, IOpCl= 0 IROHF=0.

 **********************************************************************

            Population analysis using the SCF Density.

 **********************************************************************

 Alpha  occ. eigenvalues --  -15.41548 -15.41537  -1.29283  -0.86767  -0.67030
 Alpha  occ. eigenvalues --   -0.48341  -0.44948  -0.33082
 Alpha virt. eigenvalues --    0.22904   0.51756   0.65812   0.84454
     Molecular Orbital Coefficients:
                           1         2         3         4         5
                           O         O         O         O         O
     Eigenvalues --   -15.41548 -15.41537  -1.29283  -0.86767  -0.67030
   1 1   H  1S         -0.00484  -0.00438   0.07428  -0.24878  -0.32739
   2 2   N  1S          0.73638   0.66745  -0.16637   0.14937  -0.01866
   3        2S          0.02557   0.01425   0.51895  -0.58422   0.07838
   4        2PX         0.00021   0.00010   0.01208   0.00772  -0.04842
   5        2PY        -0.00700  -0.00030  -0.17877  -0.10022  -0.13791
   6        2PZ        -0.00058  -0.00256  -0.00882   0.17239   0.44268
   7 3   N  1S         -0.66679   0.73698  -0.16637  -0.14938  -0.01868
   8        2S         -0.02404   0.01671   0.51894   0.58423   0.07845
   9        2PX        -0.00108   0.00113   0.02190   0.06170  -0.11668
  10        2PY        -0.00492  -0.00097   0.12541  -0.18502   0.39718
  11        2PZ         0.00478  -0.00236  -0.12639  -0.04239   0.21436
  12 4   H  1S          0.00438  -0.00484   0.07428   0.24882  -0.32736
                           6         7         8         9        10
                           O         O         O         V         V
     Eigenvalues --    -0.48341  -0.44948  -0.33082   0.22904   0.51756
   1 1   H  1S          0.03007  -0.10162   0.34746  -0.13721   0.80383
   2 2   N  1S         -0.05926  -0.03604   0.07713  -0.01723   0.07173
   3        2S          0.30177   0.17579  -0.39388   0.10841  -0.48085
   4        2PX        -0.10104   0.58498   0.28752   0.76637   0.11779
   5        2PY         0.58946   0.12117  -0.31320   0.10240  -0.05557
   6        2PZ         0.15705   0.17757  -0.38477   0.01680   0.58372
   7 3   N  1S         -0.05923   0.03605  -0.07714  -0.01724   0.07176
   8        2S          0.30162  -0.17585   0.39390   0.10844  -0.48100
   9        2PX        -0.07001   0.61730   0.04808  -0.71056  -0.33723
  10        2PY        -0.32069   0.07048   0.06272  -0.19006   0.40005
  11        2PZ         0.52396   0.04885   0.56804  -0.23895   0.28954
  12 4   H  1S          0.03015   0.10161  -0.34744  -0.13722   0.80382
                          11        12
                           V         V
     Eigenvalues --     0.65812   0.84454
   1 1   H  1S          0.80277  -0.21092
   2 2   N  1S          0.10005   0.09130
   3        2S         -0.67052  -0.64806
   4        2PX        -0.04664   0.02261
   5        2PY         0.36402   0.88256
   6        2PZ         0.56586  -0.55789
   7 3   N  1S         -0.10005  -0.09128
   8        2S          0.67053   0.64797
   9        2PX         0.25076  -0.06622
  10        2PY        -0.10302   1.02205
  11        2PZ        -0.61749  -0.20458
  12 4   H  1S         -0.80276   0.21108
     Density Matrix:
                           1         2         3         4         5
   1 1   H  1S          0.61320
   2 2   N  1S         -0.04243   2.09771
   3        2S          0.02479  -0.40266   1.78948
   4        2PX         0.10450   0.01470  -0.08587   0.87525
   5        2PY        -0.09315  -0.10294   0.55467  -0.14997   1.04263
   6        2PZ        -0.67095  -0.05713   0.31903  -0.08568   0.31572
   7 3   N  1S         -0.00267   0.00573   0.02352   0.00514   0.09070
   8        2S          0.06273   0.02352  -0.32257  -0.02622  -0.25772
   9        2PX        -0.04730  -0.01337   0.06922   0.77679   0.04894
  10        2PY        -0.13935  -0.07777   0.19015   0.14503  -0.51750
  11        2PZ         0.27826   0.04729  -0.16193   0.25345   0.26823
  12 4   H  1S         -0.15870  -0.00267   0.06275  -0.04967   0.29161
                           6         7         8         9        10
   6        2PZ         0.86002
   7 3   N  1S         -0.01454   2.09771
   8        2S         -0.00917  -0.40264   1.78940
   9        2PX         0.07781   0.02713  -0.14485   0.81236
  10        2PY         0.16168   0.03725  -0.19234   0.02793   0.63896
  11        2PZ        -0.07781  -0.10933   0.59902  -0.01924  -0.10370
  12 4   H  1S          0.10759  -0.04244   0.02483   0.19815  -0.38212
                          11        12
  11        2PZ         1.32669
  12 4   H  1S         -0.53335   0.61317
    Full Mulliken population analysis:
                           1         2         3         4         5
   1 1   H  1S          0.61320
   2 2   N  1S         -0.00219   2.09771
   3        2S          0.01147  -0.09464   1.78948
   4        2PX         0.00000   0.00000   0.00000   0.87525
   5        2PY         0.00000   0.00000   0.00000   0.00000   1.04263
   6        2PZ         0.28260   0.00000   0.00000   0.00000   0.00000
   7 3   N  1S         -0.00002   0.00000   0.00076   0.00000  -0.00455
   8        2S          0.00724   0.00076  -0.11194   0.00000   0.08987
   9        2PX         0.00000   0.00000   0.00000   0.15504   0.00000
  10        2PY        -0.01148  -0.00390   0.06631   0.00000   0.13205
  11        2PZ        -0.02975  -0.00094   0.02228   0.00000   0.04813
  12 4   H  1S         -0.01611  -0.00002   0.00724  -0.00152  -0.03806
                           6         7         8         9        10
   6        2PZ         0.86002
   7 3   N  1S         -0.00029   2.09771
   8        2S         -0.00126  -0.09464   1.78940
   9        2PX         0.00000   0.00000   0.00000   0.81236
  10        2PY         0.02901   0.00000   0.00000   0.00000   0.63896
  11        2PZ        -0.01002   0.00000   0.00000   0.00000   0.00000
  12 4   H  1S         -0.00163  -0.00219   0.01149   0.03441   0.10424
                          11        12
  11        2PZ         1.32669
  12 4   H  1S          0.14394   0.61317
     Gross orbital populations:
                           1
   1 1   H  1S          0.85497
   2 2   N  1S          1.99679
   3        2S          1.69097
   4        2PX         1.02877
   5        2PY         1.27007
   6        2PZ         1.15843
   7 3   N  1S          1.99679
   8        2S          1.69093
   9        2PX         1.00181
  10        2PY         0.95518
  11        2PZ         1.50034
  12 4   H  1S          0.85495
          Condensed to atoms (all electrons):
               1          2          3          4
     1  H    0.613199   0.291885  -0.034007  -0.016106
     2  N    0.291885   6.475821   0.411320  -0.033997
     3  N   -0.034007   0.411320   6.475843   0.291892
     4  H   -0.016106  -0.033997   0.291892   0.613166
 Mulliken charges:
               1
     1  H    0.145029
     2  N   -0.145028
     3  N   -0.145047
     4  H    0.145046
 Sum of Mulliken charges =   0.00000
 Mulliken charges with hydrogens summed into heavy atoms:
               1
     2  N    0.000001
     3  N   -0.000001
 Electronic spatial extent (au):  <R**2>=             58.4634
 Charge=              0.0000 electrons
 Dipole moment (field-independent basis, Debye):
    X=              0.6498    Y=             -1.0205    Z=             -2.5855  Tot=              2.8545
 Quadrupole moment (field-independent basis, Debye-Ang):
   XX=            -10.6330   YY=            -11.8682   ZZ=            -10.5664
   XY=             -0.2816   XZ=              0.0457   YZ=              0.5197
 Traceless Quadrupole moment (field-independent basis, Debye-Ang):
   XX=              0.3895   YY=             -0.8457   ZZ=              0.4562
   XY=             -0.2816   XZ=              0.0457   YZ=              0.5197
 Octapole moment (field-independent basis, Debye-Ang**2):
  XXX=             -0.2433  YYY=             -2.0353  ZZZ=             -1.1084  XYY=              0.7360
  XXY=             -0.0663  XXZ=              0.3509  XZZ=             -0.0195  YZZ=              1.3580
  YYZ=             -1.1253  XYZ=              0.1740
 Hexadecapole moment (field-independent basis, Debye-Ang**3):
 XXXX=             -7.5783 YYYY=            -36.4716 ZZZZ=            -15.9116 XXXY=              1.0987
 XXXZ=              0.3568 YYYX=              0.6611 YYYZ=              5.4630 ZZZX=              0.4417
 ZZZY=              4.3047 XXYY=             -6.9876 XXZZ=             -4.2208 YYZZ=             -8.8101
 XXYZ=              1.6287 YYXZ=             -0.0951 ZZXY=              0.1734
 N-N= 3.152764277721D+01 E-N=-3.177810881083D+02  KE= 1.075083745168D+02
 Orbital energies and kinetic energies (alpha):
                                 1                 2
   1         O               -15.415481         21.694918
   2         O               -15.415373         21.735354
   3         O                -1.292830          1.844588
   4         O                -0.867667          1.808089
   5         O                -0.670298          1.244434
   6         O                -0.483406          1.830593
   7         O                -0.449483          1.661887
   8         O                -0.330816          1.934325
   9         V                 0.229039          2.232921
  10         V                 0.517563          2.264169
  11         V                 0.658115          2.846481
  12         V                 0.844538          3.778983
 Total kinetic energy from orbitals= 1.075083745168D+02
 No NMR shielding tensors so no spin-rotation constants.
 Leave Link  601 at Wed Jul 29 22:49:38 2026, MaxMem=   536870912 cpu:               0.0 elap:               0.2
 (Enter C:\G16W\l9999.exe)
 Unable to Open any file for archive entry.
 1|1|UNPC-LAPTOP-34RRSFDS|SP|RHF|STO-3G|H2N2|THINK|29-Jul-2026|0||#p RH
 F/STO-3G SCF=(Tight,XQC,MaxCycle=512) NoSymm Pop=Full||Diazene oop_026
 p315 | out_of_plane 26.315 deg||0,1|H,0,-0.01473,0.61213,-1.23797|N,0,
 -0.01473,0.61213,-0.17381|N,0,-0.01473,-0.56586,0.29104|H,0,0.42406,-1
 .25504,-0.3908||Version=EM64W-G16RevC.01|HF=-108.5340686|RMSD=1.836e-0
 09|Dipole=0.2556442,-0.4014997,-1.0172049|Quadrupole=0.2895849,-0.6287
 379,0.339153,-0.2093294,0.0339654,0.3863549|PG=C01 [X(H2N2)]||@
 The archive entry for this job was punched.


 SCIENCE IS LONG AND LIFE IS SHORT.

                     DON MOSER IN THE FEBRUARY 1979 SMITHSONIAN
 Job cpu time:       0 days  0 hours  0 minutes  2.0 seconds.
 Elapsed time:       0 days  0 hours  0 minutes  2.1 seconds.
 File lengths (MBytes):  RWF=      6 Int=      0 D2E=      0 Chk=      1 Scr=      1
 Normal termination of Gaussian 16 at Wed Jul 29 22:49:38 2026.
