 Entering Link 1 = C:\G16W\l1.exe PID=     71872.
  
 Copyright (c) 1988-2019, Gaussian, Inc.  All Rights Reserved.
  
 This is part of the Gaussian(R) 16 program.  It is based on
 the Gaussian(R) 09 system (copyright 2009, Gaussian, Inc.),
 the Gaussian(R) 03 system (copyright 2003, Gaussian, Inc.),
 the Gaussian(R) 98 system (copyright 1998, Gaussian, Inc.),
 the Gaussian(R) 94 system (copyright 1995, Gaussian, Inc.),
 the Gaussian 92(TM) system (copyright 1992, Gaussian, Inc.),
 the Gaussian 90(TM) system (copyright 1990, Gaussian, Inc.),
 the Gaussian 88(TM) system (copyright 1988, Gaussian, Inc.),
 the Gaussian 86(TM) system (copyright 1986, Carnegie Mellon
 University), and the Gaussian 82(TM) system (copyright 1983,
 Carnegie Mellon University). Gaussian is a federally registered
 trademark of Gaussian, Inc.
  
 This software contains proprietary and confidential information,
 including trade secrets, belonging to Gaussian, Inc.
  
 This software is provided under written license and may be
 used, copied, transmitted, or stored only in accord with that
 written license.
  
 The following legend is applicable only to US Government
 contracts under FAR:
  
                    RESTRICTED RIGHTS LEGEND
  
 Use, reproduction and disclosure by the US Government is
 subject to restrictions as set forth in subparagraphs (a)
 and (c) of the Commercial Computer Software - Restricted
 Rights clause in FAR 52.227-19.
  
 Gaussian, Inc.
 340 Quinnipiac St., Bldg. 40, Wallingford CT 06492
  
  
 ---------------------------------------------------------------
 Warning -- This program may not be used in any manner that
 competes with the business of Gaussian, Inc. or will provide
 assistance to any competitor of Gaussian, Inc.  The licensee
 of this program is prohibited from giving any competitor of
 Gaussian, Inc. access to this program.  By using this program,
 the user acknowledges that Gaussian, Inc. is engaged in the
 business of creating and licensing software in the field of
 computational chemistry and represents and warrants to the
 licensee that it is not a competitor of Gaussian, Inc. and that
 it will not use this program in any manner prohibited above.
 ---------------------------------------------------------------
  

 Cite this work as:
 Gaussian 16, Revision C.01,
 M. J. Frisch, G. W. Trucks, H. B. Schlegel, G. E. Scuseria, 
 M. A. Robb, J. R. Cheeseman, G. Scalmani, V. Barone, 
 G. A. Petersson, H. Nakatsuji, X. Li, M. Caricato, A. V. Marenich, 
 J. Bloino, B. G. Janesko, R. Gomperts, B. Mennucci, H. P. Hratchian, 
 J. V. Ortiz, A. F. Izmaylov, J. L. Sonnenberg, D. Williams-Young, 
 F. Ding, F. Lipparini, F. Egidi, J. Goings, B. Peng, A. Petrone, 
 T. Henderson, D. Ranasinghe, V. G. Zakrzewski, J. Gao, N. Rega, 
 G. Zheng, W. Liang, M. Hada, M. Ehara, K. Toyota, R. Fukuda, 
 J. Hasegawa, M. Ishida, T. Nakajima, Y. Honda, O. Kitao, H. Nakai, 
 T. Vreven, K. Throssell, J. A. Montgomery, Jr., J. E. Peralta, 
 F. Ogliaro, M. J. Bearpark, J. J. Heyd, E. N. Brothers, K. N. Kudin, 
 V. N. Staroverov, T. A. Keith, R. Kobayashi, J. Normand, 
 K. Raghavachari, A. P. Rendell, J. C. Burant, S. S. Iyengar, 
 J. Tomasi, M. Cossi, J. M. Millam, M. Klene, C. Adamo, R. Cammi, 
 J. W. Ochterski, R. L. Martin, K. Morokuma, O. Farkas, 
 J. B. Foresman, and D. J. Fox, Gaussian, Inc., Wallingford CT, 2019.
 
 ******************************************
 Gaussian 16:  EM64W-G16RevC.01 30-May-2019
                29-Jul-2026 
 ******************************************
 %chk=oop_117p611.chk
 %mem=4GB
 %nprocshared=8
 Will use up to    8 processors via shared memory.
 ----------------------------------------------------------
 #p RHF/STO-3G SCF=(Tight,XQC,MaxCycle=512) NoSymm Pop=Full
 ----------------------------------------------------------
 1/38=1,172=1/1;
 2/12=2,15=1,17=6,18=5,40=1/2;
 3/6=3,11=1,25=1,30=1,116=1/1,2,3;
 4//1;
 5/5=2,7=512,8=3,13=1,32=2,38=5/2,8;
 6/7=3,28=1/1;
 99/5=1,9=1/99;
 Leave Link    1 at Wed Jul 29 22:49:46 2026, MaxMem=   536870912 cpu:               0.0 elap:               0.2
 (Enter C:\G16W\l101.exe)
 ----------------------------------------------
 Diazene oop_117p611 | out_of_plane 117.611 deg
 ----------------------------------------------
 Symbolic Z-matrix:
 Charge =  0 Multiplicity = 1
 H                    -0.03017   0.62034  -1.22808 
 N                    -0.03017   0.62034  -0.16858 
 N                    -0.03017  -0.60975   0.20354 
 H                     0.86843  -0.76736   0.74227 
 
 ITRead=  0  0  0  0
 MicOpt= -1 -1 -1 -1
 NAtoms=      4 NQM=        4 NQMF=       0 NMMI=      0 NMMIF=      0
                NMic=       0 NMicF=      0.
                    Isotopes and Nuclear Properties:
 (Nuclear quadrupole moments (NQMom) in fm**2, nuclear magnetic moments (NMagM)
  in nuclear magnetons)

  Atom         1           2           3           4
 IAtWgt=           1          14          14           1
 AtmWgt=   1.0078250  14.0030740  14.0030740   1.0078250
 NucSpn=           1           2           2           1
 AtZEff=   0.0000000   0.0000000   0.0000000   0.0000000
 NQMom=    0.0000000   2.0440000   2.0440000   0.0000000
 NMagM=    2.7928460   0.4037610   0.4037610   2.7928460
 AtZNuc=   1.0000000   7.0000000   7.0000000   1.0000000
 Leave Link  101 at Wed Jul 29 22:49:46 2026, MaxMem=   536870912 cpu:               0.0 elap:               0.2
 (Enter C:\G16W\l202.exe)
                          Input orientation:                          
 ---------------------------------------------------------------------
 Center     Atomic      Atomic             Coordinates (Angstroms)
 Number     Number       Type             X           Y           Z
 ---------------------------------------------------------------------
      1          1           0       -0.030170    0.620340   -1.228080
      2          7           0       -0.030170    0.620340   -0.168580
      3          7           0       -0.030170   -0.609750    0.203540
      4          1           0        0.868430   -0.767360    0.742270
 ---------------------------------------------------------------------
                    Distance matrix (angstroms):
                    1          2          3          4
     1  H    0.000000
     2  N    1.059500   0.000000
     3  N    1.887500   1.285144   0.000000
     4  H    2.572056   1.887549   1.059506   0.000000
 Symmetry turned off by external request.
 Stoichiometry    H2N2
 Framework group  C1[X(H2N2)]
 Deg. of freedom     6
 Full point group                 C1      NOp   1
 Rotational constants (GHZ):         279.5745568          35.7736286          33.9241543
 Leave Link  202 at Wed Jul 29 22:49:46 2026, MaxMem=   536870912 cpu:               0.0 elap:               0.1
 (Enter C:\G16W\l301.exe)
 Standard basis: STO-3G (5D, 7F)
 Ernie: Thresh=  0.10000D-02 Tol=  0.10000D-05 Strict=F.
    12 basis functions,    36 primitive gaussians,    12 cartesian basis functions
     8 alpha electrons        8 beta electrons
       nuclear repulsion energy        31.2996077276 Hartrees.
 IExCor=    0 DFT=F Ex=HF Corr=None ExCW=0 ScaHFX=  1.000000
 ScaDFX=  1.000000  1.000000  1.000000  1.000000 ScalE2=  1.000000  1.000000
 IRadAn=      5 IRanWt=     -1 IRanGd=            0 ICorTp=0 IEmpDi=  4
 NAtoms=    4 NActive=    4 NUniq=    4 SFac= 1.00D+00 NAtFMM=   60 NAOKFM=F Big=F
 Integral buffers will be    131072 words long.
 Raffenetti 1 integral format.
 Two-electron integral symmetry is turned off.
 Leave Link  301 at Wed Jul 29 22:49:46 2026, MaxMem=   536870912 cpu:               0.0 elap:               0.1
 (Enter C:\G16W\l302.exe)
 NPDir=0 NMtPBC=     1 NCelOv=     1 NCel=       1 NClECP=     1 NCelD=      1
         NCelK=      1 NCelE2=     1 NClLst=     1 CellRange=     0.0.
 One-electron integrals computed using PRISM.
 NBasis=    12 RedAO= T EigKep=  2.59D-01  NBF=    12
 NBsUse=    12 1.00D-06 EigRej= -1.00D+00 NBFU=    12
 Leave Link  302 at Wed Jul 29 22:49:47 2026, MaxMem=   536870912 cpu:               1.0 elap:               0.2
 (Enter C:\G16W\l303.exe)
 DipDrv:  MaxL=1.
 Leave Link  303 at Wed Jul 29 22:49:47 2026, MaxMem=   536870912 cpu:               0.0 elap:               0.2
 (Enter C:\G16W\l401.exe)
 ExpMin= 1.69D-01 ExpMax= 9.91D+01 ExpMxC= 9.91D+01 IAcc=3 IRadAn=         5 AccDes= 0.00D+00
 Harris functional with IExCor=  205 and IRadAn=       5 diagonalized for initial guess.
 HarFok:  IExCor=  205 AccDes= 0.00D+00 IRadAn=         5 IDoV= 1 UseB2=F ITyADJ=14
 ICtDFT=  3500011 ScaDFX=  1.000000  1.000000  1.000000  1.000000
 FoFCou: FMM=F IPFlag=           0 FMFlag=      100000 FMFlg1=           0
         NFxFlg=           0 DoJE=T BraDBF=F KetDBF=T FulRan=T
         wScrn=  0.000000 ICntrl=       500 IOpCl=  0 I1Cent=   200000004 NGrid=           0
         NMat0=    1 NMatS0=      1 NMatT0=    0 NMatD0=    1 NMtDS0=    0 NMtDT0=    0
 Symmetry not used in FoFCou.
 Harris En= -108.534599813712    
 JPrj=0 DoOrth=F DoCkMO=F.
 Leave Link  401 at Wed Jul 29 22:49:47 2026, MaxMem=   536870912 cpu:               0.0 elap:               0.3
 (Enter C:\G16W\l502.exe)
 Keep R1 ints in memory in canonical form, NReq=1608196.
 FoFCou: FMM=F IPFlag=           0 FMFlag=           0 FMFlg1=           0
         NFxFlg=           0 DoJE=F BraDBF=F KetDBF=F FulRan=T
         wScrn=  0.000000 ICntrl=       600 IOpCl=  0 I1Cent=           0 NGrid=           0
         NMat0=    1 NMatS0=     78 NMatT0=    0 NMatD0=    1 NMtDS0=    0 NMtDT0=    0
 Symmetry not used in FoFCou.
 Two-electron integral symmetry not used.
 Closed shell SCF:
 Using DIIS extrapolation, IDIIS=  1040.
 NGot=   536870912 LenX=   536866319 LenY=   536865437
 Requested convergence on RMS density matrix=1.00D-08 within 128 cycles.
 Requested convergence on MAX density matrix=1.00D-06.
 Requested convergence on             energy=1.00D-06.
 No special actions if energy rises.

 Cycle   1  Pass 1  IDiag  1:
 E= -108.466542963997    
 DIIS: error= 2.78D-02 at cycle   1 NSaved=   1.
 NSaved= 1 IEnMin= 1 EnMin= -108.466542963997     IErMin= 1 ErrMin= 2.78D-02
 ErrMax= 2.78D-02  0.00D+00 EMaxC= 1.00D-01 BMatC= 1.35D-02 BMatP= 1.35D-02
 IDIUse=3 WtCom= 7.22D-01 WtEn= 2.78D-01
 Coeff-Com:  0.100D+01
 Coeff-En:   0.100D+01
 Coeff:      0.100D+01
 Gap=     0.472 Goal=   None    Shift=    0.000
 GapD=    0.472 DampG=2.000 DampE=0.500 DampFc=1.0000 IDamp=-1.
 RMSDP=9.35D-03 MaxDP=4.63D-02              OVMax= 0.00D+00

 Cycle   2  Pass 1  IDiag  1:
 E= -108.476746019029     Delta-E=       -0.010203055032 Rises=F Damp=F
 DIIS: error= 3.52D-03 at cycle   2 NSaved=   2.
 NSaved= 2 IEnMin= 2 EnMin= -108.476746019029     IErMin= 2 ErrMin= 3.52D-03
 ErrMax= 3.52D-03  0.00D+00 EMaxC= 1.00D-01 BMatC= 1.59D-04 BMatP= 1.35D-02
 IDIUse=3 WtCom= 9.65D-01 WtEn= 3.52D-02
 Coeff-Com: -0.796D-01 0.108D+01
 Coeff-En:   0.000D+00 0.100D+01
 Coeff:     -0.768D-01 0.108D+01
 Gap=     0.464 Goal=   None    Shift=    0.000
 RMSDP=1.54D-03 MaxDP=5.43D-03 DE=-1.02D-02 OVMax= 0.00D+00

 Cycle   3  Pass 1  IDiag  1:
 E= -108.477017918230     Delta-E=       -0.000271899200 Rises=F Damp=F
 DIIS: error= 6.37D-04 at cycle   3 NSaved=   3.
 NSaved= 3 IEnMin= 3 EnMin= -108.477017918230     IErMin= 3 ErrMin= 6.37D-04
 ErrMax= 6.37D-04  0.00D+00 EMaxC= 1.00D-01 BMatC= 8.00D-06 BMatP= 1.59D-04
 IDIUse=3 WtCom= 9.94D-01 WtEn= 6.37D-03
 Coeff-Com:  0.233D-01-0.425D+00 0.140D+01
 Coeff-En:   0.000D+00 0.000D+00 0.100D+01
 Coeff:      0.232D-01-0.422D+00 0.140D+01
 Gap=     0.464 Goal=   None    Shift=    0.000
 RMSDP=5.28D-04 MaxDP=1.48D-03 DE=-2.72D-04 OVMax= 0.00D+00

 Cycle   4  Pass 1  IDiag  1:
 E= -108.477036543115     Delta-E=       -0.000018624885 Rises=F Damp=F
 DIIS: error= 4.29D-05 at cycle   4 NSaved=   4.
 NSaved= 4 IEnMin= 4 EnMin= -108.477036543115     IErMin= 4 ErrMin= 4.29D-05
 ErrMax= 4.29D-05  0.00D+00 EMaxC= 1.00D-01 BMatC= 3.70D-08 BMatP= 8.00D-06
 IDIUse=1 WtCom= 1.00D+00 WtEn= 0.00D+00
 Coeff-Com: -0.491D-02 0.914D-01-0.320D+00 0.123D+01
 Coeff:     -0.491D-02 0.914D-01-0.320D+00 0.123D+01
 Gap=     0.464 Goal=   None    Shift=    0.000
 RMSDP=3.83D-05 MaxDP=1.29D-04 DE=-1.86D-05 OVMax= 0.00D+00

 Cycle   5  Pass 1  IDiag  1:
 E= -108.477036666135     Delta-E=       -0.000000123020 Rises=F Damp=F
 DIIS: error= 1.91D-05 at cycle   5 NSaved=   5.
 NSaved= 5 IEnMin= 5 EnMin= -108.477036666135     IErMin= 5 ErrMin= 1.91D-05
 ErrMax= 1.91D-05  0.00D+00 EMaxC= 1.00D-01 BMatC= 3.86D-09 BMatP= 3.70D-08
 IDIUse=1 WtCom= 1.00D+00 WtEn= 0.00D+00
 Coeff-Com:  0.150D-02-0.275D-01 0.980D-01-0.571D+00 0.150D+01
 Coeff:      0.150D-02-0.275D-01 0.980D-01-0.571D+00 0.150D+01
 Gap=     0.464 Goal=   None    Shift=    0.000
 RMSDP=1.61D-05 MaxDP=6.16D-05 DE=-1.23D-07 OVMax= 0.00D+00

 Cycle   6  Pass 1  IDiag  1:
 E= -108.477036685626     Delta-E=       -0.000000019491 Rises=F Damp=F
 DIIS: error= 5.19D-06 at cycle   6 NSaved=   6.
 NSaved= 6 IEnMin= 6 EnMin= -108.477036685626     IErMin= 6 ErrMin= 5.19D-06
 ErrMax= 5.19D-06  0.00D+00 EMaxC= 1.00D-01 BMatC= 3.48D-10 BMatP= 3.86D-09
 IDIUse=1 WtCom= 1.00D+00 WtEn= 0.00D+00
 Coeff-Com: -0.401D-03 0.722D-02-0.259D-01 0.204D+00-0.825D+00 0.164D+01
 Coeff:     -0.401D-03 0.722D-02-0.259D-01 0.204D+00-0.825D+00 0.164D+01
 Gap=     0.464 Goal=   None    Shift=    0.000
 RMSDP=6.07D-06 MaxDP=2.35D-05 DE=-1.95D-08 OVMax= 0.00D+00

 Cycle   7  Pass 1  IDiag  1:
 E= -108.477036687487     Delta-E=       -0.000000001861 Rises=F Damp=F
 DIIS: error= 6.08D-07 at cycle   7 NSaved=   7.
 NSaved= 7 IEnMin= 7 EnMin= -108.477036687487     IErMin= 7 ErrMin= 6.08D-07
 ErrMax= 6.08D-07  0.00D+00 EMaxC= 1.00D-01 BMatC= 1.13D-11 BMatP= 3.48D-10
 IDIUse=1 WtCom= 1.00D+00 WtEn= 0.00D+00
 Coeff-Com: -0.133D-03 0.242D-02-0.867D-02 0.635D-01-0.239D+00 0.410D+00
 Coeff-Com:  0.772D+00
 Coeff:     -0.133D-03 0.242D-02-0.867D-02 0.635D-01-0.239D+00 0.410D+00
 Coeff:      0.772D+00
 Gap=     0.464 Goal=   None    Shift=    0.000
 RMSDP=4.87D-07 MaxDP=2.51D-06 DE=-1.86D-09 OVMax= 0.00D+00

 Cycle   8  Pass 1  IDiag  1:
 E= -108.477036687506     Delta-E=       -0.000000000020 Rises=F Damp=F
 DIIS: error= 2.45D-07 at cycle   8 NSaved=   8.
 NSaved= 8 IEnMin= 8 EnMin= -108.477036687506     IErMin= 8 ErrMin= 2.45D-07
 ErrMax= 2.45D-07  0.00D+00 EMaxC= 1.00D-01 BMatC= 1.45D-12 BMatP= 1.13D-11
 IDIUse=1 WtCom= 1.00D+00 WtEn= 0.00D+00
 Coeff-Com:  0.717D-04-0.128D-02 0.459D-02-0.372D-01 0.153D+00-0.313D+00
 Coeff-Com:  0.390D-01 0.115D+01
 Coeff:      0.717D-04-0.128D-02 0.459D-02-0.372D-01 0.153D+00-0.313D+00
 Coeff:      0.390D-01 0.115D+01
 Gap=     0.464 Goal=   None    Shift=    0.000
 RMSDP=2.87D-07 MaxDP=1.03D-06 DE=-1.98D-11 OVMax= 0.00D+00

 Cycle   9  Pass 1  IDiag  1:
 E= -108.477036687510     Delta-E=       -0.000000000004 Rises=F Damp=F
 DIIS: error= 2.28D-08 at cycle   9 NSaved=   9.
 NSaved= 9 IEnMin= 9 EnMin= -108.477036687510     IErMin= 9 ErrMin= 2.28D-08
 ErrMax= 2.28D-08  0.00D+00 EMaxC= 1.00D-01 BMatC= 1.05D-14 BMatP= 1.45D-12
 IDIUse=1 WtCom= 1.00D+00 WtEn= 0.00D+00
 Coeff-Com: -0.628D-06 0.959D-05-0.312D-04 0.159D-03-0.657D-03 0.307D-02
 Coeff-Com: -0.280D-01-0.680D-01 0.109D+01
 Coeff:     -0.628D-06 0.959D-05-0.312D-04 0.159D-03-0.657D-03 0.307D-02
 Coeff:     -0.280D-01-0.680D-01 0.109D+01
 Gap=     0.464 Goal=   None    Shift=    0.000
 RMSDP=3.11D-08 MaxDP=1.12D-07 DE=-3.64D-12 OVMax= 0.00D+00

 Cycle  10  Pass 1  IDiag  1:
 E= -108.477036687510     Delta-E=        0.000000000000 Rises=F Damp=F
 DIIS: error= 8.53D-09 at cycle  10 NSaved=  10.
 NSaved=10 IEnMin=10 EnMin= -108.477036687510     IErMin=10 ErrMin= 8.53D-09
 ErrMax= 8.53D-09  0.00D+00 EMaxC= 1.00D-01 BMatC= 8.07D-16 BMatP= 1.05D-14
 IDIUse=1 WtCom= 1.00D+00 WtEn= 0.00D+00
 Coeff-Com:  0.654D-07 0.107D-06-0.259D-05 0.760D-04-0.284D-03-0.765D-03
 Coeff-Com:  0.227D-01 0.372D-01-0.776D+00 0.172D+01
 Coeff:      0.654D-07 0.107D-06-0.259D-05 0.760D-04-0.284D-03-0.765D-03
 Coeff:      0.227D-01 0.372D-01-0.776D+00 0.172D+01
 Gap=     0.464 Goal=   None    Shift=    0.000
 RMSDP=1.27D-08 MaxDP=4.48D-08 DE=-1.71D-13 OVMax= 0.00D+00

 Cycle  11  Pass 1  IDiag  1:
 E= -108.477036687510     Delta-E=        0.000000000000 Rises=F Damp=F
 DIIS: error= 6.56D-09 at cycle  11 NSaved=  11.
 NSaved=11 IEnMin=11 EnMin= -108.477036687510     IErMin=11 ErrMin= 6.56D-09
 ErrMax= 6.56D-09  0.00D+00 EMaxC= 1.00D-01 BMatC= 4.37D-16 BMatP= 8.07D-16
 IDIUse=1 WtCom= 1.00D+00 WtEn= 0.00D+00
 Coeff-Com:  0.577D-07-0.345D-05 0.163D-04-0.218D-03 0.810D-03 0.785D-03
 Coeff-Com: -0.376D-01-0.734D-01 0.143D+01-0.421D+01 0.389D+01
 Coeff:      0.577D-07-0.345D-05 0.163D-04-0.218D-03 0.810D-03 0.785D-03
 Coeff:     -0.376D-01-0.734D-01 0.143D+01-0.421D+01 0.389D+01
 Gap=     0.464 Goal=   None    Shift=    0.000
 RMSDP=2.67D-08 MaxDP=9.62D-08 DE=-2.84D-14 OVMax= 0.00D+00

 Cycle  12  Pass 1  IDiag  1:
 E= -108.477036687510     Delta-E=        0.000000000000 Rises=F Damp=F
 DIIS: error= 2.24D-09 at cycle  12 NSaved=  12.
 NSaved=12 IEnMin=12 EnMin= -108.477036687510     IErMin=12 ErrMin= 2.24D-09
 ErrMax= 2.24D-09  0.00D+00 EMaxC= 1.00D-01 BMatC= 6.47D-17 BMatP= 4.37D-16
 IDIUse=1 WtCom= 1.00D+00 WtEn= 0.00D+00
 Coeff-Com:  0.568D-07 0.447D-06-0.395D-05 0.839D-04-0.280D-03-0.963D-03
 Coeff-Com:  0.239D-01 0.449D-01-0.876D+00 0.276D+01-0.307D+01 0.212D+01
 Coeff:      0.568D-07 0.447D-06-0.395D-05 0.839D-04-0.280D-03-0.963D-03
 Coeff:      0.239D-01 0.449D-01-0.876D+00 0.276D+01-0.307D+01 0.212D+01
 Gap=     0.464 Goal=   None    Shift=    0.000
 RMSDP=1.27D-08 MaxDP=4.70D-08 DE=-8.53D-14 OVMax= 0.00D+00

 Cycle  13  Pass 1  IDiag  1:
 E= -108.477036687510     Delta-E=        0.000000000000 Rises=F Damp=F
 DIIS: error= 2.74D-10 at cycle  13 NSaved=  13.
 NSaved=13 IEnMin=13 EnMin= -108.477036687510     IErMin=13 ErrMin= 2.74D-10
 ErrMax= 2.74D-10  0.00D+00 EMaxC= 1.00D-01 BMatC= 1.66D-18 BMatP= 6.47D-17
 IDIUse=1 WtCom= 1.00D+00 WtEn= 0.00D+00
 Coeff-Com: -0.971D-08-0.173D-06 0.119D-05-0.235D-04 0.806D-04 0.198D-03
 Coeff-Com: -0.550D-02-0.110D-01 0.208D+00-0.674D+00 0.783D+00-0.643D+00
 Coeff-Com:  0.134D+01
 Coeff:     -0.971D-08-0.173D-06 0.119D-05-0.235D-04 0.806D-04 0.198D-03
 Coeff:     -0.550D-02-0.110D-01 0.208D+00-0.674D+00 0.783D+00-0.643D+00
 Coeff:      0.134D+01
 Gap=     0.464 Goal=   None    Shift=    0.000
 RMSDP=7.03D-10 MaxDP=3.21D-09 DE=-5.68D-14 OVMax= 0.00D+00

 SCF Done:  E(RHF) =  -108.477036688     A.U. after   13 cycles
            NFock= 13  Conv=0.70D-09     -V/T= 2.0077
 KE= 1.076436594899D+02 PE=-3.177128638835D+02 EE= 7.029255997849D+01
 Leave Link  502 at Wed Jul 29 22:49:48 2026, MaxMem=   536870912 cpu:               1.0 elap:               0.5
 (Enter C:\G16W\l508.exe)
 QCSCF skips out because SCF is already converged.
 Leave Link  508 at Wed Jul 29 22:49:48 2026, MaxMem=   536870912 cpu:               0.0 elap:               0.1
 (Enter C:\G16W\l601.exe)
 Copying SCF densities to generalized density rwf, IOpCl= 0 IROHF=0.

 **********************************************************************

            Population analysis using the SCF Density.

 **********************************************************************

 Alpha  occ. eigenvalues --  -15.38522 -15.38508  -1.26468  -0.86459  -0.59349
 Alpha  occ. eigenvalues --   -0.54535  -0.42650  -0.27714
 Alpha virt. eigenvalues --    0.18731   0.59772   0.63693   0.81512
     Molecular Orbital Coefficients:
                           1         2         3         4         5
                           O         O         O         O         O
     Eigenvalues --   -15.38522 -15.38508  -1.26468  -0.86459  -0.59349
   1 1   H  1S         -0.00442  -0.00493   0.07618  -0.25230  -0.33478
   2 2   N  1S          0.70497   0.70052  -0.16671   0.14274   0.00249
   3        2S          0.02461   0.01565   0.52445  -0.55531  -0.01373
   4        2PX        -0.00027  -0.00041  -0.00104   0.03546  -0.11915
   5        2PY        -0.00684  -0.00054  -0.16964  -0.08286  -0.32170
   6        2PZ        -0.00060  -0.00292  -0.00289   0.19803   0.36547
   7 3   N  1S         -0.69990   0.70559  -0.16670  -0.14274   0.00249
   8        2S         -0.02449   0.01583   0.52445   0.55532  -0.01374
   9        2PX        -0.00212   0.00244   0.04549   0.13026  -0.28263
  10        2PY        -0.00652   0.00024   0.16185  -0.09949   0.39217
  11        2PZ         0.00049   0.00175  -0.02288   0.14309  -0.13257
  12 4   H  1S          0.00438  -0.00496   0.07618   0.25231  -0.33477
                           6         7         8         9        10
                           O         O         O         V         V
     Eigenvalues --    -0.54535  -0.42650  -0.27714   0.18731   0.59772
   1 1   H  1S         -0.18201   0.02920   0.25906   0.26891  -0.81944
   2 2   N  1S         -0.08868   0.04586   0.05027   0.03914  -0.07984
   3        2S          0.40842  -0.23777  -0.28352  -0.22124   0.52878
   4        2PX         0.21758   0.42319  -0.51870   0.69848   0.16968
   5        2PY         0.26981  -0.42820  -0.32611  -0.09395  -0.12590
   6        2PZ         0.38420  -0.18189  -0.25946  -0.10357  -0.59360
   7 3   N  1S          0.08867   0.04586   0.05027  -0.03914   0.07985
   8        2S         -0.40840  -0.23777  -0.28352   0.22125  -0.52886
   9        2PX         0.29425   0.46029   0.06333  -0.43569  -0.61449
  10        2PY         0.25633   0.27332   0.40595   0.10487   0.01160
  11        2PZ         0.33979  -0.33008   0.52338   0.55373  -0.13927
  12 4   H  1S          0.18202   0.02920   0.25906  -0.26892   0.81956
                          11        12
                           V         V
     Eigenvalues --     0.63693   0.81512
   1 1   H  1S          0.79823  -0.04183
   2 2   N  1S          0.06877   0.10675
   3        2S         -0.46147  -0.73346
   4        2PX         0.10300   0.00593
   5        2PY        -0.00875   0.95554
   6        2PZ         0.68398  -0.34776
   7 3   N  1S          0.06877  -0.10674
   8        2S         -0.46145   0.73342
   9        2PX        -0.53002  -0.05257
  10        2PY         0.08357   0.96580
  11        2PZ        -0.43637  -0.31391
  12 4   H  1S          0.79809   0.04191
     Density Matrix:
                           1         2         3         4         5
   1 1   H  1S          0.56535
   2 2   N  1S         -0.05122   2.09676
   3        2S          0.05948  -0.39957   1.77636
   4        2PX        -0.26150  -0.04301   0.23338   1.02187
   5        2PY        -0.06076  -0.09902   0.53150   0.16445   1.00337
   6        2PZ        -0.62994  -0.05653   0.31433   0.20936   0.26535
   7 3   N  1S          0.04064   0.01013  -0.00664   0.01468   0.06321
   8        2S         -0.20317  -0.00664  -0.12673  -0.04327  -0.09264
   9        2PX         0.08302   0.01744  -0.10366   0.52843  -0.13186
  10        2PY        -0.05468  -0.06884   0.11839  -0.17910  -0.65118
  11        2PZ         0.14127   0.01304  -0.04144  -0.63267   0.19402
  12 4   H  1S          0.17813   0.04064  -0.20316  -0.06732   0.05193
                           6         7         8         9        10
   6        2PZ         0.84163
   7 3   N  1S         -0.03166   2.09676
   8        2S          0.12661  -0.39957   1.77635
   9        2PX        -0.12948   0.05341  -0.29481   0.80278
  10        2PY         0.13320   0.09719  -0.52072   0.22103   0.99027
  11        2PZ         0.06947   0.05050  -0.27876   0.07253   0.27883
  12 4   H  1S         -0.15037  -0.05122   0.05949   0.42866   0.03143
                          11        12
  11        2PZ         1.07384
  12 4   H  1S          0.53307   0.56534
    Full Mulliken population analysis:
                           1         2         3         4         5
   1 1   H  1S          0.56535
   2 2   N  1S         -0.00267   2.09676
   3        2S          0.02770  -0.09391   1.77636
   4        2PX         0.00000   0.00000   0.00000   1.02187
   5        2PY         0.00000   0.00000   0.00000   0.00000   1.00337
   6        2PZ         0.26640   0.00000   0.00000   0.00000   0.00000
   7 3   N  1S          0.00033   0.00000  -0.00020   0.00000  -0.00310
   8        2S         -0.02536  -0.00020  -0.04268   0.00000   0.03255
   9        2PX         0.00000   0.00000   0.00000   0.10142   0.00000
  10        2PY        -0.00515  -0.00338   0.04160   0.00000   0.18297
  11        2PZ        -0.01549  -0.00019   0.00440   0.00000   0.02776
  12 4   H  1S          0.00770   0.00033  -0.02536  -0.00463  -0.00552
                           6         7         8         9        10
   6        2PZ         0.84163
   7 3   N  1S         -0.00047   2.09676
   8        2S          0.01346  -0.09391   1.77635
   9        2PX         0.00000   0.00000   0.00000   0.80278
  10        2PY         0.01906   0.00000   0.00000   0.00000   0.99027
  11        2PZ         0.01033   0.00000   0.00000   0.00000   0.00000
  12 4   H  1S         -0.01049  -0.00267   0.02770   0.15375  -0.00198
                          11        12
  11        2PZ         1.07384
  12 4   H  1S          0.11463   0.56534
     Gross orbital populations:
                           1
   1 1   H  1S          0.81879
   2 2   N  1S          1.99672
   3        2S          1.68791
   4        2PX         1.11865
   5        2PY         1.23802
   6        2PZ         1.13990
   7 3   N  1S          1.99672
   8        2S          1.68790
   9        2PX         1.05794
  10        2PY         1.22338
  11        2PZ         1.21527
  12 4   H  1S          0.81879
          Condensed to atoms (all electrons):
               1          2          3          4
     1  H    0.565345   0.291427  -0.045678   0.007696
     2  N    0.291427   6.552163   0.383294  -0.045673
     3  N   -0.045678   0.383294   6.552169   0.291425
     4  H    0.007696  -0.045673   0.291425   0.565343
 Mulliken charges:
               1
     1  H    0.181211
     2  N   -0.181210
     3  N   -0.181210
     4  H    0.181210
 Sum of Mulliken charges =   0.00000
 Mulliken charges with hydrogens summed into heavy atoms:
               1
     2  N    0.000000
     3  N    0.000000
 Electronic spatial extent (au):  <R**2>=             58.3533
 Charge=              0.0000 electrons
 Dipole moment (field-independent basis, Debye):
    X=              0.7974    Y=             -0.1399    Z=             -0.4621  Tot=              0.9322
 Quadrupole moment (field-independent basis, Debye-Ang):
   XX=            -10.0733   YY=            -13.3926   ZZ=             -8.9784
   XY=             -1.4083   XZ=              0.3663   YZ=             -1.4153
 Traceless Quadrupole moment (field-independent basis, Debye-Ang):
   XX=              0.7415   YY=             -2.5779   ZZ=              1.8364
   XY=             -1.4083   XZ=              0.3663   YZ=             -1.4153
 Octapole moment (field-independent basis, Debye-Ang**2):
  XXX=              0.0056  YYY=             -0.1251  ZZZ=             -1.2374  XYY=              0.3376
  XXY=             -0.5719  XXZ=              0.8225  XZZ=              0.2345  YZZ=              0.5953
  YYZ=              0.0805  XYZ=             -0.5280
 Hexadecapole moment (field-independent basis, Debye-Ang**3):
 XXXX=             -9.0967 YYYY=            -37.2766 ZZZZ=            -14.2895 XXXY=              0.4581
 XXXZ=             -0.8369 YYYX=              0.0786 YYYZ=              5.2786 ZZZX=             -1.2192
 ZZZY=              4.4478 XXYY=             -6.9174 XXZZ=             -4.0497 YYZZ=             -7.8143
 XXYZ=              1.4597 YYXZ=             -0.2019 ZZXY=              0.1369
 N-N= 3.129960772757D+01 E-N=-3.177128638833D+02  KE= 1.076436594899D+02
 Orbital energies and kinetic energies (alpha):
                                 1                 2
   1         O               -15.385216         21.694332
   2         O               -15.385081         21.734236
   3         O                -1.264679          1.837393
   4         O                -0.864594          1.719425
   5         O                -0.593487          1.365591
   6         O                -0.545346          1.715549
   7         O                -0.426497          1.751978
   8         O                -0.277144          2.003326
   9         V                 0.187311          2.111667
  10         V                 0.597715          2.469075
  11         V                 0.636926          2.518792
  12         V                 0.815120          3.858515
 Total kinetic energy from orbitals= 1.076436594899D+02
 No NMR shielding tensors so no spin-rotation constants.
 Leave Link  601 at Wed Jul 29 22:49:48 2026, MaxMem=   536870912 cpu:               0.0 elap:               0.2
 (Enter C:\G16W\l9999.exe)
 Unable to Open any file for archive entry.
 1|1|UNPC-LAPTOP-34RRSFDS|SP|RHF|STO-3G|H2N2|THINK|29-Jul-2026|0||#p RH
 F/STO-3G SCF=(Tight,XQC,MaxCycle=512) NoSymm Pop=Full||Diazene oop_117
 p611 | out_of_plane 117.611 deg||0,1|H,0,-0.03017,0.62034,-1.22808|N,0
 ,-0.03017,0.62034,-0.16858|N,0,-0.03017,-0.60975,0.20354|H,0,0.86843,-
 0.76736,0.74227||Version=EM64W-G16RevC.01|HF=-108.4770367|RMSD=7.034e-
 010|Dipole=0.3137338,-0.0550378,-0.1818016|Quadrupole=0.5512942,-1.916
 5864,1.3652922,-1.0470073,0.2723447,-1.0522413|PG=C01 [X(H2N2)]||@
 The archive entry for this job was punched.


 ... IT CAN BE VERY DIFFICULT, IN THESE COMPLEX TIMES,
 TO UNDERSTAND JUST HOW SCIENTISTS DO WHAT THEY DO.

                     DON MOSER IN THE FEBRUARY 1979 SMITHSONIAN
 Job cpu time:       0 days  0 hours  0 minutes  2.0 seconds.
 Elapsed time:       0 days  0 hours  0 minutes  2.3 seconds.
 File lengths (MBytes):  RWF=      6 Int=      0 D2E=      0 Chk=      1 Scr=      1
 Normal termination of Gaussian 16 at Wed Jul 29 22:49:48 2026.
