 Entering Link 1 = C:\G16W\l1.exe PID=     72436.
  
 Copyright (c) 1988-2019, Gaussian, Inc.  All Rights Reserved.
  
 This is part of the Gaussian(R) 16 program.  It is based on
 the Gaussian(R) 09 system (copyright 2009, Gaussian, Inc.),
 the Gaussian(R) 03 system (copyright 2003, Gaussian, Inc.),
 the Gaussian(R) 98 system (copyright 1998, Gaussian, Inc.),
 the Gaussian(R) 94 system (copyright 1995, Gaussian, Inc.),
 the Gaussian 92(TM) system (copyright 1992, Gaussian, Inc.),
 the Gaussian 90(TM) system (copyright 1990, Gaussian, Inc.),
 the Gaussian 88(TM) system (copyright 1988, Gaussian, Inc.),
 the Gaussian 86(TM) system (copyright 1986, Carnegie Mellon
 University), and the Gaussian 82(TM) system (copyright 1983,
 Carnegie Mellon University). Gaussian is a federally registered
 trademark of Gaussian, Inc.
  
 This software contains proprietary and confidential information,
 including trade secrets, belonging to Gaussian, Inc.
  
 This software is provided under written license and may be
 used, copied, transmitted, or stored only in accord with that
 written license.
  
 The following legend is applicable only to US Government
 contracts under FAR:
  
                    RESTRICTED RIGHTS LEGEND
  
 Use, reproduction and disclosure by the US Government is
 subject to restrictions as set forth in subparagraphs (a)
 and (c) of the Commercial Computer Software - Restricted
 Rights clause in FAR 52.227-19.
  
 Gaussian, Inc.
 340 Quinnipiac St., Bldg. 40, Wallingford CT 06492
  
  
 ---------------------------------------------------------------
 Warning -- This program may not be used in any manner that
 competes with the business of Gaussian, Inc. or will provide
 assistance to any competitor of Gaussian, Inc.  The licensee
 of this program is prohibited from giving any competitor of
 Gaussian, Inc. access to this program.  By using this program,
 the user acknowledges that Gaussian, Inc. is engaged in the
 business of creating and licensing software in the field of
 computational chemistry and represents and warrants to the
 licensee that it is not a competitor of Gaussian, Inc. and that
 it will not use this program in any manner prohibited above.
 ---------------------------------------------------------------
  

 Cite this work as:
 Gaussian 16, Revision C.01,
 M. J. Frisch, G. W. Trucks, H. B. Schlegel, G. E. Scuseria, 
 M. A. Robb, J. R. Cheeseman, G. Scalmani, V. Barone, 
 G. A. Petersson, H. Nakatsuji, X. Li, M. Caricato, A. V. Marenich, 
 J. Bloino, B. G. Janesko, R. Gomperts, B. Mennucci, H. P. Hratchian, 
 J. V. Ortiz, A. F. Izmaylov, J. L. Sonnenberg, D. Williams-Young, 
 F. Ding, F. Lipparini, F. Egidi, J. Goings, B. Peng, A. Petrone, 
 T. Henderson, D. Ranasinghe, V. G. Zakrzewski, J. Gao, N. Rega, 
 G. Zheng, W. Liang, M. Hada, M. Ehara, K. Toyota, R. Fukuda, 
 J. Hasegawa, M. Ishida, T. Nakajima, Y. Honda, O. Kitao, H. Nakai, 
 T. Vreven, K. Throssell, J. A. Montgomery, Jr., J. E. Peralta, 
 F. Ogliaro, M. J. Bearpark, J. J. Heyd, E. N. Brothers, K. N. Kudin, 
 V. N. Staroverov, T. A. Keith, R. Kobayashi, J. Normand, 
 K. Raghavachari, A. P. Rendell, J. C. Burant, S. S. Iyengar, 
 J. Tomasi, M. Cossi, J. M. Millam, M. Klene, C. Adamo, R. Cammi, 
 J. W. Ochterski, R. L. Martin, K. Morokuma, O. Farkas, 
 J. B. Foresman, and D. J. Fox, Gaussian, Inc., Wallingford CT, 2019.
 
 ******************************************
 Gaussian 16:  EM64W-G16RevC.01 30-May-2019
                29-Jul-2026 
 ******************************************
 %chk=ip_219p052.chk
 %mem=4GB
 %nprocshared=8
 Will use up to    8 processors via shared memory.
 ----------------------------------------------------------
 #p RHF/STO-3G SCF=(Tight,XQC,MaxCycle=512) NoSymm Pop=Full
 ----------------------------------------------------------
 1/38=1,172=1/1;
 2/12=2,15=1,17=6,18=5,40=1/2;
 3/6=3,11=1,25=1,30=1,116=1/1,2,3;
 4//1;
 5/5=2,7=512,8=3,13=1,32=2,38=5/2,8;
 6/7=3,28=1/1;
 99/5=1,9=1/99;
 Leave Link    1 at Wed Jul 29 22:49:26 2026, MaxMem=   536870912 cpu:               0.0 elap:               0.2
 (Enter C:\G16W\l101.exe)
 -----------------------------------------
 Diazene ip_219p052 | in_plane 219.052 deg
 -----------------------------------------
 Symbolic Z-matrix:
 Charge =  0 Multiplicity = 1
 H                    -0.00004   0.63081  -1.20416 
 N                    -0.00004   0.63081  -0.14048 
 N                    -0.00004  -0.58876   0.15662 
 H                     0.00116  -1.21501   0.97997 
 
 ITRead=  0  0  0  0
 MicOpt= -1 -1 -1 -1
 NAtoms=      4 NQM=        4 NQMF=       0 NMMI=      0 NMMIF=      0
                NMic=       0 NMicF=      0.
                    Isotopes and Nuclear Properties:
 (Nuclear quadrupole moments (NQMom) in fm**2, nuclear magnetic moments (NMagM)
  in nuclear magnetons)

  Atom         1           2           3           4
 IAtWgt=           1          14          14           1
 AtmWgt=   1.0078250  14.0030740  14.0030740   1.0078250
 NucSpn=           1           2           2           1
 AtZEff=   0.0000000   0.0000000   0.0000000   0.0000000
 NQMom=    0.0000000   2.0440000   2.0440000   0.0000000
 NMagM=    2.7928460   0.4037610   0.4037610   2.7928460
 AtZNuc=   1.0000000   7.0000000   7.0000000   1.0000000
 Leave Link  101 at Wed Jul 29 22:49:26 2026, MaxMem=   536870912 cpu:               0.0 elap:               0.2
 (Enter C:\G16W\l202.exe)
                          Input orientation:                          
 ---------------------------------------------------------------------
 Center     Atomic      Atomic             Coordinates (Angstroms)
 Number     Number       Type             X           Y           Z
 ---------------------------------------------------------------------
      1          1           0       -0.000040    0.630810   -1.204160
      2          7           0       -0.000040    0.630810   -0.140480
      3          7           0       -0.000040   -0.588760    0.156620
      4          1           0        0.001160   -1.215010    0.979970
 ---------------------------------------------------------------------
                    Distance matrix (angstroms):
                    1          2          3          4
     1  H    0.000000
     2  N    1.063680   0.000000
     3  N    1.827313   1.255237   0.000000
     4  H    2.859629   2.159273   1.034454   0.000000
 Symmetry turned off by external request.
 Stoichiometry    H2N2
 Framework group  C1[X(H2N2)]
 Deg. of freedom     6
 Full point group                 C1      NOp   1
 Rotational constants (GHZ):         412.5677669          35.7435079          32.8937099
 Leave Link  202 at Wed Jul 29 22:49:26 2026, MaxMem=   536870912 cpu:               0.0 elap:               0.1
 (Enter C:\G16W\l301.exe)
 Standard basis: STO-3G (5D, 7F)
 Ernie: Thresh=  0.10000D-02 Tol=  0.10000D-05 Strict=F.
    12 basis functions,    36 primitive gaussians,    12 cartesian basis functions
     8 alpha electrons        8 beta electrons
       nuclear repulsion energy        31.6482511944 Hartrees.
 IExCor=    0 DFT=F Ex=HF Corr=None ExCW=0 ScaHFX=  1.000000
 ScaDFX=  1.000000  1.000000  1.000000  1.000000 ScalE2=  1.000000  1.000000
 IRadAn=      5 IRanWt=     -1 IRanGd=            0 ICorTp=0 IEmpDi=  4
 NAtoms=    4 NActive=    4 NUniq=    4 SFac= 1.00D+00 NAtFMM=   60 NAOKFM=F Big=F
 Integral buffers will be    131072 words long.
 Raffenetti 1 integral format.
 Two-electron integral symmetry is turned off.
 Leave Link  301 at Wed Jul 29 22:49:27 2026, MaxMem=   536870912 cpu:               1.0 elap:               0.1
 (Enter C:\G16W\l302.exe)
 NPDir=0 NMtPBC=     1 NCelOv=     1 NCel=       1 NClECP=     1 NCelD=      1
         NCelK=      1 NCelE2=     1 NClLst=     1 CellRange=     0.0.
 One-electron integrals computed using PRISM.
 NBasis=    12 RedAO= T EigKep=  2.51D-01  NBF=    12
 NBsUse=    12 1.00D-06 EigRej= -1.00D+00 NBFU=    12
 Leave Link  302 at Wed Jul 29 22:49:27 2026, MaxMem=   536870912 cpu:               0.0 elap:               0.2
 (Enter C:\G16W\l303.exe)
 DipDrv:  MaxL=1.
 Leave Link  303 at Wed Jul 29 22:49:27 2026, MaxMem=   536870912 cpu:               0.0 elap:               0.2
 (Enter C:\G16W\l401.exe)
 ExpMin= 1.69D-01 ExpMax= 9.91D+01 ExpMxC= 9.91D+01 IAcc=3 IRadAn=         5 AccDes= 0.00D+00
 Harris functional with IExCor=  205 and IRadAn=       5 diagonalized for initial guess.
 HarFok:  IExCor=  205 AccDes= 0.00D+00 IRadAn=         5 IDoV= 1 UseB2=F ITyADJ=14
 ICtDFT=  3500011 ScaDFX=  1.000000  1.000000  1.000000  1.000000
 FoFCou: FMM=F IPFlag=           0 FMFlag=      100000 FMFlg1=           0
         NFxFlg=           0 DoJE=T BraDBF=F KetDBF=T FulRan=T
         wScrn=  0.000000 ICntrl=       500 IOpCl=  0 I1Cent=   200000004 NGrid=           0
         NMat0=    1 NMatS0=      1 NMatT0=    0 NMatD0=    1 NMtDS0=    0 NMtDT0=    0
 Symmetry not used in FoFCou.
 Harris En= -108.554943232637    
 JPrj=0 DoOrth=F DoCkMO=F.
 Leave Link  401 at Wed Jul 29 22:49:27 2026, MaxMem=   536870912 cpu:               0.0 elap:               0.3
 (Enter C:\G16W\l502.exe)
 Keep R1 ints in memory in canonical form, NReq=1608215.
 FoFCou: FMM=F IPFlag=           0 FMFlag=           0 FMFlg1=           0
         NFxFlg=           0 DoJE=F BraDBF=F KetDBF=F FulRan=T
         wScrn=  0.000000 ICntrl=       600 IOpCl=  0 I1Cent=           0 NGrid=           0
         NMat0=    1 NMatS0=     78 NMatT0=    0 NMatD0=    1 NMtDS0=    0 NMtDT0=    0
 Symmetry not used in FoFCou.
 Two-electron integral symmetry not used.
 Closed shell SCF:
 Using DIIS extrapolation, IDIIS=  1040.
 NGot=   536870912 LenX=   536866319 LenY=   536865437
 Requested convergence on RMS density matrix=1.00D-08 within 128 cycles.
 Requested convergence on MAX density matrix=1.00D-06.
 Requested convergence on             energy=1.00D-06.
 No special actions if energy rises.

 Cycle   1  Pass 1  IDiag  1:
 E= -108.495720434263    
 DIIS: error= 2.87D-02 at cycle   1 NSaved=   1.
 NSaved= 1 IEnMin= 1 EnMin= -108.495720434263     IErMin= 1 ErrMin= 2.87D-02
 ErrMax= 2.87D-02  0.00D+00 EMaxC= 1.00D-01 BMatC= 1.50D-02 BMatP= 1.50D-02
 IDIUse=3 WtCom= 7.13D-01 WtEn= 2.87D-01
 Coeff-Com:  0.100D+01
 Coeff-En:   0.100D+01
 Coeff:      0.100D+01
 Gap=     0.542 Goal=   None    Shift=    0.000
 GapD=    0.542 DampG=2.000 DampE=0.500 DampFc=1.0000 IDamp=-1.
 RMSDP=9.48D-03 MaxDP=4.42D-02              OVMax= 0.00D+00

 Cycle   2  Pass 1  IDiag  1:
 E= -108.506160740254     Delta-E=       -0.010440305990 Rises=F Damp=F
 DIIS: error= 4.32D-03 at cycle   2 NSaved=   2.
 NSaved= 2 IEnMin= 2 EnMin= -108.506160740254     IErMin= 2 ErrMin= 4.32D-03
 ErrMax= 4.32D-03  0.00D+00 EMaxC= 1.00D-01 BMatC= 3.27D-04 BMatP= 1.50D-02
 IDIUse=3 WtCom= 9.57D-01 WtEn= 4.32D-02
 Coeff-Com: -0.422D-01 0.104D+01
 Coeff-En:   0.000D+00 0.100D+01
 Coeff:     -0.404D-01 0.104D+01
 Gap=     0.543 Goal=   None    Shift=    0.000
 RMSDP=2.37D-03 MaxDP=9.79D-03 DE=-1.04D-02 OVMax= 0.00D+00

 Cycle   3  Pass 1  IDiag  1:
 E= -108.506531457566     Delta-E=       -0.000370717312 Rises=F Damp=F
 DIIS: error= 3.01D-03 at cycle   3 NSaved=   3.
 NSaved= 3 IEnMin= 3 EnMin= -108.506531457566     IErMin= 3 ErrMin= 3.01D-03
 ErrMax= 3.01D-03  0.00D+00 EMaxC= 1.00D-01 BMatC= 5.96D-05 BMatP= 3.27D-04
 IDIUse=3 WtCom= 9.70D-01 WtEn= 3.01D-02
 Coeff-Com: -0.270D-01 0.259D+00 0.768D+00
 Coeff-En:   0.000D+00 0.000D+00 0.100D+01
 Coeff:     -0.262D-01 0.251D+00 0.775D+00
 Gap=     0.541 Goal=   None    Shift=    0.000
 RMSDP=9.04D-04 MaxDP=6.84D-03 DE=-3.71D-04 OVMax= 0.00D+00

 Cycle   4  Pass 1  IDiag  1:
 E= -108.506630769372     Delta-E=       -0.000099311807 Rises=F Damp=F
 DIIS: error= 8.65D-04 at cycle   4 NSaved=   4.
 NSaved= 4 IEnMin= 4 EnMin= -108.506630769372     IErMin= 4 ErrMin= 8.65D-04
 ErrMax= 8.65D-04  0.00D+00 EMaxC= 1.00D-01 BMatC= 1.03D-05 BMatP= 5.96D-05
 IDIUse=3 WtCom= 9.91D-01 WtEn= 8.65D-03
 Coeff-Com:  0.145D-01-0.233D+00-0.609D-01 0.128D+01
 Coeff-En:   0.000D+00 0.000D+00 0.000D+00 0.100D+01
 Coeff:      0.144D-01-0.231D+00-0.603D-01 0.128D+01
 Gap=     0.542 Goal=   None    Shift=    0.000
 RMSDP=6.02D-04 MaxDP=2.70D-03 DE=-9.93D-05 OVMax= 0.00D+00

 Cycle   5  Pass 1  IDiag  1:
 E= -108.506653929717     Delta-E=       -0.000023160345 Rises=F Damp=F
 DIIS: error= 2.50D-04 at cycle   5 NSaved=   5.
 NSaved= 5 IEnMin= 5 EnMin= -108.506653929717     IErMin= 5 ErrMin= 2.50D-04
 ErrMax= 2.50D-04  0.00D+00 EMaxC= 1.00D-01 BMatC= 8.90D-07 BMatP= 1.03D-05
 IDIUse=3 WtCom= 9.98D-01 WtEn= 2.50D-03
 Coeff-Com: -0.930D-02 0.161D+00 0.870D-01-0.121D+01 0.197D+01
 Coeff-En:   0.000D+00 0.000D+00 0.000D+00 0.000D+00 0.100D+01
 Coeff:     -0.928D-02 0.161D+00 0.868D-01-0.120D+01 0.196D+01
 Gap=     0.542 Goal=   None    Shift=    0.000
 RMSDP=2.91D-04 MaxDP=1.42D-03 DE=-2.32D-05 OVMax= 0.00D+00

 Cycle   6  Pass 1  IDiag  1:
 E= -108.506656759115     Delta-E=       -0.000002829398 Rises=F Damp=F
 DIIS: error= 1.39D-05 at cycle   6 NSaved=   6.
 NSaved= 6 IEnMin= 6 EnMin= -108.506656759115     IErMin= 6 ErrMin= 1.39D-05
 ErrMax= 1.39D-05  0.00D+00 EMaxC= 1.00D-01 BMatC= 3.84D-09 BMatP= 8.90D-07
 IDIUse=1 WtCom= 1.00D+00 WtEn= 0.00D+00
 Coeff-Com:  0.193D-02-0.339D-01-0.169D-01 0.257D+00-0.463D+00 0.125D+01
 Coeff:      0.193D-02-0.339D-01-0.169D-01 0.257D+00-0.463D+00 0.125D+01
 Gap=     0.542 Goal=   None    Shift=    0.000
 RMSDP=1.80D-05 MaxDP=8.48D-05 DE=-2.83D-06 OVMax= 0.00D+00

 Cycle   7  Pass 1  IDiag  1:
 E= -108.506656769799     Delta-E=       -0.000000010684 Rises=F Damp=F
 DIIS: error= 3.01D-06 at cycle   7 NSaved=   7.
 NSaved= 7 IEnMin= 7 EnMin= -108.506656769799     IErMin= 7 ErrMin= 3.01D-06
 ErrMax= 3.01D-06  0.00D+00 EMaxC= 1.00D-01 BMatC= 1.16D-10 BMatP= 3.84D-09
 IDIUse=1 WtCom= 1.00D+00 WtEn= 0.00D+00
 Coeff-Com: -0.360D-03 0.635D-02 0.299D-02-0.483D-01 0.917D-01-0.383D+00
 Coeff-Com:  0.133D+01
 Coeff:     -0.360D-03 0.635D-02 0.299D-02-0.483D-01 0.917D-01-0.383D+00
 Coeff:      0.133D+01
 Gap=     0.542 Goal=   None    Shift=    0.000
 RMSDP=3.54D-06 MaxDP=1.79D-05 DE=-1.07D-08 OVMax= 0.00D+00

 Cycle   8  Pass 1  IDiag  1:
 E= -108.506656770148     Delta-E=       -0.000000000349 Rises=F Damp=F
 DIIS: error= 3.82D-07 at cycle   8 NSaved=   8.
 NSaved= 8 IEnMin= 8 EnMin= -108.506656770148     IErMin= 8 ErrMin= 3.82D-07
 ErrMax= 3.82D-07  0.00D+00 EMaxC= 1.00D-01 BMatC= 2.76D-12 BMatP= 1.16D-10
 IDIUse=1 WtCom= 1.00D+00 WtEn= 0.00D+00
 Coeff-Com:  0.659D-04-0.116D-02-0.584D-03 0.894D-02-0.177D-01 0.945D-01
 Coeff-Com: -0.442D+00 0.136D+01
 Coeff:      0.659D-04-0.116D-02-0.584D-03 0.894D-02-0.177D-01 0.945D-01
 Coeff:     -0.442D+00 0.136D+01
 Gap=     0.542 Goal=   None    Shift=    0.000
 RMSDP=5.41D-07 MaxDP=2.85D-06 DE=-3.49D-10 OVMax= 0.00D+00

 Cycle   9  Pass 1  IDiag  1:
 E= -108.506656770156     Delta-E=       -0.000000000008 Rises=F Damp=F
 DIIS: error= 1.01D-07 at cycle   9 NSaved=   9.
 NSaved= 9 IEnMin= 9 EnMin= -108.506656770156     IErMin= 9 ErrMin= 1.01D-07
 ErrMax= 1.01D-07  0.00D+00 EMaxC= 1.00D-01 BMatC= 8.69D-14 BMatP= 2.76D-12
 IDIUse=1 WtCom= 1.00D+00 WtEn= 0.00D+00
 Coeff-Com: -0.176D-04 0.309D-03 0.158D-03-0.239D-02 0.481D-02-0.276D-01
 Coeff-Com:  0.135D+00-0.445D+00 0.133D+01
 Coeff:     -0.176D-04 0.309D-03 0.158D-03-0.239D-02 0.481D-02-0.276D-01
 Coeff:      0.135D+00-0.445D+00 0.133D+01
 Gap=     0.542 Goal=   None    Shift=    0.000
 RMSDP=9.82D-08 MaxDP=3.11D-07 DE=-8.36D-12 OVMax= 0.00D+00

 Cycle  10  Pass 1  IDiag  1:
 E= -108.506656770157     Delta-E=       -0.000000000001 Rises=F Damp=F
 DIIS: error= 7.48D-08 at cycle  10 NSaved=  10.
 NSaved=10 IEnMin=10 EnMin= -108.506656770157     IErMin=10 ErrMin= 7.48D-08
 ErrMax= 7.48D-08  0.00D+00 EMaxC= 1.00D-01 BMatC= 4.10D-14 BMatP= 8.69D-14
 IDIUse=1 WtCom= 1.00D+00 WtEn= 0.00D+00
 Coeff-Com:  0.112D-04-0.195D-03-0.102D-03 0.152D-02-0.312D-02 0.194D-01
 Coeff-Com: -0.977D-01 0.339D+00-0.187D+01 0.261D+01
 Coeff:      0.112D-04-0.195D-03-0.102D-03 0.152D-02-0.312D-02 0.194D-01
 Coeff:     -0.977D-01 0.339D+00-0.187D+01 0.261D+01
 Gap=     0.542 Goal=   None    Shift=    0.000
 RMSDP=1.54D-07 MaxDP=5.13D-07 DE=-7.11D-13 OVMax= 0.00D+00

 Cycle  11  Pass 1  IDiag  1:
 E= -108.506656770157     Delta-E=        0.000000000000 Rises=F Damp=F
 DIIS: error= 3.19D-08 at cycle  11 NSaved=  11.
 NSaved=11 IEnMin=11 EnMin= -108.506656770157     IErMin=11 ErrMin= 3.19D-08
 ErrMax= 3.19D-08  0.00D+00 EMaxC= 1.00D-01 BMatC= 8.24D-15 BMatP= 4.10D-14
 IDIUse=1 WtCom= 1.00D+00 WtEn= 0.00D+00
 Coeff-Com: -0.301D-05 0.515D-04 0.289D-04-0.412D-03 0.878D-03-0.625D-02
 Coeff-Com:  0.325D-01-0.118D+00 0.107D+01-0.219D+01 0.222D+01
 Coeff:     -0.301D-05 0.515D-04 0.289D-04-0.412D-03 0.878D-03-0.625D-02
 Coeff:      0.325D-01-0.118D+00 0.107D+01-0.219D+01 0.222D+01
 Gap=     0.542 Goal=   None    Shift=    0.000
 RMSDP=1.06D-07 MaxDP=3.55D-07 DE=-4.55D-13 OVMax= 0.00D+00

 Cycle  12  Pass 1  IDiag  1:
 E= -108.506656770157     Delta-E=        0.000000000000 Rises=F Damp=F
 DIIS: error= 3.13D-09 at cycle  12 NSaved=  12.
 NSaved=12 IEnMin=11 EnMin= -108.506656770157     IErMin=12 ErrMin= 3.13D-09
 ErrMax= 3.13D-09  0.00D+00 EMaxC= 1.00D-01 BMatC= 1.63D-16 BMatP= 8.24D-15
 IDIUse=1 WtCom= 1.00D+00 WtEn= 0.00D+00
 Coeff-Com:  0.536D-06-0.883D-05-0.511D-05 0.729D-04-0.168D-03 0.148D-02
 Coeff-Com: -0.811D-02 0.307D-01-0.354D+00 0.796D+00-0.946D+00 0.148D+01
 Coeff:      0.536D-06-0.883D-05-0.511D-05 0.729D-04-0.168D-03 0.148D-02
 Coeff:     -0.811D-02 0.307D-01-0.354D+00 0.796D+00-0.946D+00 0.148D+01
 Gap=     0.542 Goal=   None    Shift=    0.000
 RMSDP=8.81D-09 MaxDP=2.64D-08 DE= 1.14D-13 OVMax= 0.00D+00

 SCF Done:  E(RHF) =  -108.506656770     A.U. after   12 cycles
            NFock= 12  Conv=0.88D-08     -V/T= 2.0090
 KE= 1.075432896325D+02 PE=-3.183117479662D+02 EE= 7.061355036924D+01
 Leave Link  502 at Wed Jul 29 22:49:28 2026, MaxMem=   536870912 cpu:               1.0 elap:               0.5
 (Enter C:\G16W\l508.exe)
 QCSCF skips out because SCF is already converged.
 Leave Link  508 at Wed Jul 29 22:49:28 2026, MaxMem=   536870912 cpu:               0.0 elap:               0.1
 (Enter C:\G16W\l601.exe)
 Copying SCF densities to generalized density rwf, IOpCl= 0 IROHF=0.

 **********************************************************************

            Population analysis using the SCF Density.

 **********************************************************************

 Alpha  occ. eigenvalues --  -15.40476 -15.36531  -1.26205  -0.87745  -0.61629
 Alpha  occ. eigenvalues --   -0.53957  -0.42767  -0.27758
 Alpha virt. eigenvalues --    0.26446   0.51336   0.64773   0.94617
     Molecular Orbital Coefficients:
                           1         2         3         4         5
                           O         O         O         O         O
     Eigenvalues --   -15.40476 -15.36531  -1.26205  -0.87745  -0.61629
   1 1   H  1S         -0.00653  -0.00057   0.07523  -0.20649  -0.37051
   2 2   N  1S          0.99384   0.00025  -0.17127   0.12946   0.02019
   3        2S          0.02873  -0.00618   0.53932  -0.49203  -0.10543
   4        2PX         0.00000   0.00000   0.00000   0.00005  -0.00007
   5        2PY        -0.00580   0.00422  -0.17709  -0.06206  -0.32871
   6        2PZ        -0.00263  -0.00164  -0.01180   0.16484   0.40082
   7 3   N  1S          0.00057   0.99378  -0.16683  -0.14457   0.00015
   8        2S         -0.00674   0.02887   0.51089   0.55119  -0.00458
   9        2PX         0.00000   0.00000   0.00005   0.00022  -0.00029
  10        2PY        -0.00479   0.00319   0.15623  -0.18512   0.46511
  11        2PZ         0.00142   0.00240  -0.00202   0.20487  -0.08670
  12 4   H  1S         -0.00025  -0.00637   0.07360   0.29538  -0.28083
                           6         7         8         9        10
                           O         O         O         V         V
     Eigenvalues --    -0.53957  -0.42767  -0.27758   0.26446   0.51336
   1 1   H  1S         -0.12069   0.00004   0.31299  -0.00051  -0.64373
   2 2   N  1S         -0.10452   0.00005   0.05758  -0.00008  -0.09891
   3        2S          0.49107  -0.00027  -0.32568   0.00045   0.61902
   4        2PX         0.00026   0.65840  -0.00058  -0.78105   0.00058
   5        2PY         0.40398  -0.00050  -0.42593  -0.00013  -0.36054
   6        2PZ         0.37325  -0.00022  -0.35164   0.00011  -0.26312
   7 3   N  1S          0.06854   0.00006   0.05596   0.00012   0.13757
   8        2S         -0.30471  -0.00030  -0.31923  -0.00074  -0.90511
   9        2PX         0.00042   0.63010   0.00008   0.80406  -0.00128
  10        2PY         0.08954   0.00036   0.43812   0.00006   0.00113
  11        2PZ         0.50790  -0.00033   0.60797  -0.00098  -0.46029
  12 4   H  1S          0.16651   0.00000   0.21092   0.00072   0.96759
                          11        12
                           V         V
     Eigenvalues --     0.64773   0.94617
   1 1   H  1S          0.96600   0.09885
   2 2   N  1S          0.05038   0.11013
   3        2S         -0.34770  -0.80710
   4        2PX         0.00014   0.00012
   5        2PY        -0.26805   0.90324
   6        2PZ         0.90814  -0.13492
   7 3   N  1S          0.07712  -0.05894
   8        2S         -0.52118   0.42751
   9        2PX        -0.00045  -0.00044
  10        2PY        -0.08635   1.08024
  11        2PZ        -0.37110  -0.51505
  12 4   H  1S          0.48620   0.56575
     Density Matrix:
                           1         2         3         4         5
   1 1   H  1S          0.59630
   2 2   N  1S         -0.04590   2.09694
   3        2S          0.03969  -0.39944   1.78431
   4        2PX        -0.00034  -0.00005   0.00026   0.86699
   5        2PY        -0.12151  -0.11371   0.61319   0.00009   0.97587
   6        2PZ        -0.67705  -0.06083   0.33605   0.00026   0.32135
   7 3   N  1S          0.05185   0.01346  -0.01909   0.00003   0.09303
   8        2S         -0.27359  -0.01893  -0.08245  -0.00013  -0.22028
   9        2PX         0.00013   0.00001  -0.00008   0.82972  -0.00022
  10        2PY         0.00801  -0.06045   0.05486  -0.00007  -0.63892
  11        2PZ         0.23729   0.01690  -0.08263  -0.00084  -0.07526
  12 4   H  1S          0.18904   0.02891  -0.12585  -0.00008   0.07670
                           6         7         8         9        10
   6        2PZ         0.90189
   7 3   N  1S         -0.03505   2.08832
   8        2S          0.16297  -0.34996   1.52093
   9        2PX        -0.00019   0.00007  -0.00040   0.79406
  10        2PY         0.06687   0.06918  -0.38273   0.00027   0.95000
  11        2PZ        -0.05034   0.08386  -0.47298   0.00025   0.46655
  12 4   H  1S         -0.15349  -0.07628   0.16688   0.00048  -0.13299
                          11        12
  11        2PZ         1.35417
  12 4   H  1S          0.59501   0.48758
    Full Mulliken population analysis:
                           1         2         3         4         5
   1 1   H  1S          0.59630
   2 2   N  1S         -0.00237   2.09694
   3        2S          0.01838  -0.09388   1.78431
   4        2PX         0.00000   0.00000   0.00000   0.86699
   5        2PY         0.00000   0.00000   0.00000   0.00000   0.97587
   6        2PZ         0.28529   0.00000   0.00000   0.00000   0.00000
   7 3   N  1S          0.00048   0.00000  -0.00064   0.00000  -0.00503
   8        2S         -0.03812  -0.00063  -0.02912   0.00000   0.08122
   9        2PX         0.00000   0.00000   0.00000   0.16948   0.00000
  10        2PY         0.00085  -0.00327   0.02023   0.00000   0.18979
  11        2PZ        -0.02811  -0.00022   0.00742   0.00000  -0.00919
  12 4   H  1S          0.00462   0.00012  -0.00933   0.00000  -0.00600
                           6         7         8         9        10
   6        2PZ         0.90189
   7 3   N  1S         -0.00046   2.08832
   8        2S          0.01464  -0.08225   1.52093
   9        2PX         0.00000   0.00000   0.00000   0.79406
  10        2PY         0.00817   0.00000   0.00000   0.00000   0.95000
  11        2PZ        -0.00879   0.00000   0.00000   0.00000   0.00000
  12 4   H  1S         -0.00729  -0.00423   0.08027   0.00000   0.03477
                          11        12
  11        2PZ         1.35417
  12 4   H  1S          0.20453   0.48758
     Gross orbital populations:
                           1
   1 1   H  1S          0.83733
   2 2   N  1S          1.99668
   3        2S          1.69737
   4        2PX         1.03647
   5        2PY         1.22666
   6        2PZ         1.19344
   7 3   N  1S          1.99619
   8        2S          1.54694
   9        2PX         0.96353
  10        2PY         1.20054
  11        2PZ         1.51982
  12 4   H  1S          0.78504
          Condensed to atoms (all electrons):
               1          2          3          4
     1  H    0.596301   0.301300  -0.064895   0.004623
     2  N    0.301300   6.438223   0.433597  -0.022508
     3  N   -0.064895   0.433597   6.542969   0.315349
     4  H    0.004623  -0.022508   0.315349   0.487575
 Mulliken charges:
               1
     1  H    0.162672
     2  N   -0.150613
     3  N   -0.227020
     4  H    0.214961
 Sum of Mulliken charges =   0.00000
 Mulliken charges with hydrogens summed into heavy atoms:
               1
     2  N    0.012059
     3  N   -0.012059
 Electronic spatial extent (au):  <R**2>=             58.3824
 Charge=              0.0000 electrons
 Dipole moment (field-independent basis, Debye):
    X=              0.0014    Y=             -0.9797    Z=              0.2904  Tot=              1.0219
 Quadrupole moment (field-independent basis, Debye-Ang):
   XX=            -10.6985   YY=            -11.9273   ZZ=             -8.7990
   XY=             -0.0026   XZ=              0.0009   YZ=             -2.7573
 Traceless Quadrupole moment (field-independent basis, Debye-Ang):
   XX=             -0.2236   YY=             -1.4524   ZZ=              1.6760
   XY=             -0.0026   XZ=              0.0009   YZ=             -2.7573
 Octapole moment (field-independent basis, Debye-Ang**2):
  XXX=             -0.0010  YYY=             -2.4597  ZZZ=             -0.1152  XYY=              0.0024
  XXY=              0.0360  XXZ=              0.1739  XZZ=              0.0013  YZZ=             -0.6030
  YYZ=              1.8815  XYZ=             -0.0019
 Hexadecapole moment (field-independent basis, Debye-Ang**3):
 XXXX=             -6.7936 YYYY=            -36.8737 ZZZZ=            -14.5464 XXXY=              0.0025
 XXXZ=             -0.0025 YYYX=             -0.0013 YYYZ=              2.8536 ZZZX=             -0.0008
 ZZZY=              3.6214 XXYY=             -7.2207 XXZZ=             -4.1672 YYZZ=             -6.7652
 XXYZ=              2.0141 YYXZ=              0.0015 ZZXY=             -0.0011
 N-N= 3.164825119437D+01 E-N=-3.183117479663D+02  KE= 1.075432896325D+02
 Orbital energies and kinetic energies (alpha):
                                 1                 2
   1         O               -15.404762         21.714470
   2         O               -15.365315         21.711479
   3         O                -1.262046          1.877440
   4         O                -0.877453          1.644823
   5         O                -0.616287          1.377066
   6         O                -0.539568          1.763564
   7         O                -0.427672          1.649502
   8         O                -0.277576          2.033300
   9         V                 0.264456          2.277588
  10         V                 0.513363          2.542580
  11         V                 0.647731          2.568143
  12         V                 0.946171          3.851155
 Total kinetic energy from orbitals= 1.075432896325D+02
 No NMR shielding tensors so no spin-rotation constants.
 Leave Link  601 at Wed Jul 29 22:49:28 2026, MaxMem=   536870912 cpu:               0.0 elap:               0.2
 (Enter C:\G16W\l9999.exe)
 Unable to Open any file for archive entry.
 1|1|UNPC-LAPTOP-34RRSFDS|SP|RHF|STO-3G|H2N2|THINK|29-Jul-2026|0||#p RH
 F/STO-3G SCF=(Tight,XQC,MaxCycle=512) NoSymm Pop=Full||Diazene ip_219p
 052 | in_plane 219.052 deg||0,1|H,0,-0.00004,0.63081,-1.20416|N,0,-0.0
 0004,0.63081,-0.14048|N,0,-0.00004,-0.58876,0.15662|H,0,0.00116,-1.215
 01,0.97997||Version=EM64W-G16RevC.01|HF=-108.5066568|RMSD=8.811e-009|D
 ipole=0.0005479,-0.3854549,0.1142378|Quadrupole=-0.1662442,-1.0798019,
 1.2460461,-0.0019026,0.0006742,-2.0499951|PG=C01 [X(H2N2)]||@
 The archive entry for this job was punched.


 SCIENCE IS LONG AND LIFE IS SHORT.

                     DON MOSER IN THE FEBRUARY 1979 SMITHSONIAN
 Job cpu time:       0 days  0 hours  0 minutes  2.0 seconds.
 Elapsed time:       0 days  0 hours  0 minutes  2.2 seconds.
 File lengths (MBytes):  RWF=      6 Int=      0 D2E=      0 Chk=      1 Scr=      1
 Normal termination of Gaussian 16 at Wed Jul 29 22:49:28 2026.
