 Entering Link 1 = C:\G16W\l1.exe PID=     69720.
  
 Copyright (c) 1988-2019, Gaussian, Inc.  All Rights Reserved.
  
 This is part of the Gaussian(R) 16 program.  It is based on
 the Gaussian(R) 09 system (copyright 2009, Gaussian, Inc.),
 the Gaussian(R) 03 system (copyright 2003, Gaussian, Inc.),
 the Gaussian(R) 98 system (copyright 1998, Gaussian, Inc.),
 the Gaussian(R) 94 system (copyright 1995, Gaussian, Inc.),
 the Gaussian 92(TM) system (copyright 1992, Gaussian, Inc.),
 the Gaussian 90(TM) system (copyright 1990, Gaussian, Inc.),
 the Gaussian 88(TM) system (copyright 1988, Gaussian, Inc.),
 the Gaussian 86(TM) system (copyright 1986, Carnegie Mellon
 University), and the Gaussian 82(TM) system (copyright 1983,
 Carnegie Mellon University). Gaussian is a federally registered
 trademark of Gaussian, Inc.
  
 This software contains proprietary and confidential information,
 including trade secrets, belonging to Gaussian, Inc.
  
 This software is provided under written license and may be
 used, copied, transmitted, or stored only in accord with that
 written license.
  
 The following legend is applicable only to US Government
 contracts under FAR:
  
                    RESTRICTED RIGHTS LEGEND
  
 Use, reproduction and disclosure by the US Government is
 subject to restrictions as set forth in subparagraphs (a)
 and (c) of the Commercial Computer Software - Restricted
 Rights clause in FAR 52.227-19.
  
 Gaussian, Inc.
 340 Quinnipiac St., Bldg. 40, Wallingford CT 06492
  
  
 ---------------------------------------------------------------
 Warning -- This program may not be used in any manner that
 competes with the business of Gaussian, Inc. or will provide
 assistance to any competitor of Gaussian, Inc.  The licensee
 of this program is prohibited from giving any competitor of
 Gaussian, Inc. access to this program.  By using this program,
 the user acknowledges that Gaussian, Inc. is engaged in the
 business of creating and licensing software in the field of
 computational chemistry and represents and warrants to the
 licensee that it is not a competitor of Gaussian, Inc. and that
 it will not use this program in any manner prohibited above.
 ---------------------------------------------------------------
  

 Cite this work as:
 Gaussian 16, Revision C.01,
 M. J. Frisch, G. W. Trucks, H. B. Schlegel, G. E. Scuseria, 
 M. A. Robb, J. R. Cheeseman, G. Scalmani, V. Barone, 
 G. A. Petersson, H. Nakatsuji, X. Li, M. Caricato, A. V. Marenich, 
 J. Bloino, B. G. Janesko, R. Gomperts, B. Mennucci, H. P. Hratchian, 
 J. V. Ortiz, A. F. Izmaylov, J. L. Sonnenberg, D. Williams-Young, 
 F. Ding, F. Lipparini, F. Egidi, J. Goings, B. Peng, A. Petrone, 
 T. Henderson, D. Ranasinghe, V. G. Zakrzewski, J. Gao, N. Rega, 
 G. Zheng, W. Liang, M. Hada, M. Ehara, K. Toyota, R. Fukuda, 
 J. Hasegawa, M. Ishida, T. Nakajima, Y. Honda, O. Kitao, H. Nakai, 
 T. Vreven, K. Throssell, J. A. Montgomery, Jr., J. E. Peralta, 
 F. Ogliaro, M. J. Bearpark, J. J. Heyd, E. N. Brothers, K. N. Kudin, 
 V. N. Staroverov, T. A. Keith, R. Kobayashi, J. Normand, 
 K. Raghavachari, A. P. Rendell, J. C. Burant, S. S. Iyengar, 
 J. Tomasi, M. Cossi, J. M. Millam, M. Klene, C. Adamo, R. Cammi, 
 J. W. Ochterski, R. L. Martin, K. Morokuma, O. Farkas, 
 J. B. Foresman, and D. J. Fox, Gaussian, Inc., Wallingford CT, 2019.
 
 ******************************************
 Gaussian 16:  EM64W-G16RevC.01 30-May-2019
                29-Jul-2026 
 ******************************************
 %chk=oop_161p551.chk
 %mem=4GB
 %nprocshared=8
 Will use up to    8 processors via shared memory.
 ----------------------------------------------------------
 #p RHF/STO-3G SCF=(Tight,XQC,MaxCycle=512) NoSymm Pop=Full
 ----------------------------------------------------------
 1/38=1,172=1/1;
 2/12=2,15=1,17=6,18=5,40=1/2;
 3/6=3,11=1,25=1,30=1,116=1/1,2,3;
 4//1;
 5/5=2,7=512,8=3,13=1,32=2,38=5/2,8;
 6/7=3,28=1/1;
 99/5=1,9=1/99;
 Leave Link    1 at Wed Jul 29 22:49:06 2026, MaxMem=   536870912 cpu:               0.0 elap:               0.2
 (Enter C:\G16W\l101.exe)
 ----------------------------------------------
 Diazene oop_161p551 | out_of_plane 161.551 deg
 ----------------------------------------------
 Symbolic Z-matrix:
 Charge =  0 Multiplicity = 1
 H                    -0.01085   0.61243  -1.22466 
 N                    -0.01085   0.61243  -0.16601 
 N                    -0.01085  -0.6115    0.16941 
 H                     0.31225  -0.6254    1.17746 
 
 ITRead=  0  0  0  0
 MicOpt= -1 -1 -1 -1
 NAtoms=      4 NQM=        4 NQMF=       0 NMMI=      0 NMMIF=      0
                NMic=       0 NMicF=      0.
                    Isotopes and Nuclear Properties:
 (Nuclear quadrupole moments (NQMom) in fm**2, nuclear magnetic moments (NMagM)
  in nuclear magnetons)

  Atom         1           2           3           4
 IAtWgt=           1          14          14           1
 AtmWgt=   1.0078250  14.0030740  14.0030740   1.0078250
 NucSpn=           1           2           2           1
 AtZEff=   0.0000000   0.0000000   0.0000000   0.0000000
 NQMom=    0.0000000   2.0440000   2.0440000   0.0000000
 NMagM=    2.7928460   0.4037610   0.4037610   2.7928460
 AtZNuc=   1.0000000   7.0000000   7.0000000   1.0000000
 Leave Link  101 at Wed Jul 29 22:49:06 2026, MaxMem=   536870912 cpu:               0.0 elap:               0.2
 (Enter C:\G16W\l202.exe)
                          Input orientation:                          
 ---------------------------------------------------------------------
 Center     Atomic      Atomic             Coordinates (Angstroms)
 Number     Number       Type             X           Y           Z
 ---------------------------------------------------------------------
      1          1           0       -0.010850    0.612430   -1.224660
      2          7           0       -0.010850    0.612430   -0.166010
      3          7           0       -0.010850   -0.611500    0.169410
      4          1           0        0.312250   -0.625400    1.177460
 ---------------------------------------------------------------------
                    Distance matrix (angstroms):
                    1          2          3          4
     1  H    0.000000
     2  N    1.058650   0.000000
     3  N    1.855111   1.269059   0.000000
     4  H    2.721543   1.855136   1.058656   0.000000
 Symmetry turned off by external request.
 Stoichiometry    H2N2
 Framework group  C1[X(H2N2)]
 Deg. of freedom     6
 Full point group                 C1      NOp   1
 Rotational constants (GHZ):         282.3124036          37.9441409          33.6730058
 Leave Link  202 at Wed Jul 29 22:49:06 2026, MaxMem=   536870912 cpu:               0.0 elap:               0.1
 (Enter C:\G16W\l301.exe)
 Standard basis: STO-3G (5D, 7F)
 Ernie: Thresh=  0.10000D-02 Tol=  0.10000D-05 Strict=F.
    12 basis functions,    36 primitive gaussians,    12 cartesian basis functions
     8 alpha electrons        8 beta electrons
       nuclear repulsion energy        31.6182019506 Hartrees.
 IExCor=    0 DFT=F Ex=HF Corr=None ExCW=0 ScaHFX=  1.000000
 ScaDFX=  1.000000  1.000000  1.000000  1.000000 ScalE2=  1.000000  1.000000
 IRadAn=      5 IRanWt=     -1 IRanGd=            0 ICorTp=0 IEmpDi=  4
 NAtoms=    4 NActive=    4 NUniq=    4 SFac= 1.00D+00 NAtFMM=   60 NAOKFM=F Big=F
 Integral buffers will be    131072 words long.
 Raffenetti 1 integral format.
 Two-electron integral symmetry is turned off.
 Leave Link  301 at Wed Jul 29 22:49:06 2026, MaxMem=   536870912 cpu:               0.0 elap:               0.1
 (Enter C:\G16W\l302.exe)
 NPDir=0 NMtPBC=     1 NCelOv=     1 NCel=       1 NClECP=     1 NCelD=      1
         NCelK=      1 NCelE2=     1 NClLst=     1 CellRange=     0.0.
 One-electron integrals computed using PRISM.
 NBasis=    12 RedAO= T EigKep=  2.49D-01  NBF=    12
 NBsUse=    12 1.00D-06 EigRej= -1.00D+00 NBFU=    12
 Leave Link  302 at Wed Jul 29 22:49:07 2026, MaxMem=   536870912 cpu:               1.0 elap:               0.2
 (Enter C:\G16W\l303.exe)
 DipDrv:  MaxL=1.
 Leave Link  303 at Wed Jul 29 22:49:07 2026, MaxMem=   536870912 cpu:               0.0 elap:               0.2
 (Enter C:\G16W\l401.exe)
 ExpMin= 1.69D-01 ExpMax= 9.91D+01 ExpMxC= 9.91D+01 IAcc=3 IRadAn=         5 AccDes= 0.00D+00
 Harris functional with IExCor=  205 and IRadAn=       5 diagonalized for initial guess.
 HarFok:  IExCor=  205 AccDes= 0.00D+00 IRadAn=         5 IDoV= 1 UseB2=F ITyADJ=14
 ICtDFT=  3500011 ScaDFX=  1.000000  1.000000  1.000000  1.000000
 FoFCou: FMM=F IPFlag=           0 FMFlag=      100000 FMFlg1=           0
         NFxFlg=           0 DoJE=T BraDBF=F KetDBF=T FulRan=T
         wScrn=  0.000000 ICntrl=       500 IOpCl=  0 I1Cent=   200000004 NGrid=           0
         NMat0=    1 NMatS0=      1 NMatT0=    0 NMatD0=    1 NMtDS0=    0 NMtDT0=    0
 Symmetry not used in FoFCou.
 Harris En= -108.589688338618    
 JPrj=0 DoOrth=F DoCkMO=F.
 Leave Link  401 at Wed Jul 29 22:49:07 2026, MaxMem=   536870912 cpu:               0.0 elap:               0.3
 (Enter C:\G16W\l502.exe)
 Keep R1 ints in memory in canonical form, NReq=1608234.
 FoFCou: FMM=F IPFlag=           0 FMFlag=           0 FMFlg1=           0
         NFxFlg=           0 DoJE=F BraDBF=F KetDBF=F FulRan=T
         wScrn=  0.000000 ICntrl=       600 IOpCl=  0 I1Cent=           0 NGrid=           0
         NMat0=    1 NMatS0=     78 NMatT0=    0 NMatD0=    1 NMtDS0=    0 NMtDT0=    0
 Symmetry not used in FoFCou.
 Two-electron integral symmetry not used.
 Closed shell SCF:
 Using DIIS extrapolation, IDIIS=  1040.
 NGot=   536870912 LenX=   536866319 LenY=   536865437
 Requested convergence on RMS density matrix=1.00D-08 within 128 cycles.
 Requested convergence on MAX density matrix=1.00D-06.
 Requested convergence on             energy=1.00D-06.
 No special actions if energy rises.

 Cycle   1  Pass 1  IDiag  1:
 E= -108.540829647123    
 DIIS: error= 2.95D-02 at cycle   1 NSaved=   1.
 NSaved= 1 IEnMin= 1 EnMin= -108.540829647123     IErMin= 1 ErrMin= 2.95D-02
 ErrMax= 2.95D-02  0.00D+00 EMaxC= 1.00D-01 BMatC= 1.25D-02 BMatP= 1.25D-02
 IDIUse=3 WtCom= 7.05D-01 WtEn= 2.95D-01
 Coeff-Com:  0.100D+01
 Coeff-En:   0.100D+01
 Coeff:      0.100D+01
 Gap=     0.569 Goal=   None    Shift=    0.000
 GapD=    0.569 DampG=2.000 DampE=0.500 DampFc=1.0000 IDamp=-1.
 RMSDP=8.34D-03 MaxDP=4.31D-02              OVMax= 0.00D+00

 Cycle   2  Pass 1  IDiag  1:
 E= -108.549327091128     Delta-E=       -0.008497444004 Rises=F Damp=F
 DIIS: error= 3.38D-03 at cycle   2 NSaved=   2.
 NSaved= 2 IEnMin= 2 EnMin= -108.549327091128     IErMin= 2 ErrMin= 3.38D-03
 ErrMax= 3.38D-03  0.00D+00 EMaxC= 1.00D-01 BMatC= 1.37D-04 BMatP= 1.25D-02
 IDIUse=3 WtCom= 9.66D-01 WtEn= 3.38D-02
 Coeff-Com: -0.828D-01 0.108D+01
 Coeff-En:   0.000D+00 0.100D+01
 Coeff:     -0.800D-01 0.108D+01
 Gap=     0.563 Goal=   None    Shift=    0.000
 RMSDP=1.37D-03 MaxDP=5.19D-03 DE=-8.50D-03 OVMax= 0.00D+00

 Cycle   3  Pass 1  IDiag  1:
 E= -108.549534169978     Delta-E=       -0.000207078850 Rises=F Damp=F
 DIIS: error= 6.10D-04 at cycle   3 NSaved=   3.
 NSaved= 3 IEnMin= 3 EnMin= -108.549534169978     IErMin= 3 ErrMin= 6.10D-04
 ErrMax= 6.10D-04  0.00D+00 EMaxC= 1.00D-01 BMatC= 5.29D-06 BMatP= 1.37D-04
 IDIUse=3 WtCom= 9.94D-01 WtEn= 6.10D-03
 Coeff-Com:  0.226D-01-0.384D+00 0.136D+01
 Coeff-En:   0.000D+00 0.000D+00 0.100D+01
 Coeff:      0.224D-01-0.382D+00 0.136D+01
 Gap=     0.563 Goal=   None    Shift=    0.000
 RMSDP=4.09D-04 MaxDP=1.39D-03 DE=-2.07D-04 OVMax= 0.00D+00

 Cycle   4  Pass 1  IDiag  1:
 E= -108.549545100976     Delta-E=       -0.000010930998 Rises=F Damp=F
 DIIS: error= 4.74D-05 at cycle   4 NSaved=   4.
 NSaved= 4 IEnMin= 4 EnMin= -108.549545100976     IErMin= 4 ErrMin= 4.74D-05
 ErrMax= 4.74D-05  0.00D+00 EMaxC= 1.00D-01 BMatC= 3.89D-08 BMatP= 5.29D-06
 IDIUse=1 WtCom= 1.00D+00 WtEn= 0.00D+00
 Coeff-Com: -0.471D-02 0.825D-01-0.321D+00 0.124D+01
 Coeff:     -0.471D-02 0.825D-01-0.321D+00 0.124D+01
 Gap=     0.563 Goal=   None    Shift=    0.000
 RMSDP=4.71D-05 MaxDP=1.55D-04 DE=-1.09D-05 OVMax= 0.00D+00

 Cycle   5  Pass 1  IDiag  1:
 E= -108.549545204976     Delta-E=       -0.000000104000 Rises=F Damp=F
 DIIS: error= 1.02D-05 at cycle   5 NSaved=   5.
 NSaved= 5 IEnMin= 5 EnMin= -108.549545204976     IErMin= 5 ErrMin= 1.02D-05
 ErrMax= 1.02D-05  0.00D+00 EMaxC= 1.00D-01 BMatC= 1.81D-09 BMatP= 3.89D-08
 IDIUse=1 WtCom= 1.00D+00 WtEn= 0.00D+00
 Coeff-Com:  0.894D-03-0.161D-01 0.653D-01-0.422D+00 0.137D+01
 Coeff:      0.894D-03-0.161D-01 0.653D-01-0.422D+00 0.137D+01
 Gap=     0.563 Goal=   None    Shift=    0.000
 RMSDP=1.25D-05 MaxDP=5.28D-05 DE=-1.04D-07 OVMax= 0.00D+00

 Cycle   6  Pass 1  IDiag  1:
 E= -108.549545210055     Delta-E=       -0.000000005079 Rises=F Damp=F
 DIIS: error= 1.32D-06 at cycle   6 NSaved=   6.
 NSaved= 6 IEnMin= 6 EnMin= -108.549545210055     IErMin= 6 ErrMin= 1.32D-06
 ErrMax= 1.32D-06  0.00D+00 EMaxC= 1.00D-01 BMatC= 1.99D-11 BMatP= 1.81D-09
 IDIUse=1 WtCom= 1.00D+00 WtEn= 0.00D+00
 Coeff-Com: -0.265D-03 0.475D-02-0.195D-01 0.139D+00-0.503D+00 0.138D+01
 Coeff:     -0.265D-03 0.475D-02-0.195D-01 0.139D+00-0.503D+00 0.138D+01
 Gap=     0.563 Goal=   None    Shift=    0.000
 RMSDP=9.77D-07 MaxDP=2.70D-06 DE=-5.08D-09 OVMax= 0.00D+00

 Cycle   7  Pass 1  IDiag  1:
 E= -108.549545210117     Delta-E=       -0.000000000062 Rises=F Damp=F
 DIIS: error= 2.82D-07 at cycle   7 NSaved=   7.
 NSaved= 7 IEnMin= 7 EnMin= -108.549545210117     IErMin= 7 ErrMin= 2.82D-07
 ErrMax= 2.82D-07  0.00D+00 EMaxC= 1.00D-01 BMatC= 1.04D-12 BMatP= 1.99D-11
 IDIUse=1 WtCom= 1.00D+00 WtEn= 0.00D+00
 Coeff-Com:  0.845D-05-0.149D-03 0.639D-03-0.629D-02 0.271D-01-0.143D+00
 Coeff-Com:  0.112D+01
 Coeff:      0.845D-05-0.149D-03 0.639D-03-0.629D-02 0.271D-01-0.143D+00
 Coeff:      0.112D+01
 Gap=     0.563 Goal=   None    Shift=    0.000
 RMSDP=1.76D-07 MaxDP=6.50D-07 DE=-6.21D-11 OVMax= 0.00D+00

 Cycle   8  Pass 1  IDiag  1:
 E= -108.549545210120     Delta-E=       -0.000000000003 Rises=F Damp=F
 DIIS: error= 1.16D-07 at cycle   8 NSaved=   8.
 NSaved= 8 IEnMin= 8 EnMin= -108.549545210120     IErMin= 8 ErrMin= 1.16D-07
 ErrMax= 1.16D-07  0.00D+00 EMaxC= 1.00D-01 BMatC= 2.98D-13 BMatP= 1.04D-12
 IDIUse=1 WtCom= 1.00D+00 WtEn= 0.00D+00
 Coeff-Com:  0.732D-04-0.131D-02 0.539D-02-0.391D-01 0.143D+00-0.414D+00
 Coeff-Com:  0.289D+00 0.102D+01
 Coeff:      0.732D-04-0.131D-02 0.539D-02-0.391D-01 0.143D+00-0.414D+00
 Coeff:      0.289D+00 0.102D+01
 Gap=     0.563 Goal=   None    Shift=    0.000
 RMSDP=1.10D-07 MaxDP=3.63D-07 DE=-3.01D-12 OVMax= 0.00D+00

 Cycle   9  Pass 1  IDiag  1:
 E= -108.549545210121     Delta-E=       -0.000000000001 Rises=F Damp=F
 DIIS: error= 1.67D-08 at cycle   9 NSaved=   9.
 NSaved= 9 IEnMin= 9 EnMin= -108.549545210121     IErMin= 9 ErrMin= 1.67D-08
 ErrMax= 1.67D-08  0.00D+00 EMaxC= 1.00D-01 BMatC= 4.83D-15 BMatP= 2.98D-13
 IDIUse=1 WtCom= 1.00D+00 WtEn= 0.00D+00
 Coeff-Com: -0.450D-05 0.799D-04-0.332D-03 0.260D-02-0.983D-02 0.312D-01
 Coeff-Com: -0.912D-01-0.527D-01 0.112D+01
 Coeff:     -0.450D-05 0.799D-04-0.332D-03 0.260D-02-0.983D-02 0.312D-01
 Coeff:     -0.912D-01-0.527D-01 0.112D+01
 Gap=     0.563 Goal=   None    Shift=    0.000
 RMSDP=1.80D-08 MaxDP=6.10D-08 DE=-9.09D-13 OVMax= 0.00D+00

 Cycle  10  Pass 1  IDiag  1:
 E= -108.549545210121     Delta-E=        0.000000000000 Rises=F Damp=F
 DIIS: error= 2.24D-09 at cycle  10 NSaved=  10.
 NSaved=10 IEnMin= 9 EnMin= -108.549545210121     IErMin=10 ErrMin= 2.24D-09
 ErrMax= 2.24D-09  0.00D+00 EMaxC= 1.00D-01 BMatC= 7.14D-17 BMatP= 4.83D-15
 IDIUse=1 WtCom= 1.00D+00 WtEn= 0.00D+00
 Coeff-Com:  0.538D-06-0.929D-05 0.401D-04-0.372D-03 0.150D-02-0.538D-02
 Coeff-Com:  0.293D-01 0.508D-02-0.411D+00 0.138D+01
 Coeff:      0.538D-06-0.929D-05 0.401D-04-0.372D-03 0.150D-02-0.538D-02
 Coeff:      0.293D-01 0.508D-02-0.411D+00 0.138D+01
 Gap=     0.563 Goal=   None    Shift=    0.000
 RMSDP=1.99D-09 MaxDP=4.43D-09 DE= 2.27D-13 OVMax= 0.00D+00

 SCF Done:  E(RHF) =  -108.549545210     A.U. after   10 cycles
            NFock= 10  Conv=0.20D-08     -V/T= 2.0091
 KE= 1.075655008232D+02 PE=-3.181066539465D+02 EE= 7.037340596265D+01
 Leave Link  502 at Wed Jul 29 22:49:08 2026, MaxMem=   536870912 cpu:               1.0 elap:               0.3
 (Enter C:\G16W\l508.exe)
 QCSCF skips out because SCF is already converged.
 Leave Link  508 at Wed Jul 29 22:49:08 2026, MaxMem=   536870912 cpu:               0.0 elap:               0.1
 (Enter C:\G16W\l601.exe)
 Copying SCF densities to generalized density rwf, IOpCl= 0 IROHF=0.

 **********************************************************************

            Population analysis using the SCF Density.

 **********************************************************************

 Alpha  occ. eigenvalues --  -15.40773 -15.40772  -1.28952  -0.87396  -0.58072
 Alpha  occ. eigenvalues --   -0.57174  -0.43970  -0.32607
 Alpha virt. eigenvalues --    0.23735   0.57144   0.64336   0.82589
     Molecular Orbital Coefficients:
                           1         2         3         4         5
                           O         O         O         O         O
     Eigenvalues --   -15.40773 -15.40772  -1.28952  -0.87396  -0.58072
   1 1   H  1S         -0.00454  -0.00481   0.07030  -0.25148  -0.33236
   2 2   N  1S          0.72520   0.67957  -0.16718   0.13973   0.01342
   3        2S          0.02530   0.01486   0.52163  -0.54603  -0.06746
   4        2PX        -0.00009  -0.00012  -0.00019   0.01299  -0.05911
   5        2PY        -0.00714  -0.00044  -0.17552  -0.07889  -0.40556
   6        2PZ        -0.00083  -0.00294  -0.00249   0.21342   0.31802
   7 3   N  1S         -0.67895   0.72577  -0.16718  -0.13973   0.01344
   8        2S         -0.02427   0.01649   0.52163   0.54603  -0.06753
   9        2PX        -0.00071   0.00087   0.01526   0.04621  -0.11920
  10        2PY        -0.00707   0.00088   0.17487  -0.08031   0.41327
  11        2PZ        -0.00054   0.00287   0.00013   0.20821  -0.29001
  12 4   H  1S          0.00422  -0.00510   0.07029   0.25148  -0.33233
                           6         7         8         9        10
                           O         O         O         V         V
     Eigenvalues --    -0.57174  -0.43970  -0.32607   0.23735   0.57144
   1 1   H  1S         -0.17531   0.01292   0.28790   0.09665  -0.86319
   2 2   N  1S         -0.09575   0.01815   0.06587   0.01258  -0.07870
   3        2S          0.43727  -0.09483  -0.36563  -0.07295   0.51869
   4        2PX         0.06356   0.61689  -0.19304   0.78065   0.06982
   5        2PY         0.27600  -0.16522  -0.44886  -0.02902  -0.04142
   6        2PZ         0.41065  -0.07495  -0.37125  -0.02623  -0.56554
   7 3   N  1S          0.09575   0.01815   0.06587  -0.01258   0.07870
   8        2S         -0.43725  -0.09483  -0.36564   0.07295  -0.51872
   9        2PX         0.08814   0.62188  -0.03227  -0.75097  -0.24231
  10        2PY         0.27487   0.11205   0.45854   0.03672  -0.02801
  11        2PZ         0.40686  -0.11907   0.40655   0.21366  -0.51670
  12 4   H  1S          0.17536   0.01292   0.28790  -0.09665   0.86324
                          11        12
                           V         V
     Eigenvalues --     0.64336   0.82589
   1 1   H  1S          0.78796   0.00825
   2 2   N  1S          0.06712   0.11249
   3        2S         -0.45166  -0.78960
   4        2PX         0.03455   0.00041
   5        2PY        -0.00251   0.98139
   6        2PZ         0.71150  -0.29224
   7 3   N  1S          0.06711  -0.11248
   8        2S         -0.45165   0.78958
   9        2PX        -0.18415  -0.00751
  10        2PY         0.00891   0.98173
  11        2PZ        -0.68801  -0.29102
  12 4   H  1S          0.78790  -0.00822
     Density Matrix:
                           1         2         3         4         5
   1 1   H  1S          0.58496
   2 2   N  1S         -0.04387   2.09842
   3        2S          0.02615  -0.40727   1.81909
   4        2PX        -0.08476  -0.01340   0.07333   0.85104
   5        2PY        -0.07484  -0.10319   0.55833   0.05050   1.01304
   6        2PZ        -0.67874  -0.06646   0.36613   0.07102   0.29399
   7 3   N  1S          0.04185   0.00989  -0.00429   0.00393   0.06661
   8        2S         -0.21603  -0.00429  -0.14075  -0.00945  -0.09594
   9        2PX         0.02473   0.00621  -0.03574   0.80621  -0.04383
  10        2PY        -0.03912  -0.06704   0.09788  -0.05485  -0.68077
  11        2PZ         0.17641   0.02479  -0.10695  -0.21245   0.10132
  12 4   H  1S          0.20894   0.04185  -0.21602  -0.02712   0.03923
                           6         7         8         9        10
   6        2PZ         0.91756
   7 3   N  1S         -0.02638   2.09842
   8        2S          0.11404  -0.40727   1.81909
   9        2PX        -0.05304   0.01621  -0.08888   0.82424
  10        2PY         0.09621   0.10307  -0.55766   0.05763   1.01248
  11        2PZ        -0.04546   0.06603  -0.36371  -0.01422   0.29672
  12 4   H  1S         -0.17604  -0.04387   0.02615   0.13301   0.07276
                          11        12
  11        2PZ         0.94493
  12 4   H  1S          0.67118   0.58496
    Full Mulliken population analysis:
                           1         2         3         4         5
   1 1   H  1S          0.58496
   2 2   N  1S         -0.00229   2.09842
   3        2S          0.01219  -0.09572   1.81909
   4        2PX         0.00000   0.00000   0.00000   0.85104
   5        2PY         0.00000   0.00000   0.00000   0.00000   1.01304
   6        2PZ         0.28724   0.00000   0.00000   0.00000   0.00000
   7 3   N  1S          0.00036   0.00000  -0.00014   0.00000  -0.00344
   8        2S         -0.02862  -0.00014  -0.04864   0.00000   0.03458
   9        2PX         0.00000   0.00000   0.00000   0.16002   0.00000
  10        2PY        -0.00393  -0.00346   0.03528   0.00000   0.19683
  11        2PZ        -0.02018  -0.00035   0.01057   0.00000   0.01354
  12 4   H  1S          0.00675   0.00036  -0.02861  -0.00072  -0.00398
                           6         7         8         9        10
   6        2PZ         0.91756
   7 3   N  1S         -0.00037   2.09842
   8        2S          0.01127  -0.09572   1.81909
   9        2PX         0.00000   0.00000   0.00000   0.82424
  10        2PY         0.01286   0.00000   0.00000   0.00000   1.01248
  11        2PZ        -0.00736   0.00000   0.00000   0.00000   0.00000
  12 4   H  1S         -0.01941  -0.00229   0.01219   0.01718  -0.00040
                          11        12
  11        2PZ         0.94493
  12 4   H  1S          0.27047   0.58496
     Gross orbital populations:
                           1
   1 1   H  1S          0.83648
   2 2   N  1S          1.99681
   3        2S          1.70401
   4        2PX         1.01034
   5        2PY         1.25057
   6        2PZ         1.20178
   7 3   N  1S          1.99681
   8        2S          1.70401
   9        2PX         1.00144
  10        2PY         1.24965
  11        2PZ         1.21161
  12 4   H  1S          0.83649
          Condensed to atoms (all electrons):
               1          2          3          4
     1  H    0.584961   0.297138  -0.052364   0.006748
     2  N    0.297138   6.507700   0.411039  -0.052361
     3  N   -0.052364   0.411039   6.507703   0.297137
     4  H    0.006748  -0.052361   0.297137   0.584962
 Mulliken charges:
               1
     1  H    0.163517
     2  N   -0.163517
     3  N   -0.163515
     4  H    0.163515
 Sum of Mulliken charges =   0.00000
 Mulliken charges with hydrogens summed into heavy atoms:
               1
     2  N    0.000001
     3  N   -0.000001
 Electronic spatial extent (au):  <R**2>=             57.9519
 Charge=              0.0000 electrons
 Dipole moment (field-independent basis, Debye):
    X=              0.2552    Y=             -0.0110    Z=             -0.0400  Tot=              0.2586
 Quadrupole moment (field-independent basis, Debye-Ang):
   XX=            -10.6684   YY=            -13.7062   ZZ=             -8.4779
   XY=             -0.3778   XZ=              0.2793   YZ=             -1.5869
 Traceless Quadrupole moment (field-independent basis, Debye-Ang):
   XX=              0.2825   YY=             -2.7553   ZZ=              2.4729
   XY=             -0.3778   XZ=              0.2793   YZ=             -1.5869
 Octapole moment (field-independent basis, Debye-Ang**2):
  XXX=             -0.2786  YYY=             -0.0034  ZZZ=             -0.1886  XYY=              0.0293
  XXY=             -0.0560  XXZ=              0.1528  XZZ=              0.3796  YZZ=              0.0538
  YYZ=              0.0153  XYZ=             -0.2251
 Hexadecapole moment (field-independent basis, Debye-Ang**3):
 XXXX=             -7.2333 YYYY=            -36.7371 ZZZZ=            -15.9417 XXXY=              0.3259
 XXXZ=             -0.7692 YYYX=              0.0994 YYYZ=              5.2363 ZZZX=             -0.2039
 ZZZY=              3.9749 XXYY=             -6.6804 XXZZ=             -4.4726 YYZZ=             -8.1371
 XXYZ=              1.8523 YYXZ=             -0.1702 ZZXY=             -0.1233
 N-N= 3.161820195058D+01 E-N=-3.181066539458D+02  KE= 1.075655008232D+02
 Orbital energies and kinetic energies (alpha):
                                 1                 2
   1         O               -15.407728         21.695147
   2         O               -15.407719         21.733542
   3         O                -1.289525          1.855388
   4         O                -0.873960          1.688629
   5         O                -0.580719          1.449446
   6         O                -0.571741          1.732369
   7         O                -0.439704          1.668026
   8         O                -0.326074          1.960203
   9         V                 0.237347          2.250890
  10         V                 0.571439          2.334190
  11         V                 0.643360          2.550932
  12         V                 0.825894          3.952604
 Total kinetic energy from orbitals= 1.075655008232D+02
 No NMR shielding tensors so no spin-rotation constants.
 Leave Link  601 at Wed Jul 29 22:49:08 2026, MaxMem=   536870912 cpu:               0.0 elap:               0.2
 (Enter C:\G16W\l9999.exe)
 Unable to Open any file for archive entry.
 1|1|UNPC-LAPTOP-34RRSFDS|SP|RHF|STO-3G|H2N2|THINK|29-Jul-2026|0||#p RH
 F/STO-3G SCF=(Tight,XQC,MaxCycle=512) NoSymm Pop=Full||Diazene oop_161
 p551 | out_of_plane 161.551 deg||0,1|H,0,-0.01085,0.61243,-1.22466|N,0
 ,-0.01085,0.61243,-0.16601|N,0,-0.01085,-0.6115,0.16941|H,0,0.31225,-0
 .6254,1.17746||Version=EM64W-G16RevC.01|HF=-108.5495452|RMSD=1.990e-00
 9|Dipole=0.1004142,-0.0043223,-0.0157227|Quadrupole=0.2099999,-2.04853
 23,1.8385324,-0.2808571,0.2076312,-1.1798162|PG=C01 [X(H2N2)]||@
 The archive entry for this job was punched.


 ADVERTISING--  HE WHO HAS SOMETHING TO SELL AND GOES AND WHISPERS
                IN A WELL, IS NOT SO APT TO GET THE DOLLARS AS HE
                WHO CLIMBS A TREE AND HOLLERS.

                   -- FROM THE BACK OF A SUGAR PACKET
 Job cpu time:       0 days  0 hours  0 minutes  2.0 seconds.
 Elapsed time:       0 days  0 hours  0 minutes  2.1 seconds.
 File lengths (MBytes):  RWF=      6 Int=      0 D2E=      0 Chk=      1 Scr=      1
 Normal termination of Gaussian 16 at Wed Jul 29 22:49:08 2026.
