 Entering Link 1 = C:\G16W\l1.exe PID=     72204.
  
 Copyright (c) 1988-2019, Gaussian, Inc.  All Rights Reserved.
  
 This is part of the Gaussian(R) 16 program.  It is based on
 the Gaussian(R) 09 system (copyright 2009, Gaussian, Inc.),
 the Gaussian(R) 03 system (copyright 2003, Gaussian, Inc.),
 the Gaussian(R) 98 system (copyright 1998, Gaussian, Inc.),
 the Gaussian(R) 94 system (copyright 1995, Gaussian, Inc.),
 the Gaussian 92(TM) system (copyright 1992, Gaussian, Inc.),
 the Gaussian 90(TM) system (copyright 1990, Gaussian, Inc.),
 the Gaussian 88(TM) system (copyright 1988, Gaussian, Inc.),
 the Gaussian 86(TM) system (copyright 1986, Carnegie Mellon
 University), and the Gaussian 82(TM) system (copyright 1983,
 Carnegie Mellon University). Gaussian is a federally registered
 trademark of Gaussian, Inc.
  
 This software contains proprietary and confidential information,
 including trade secrets, belonging to Gaussian, Inc.
  
 This software is provided under written license and may be
 used, copied, transmitted, or stored only in accord with that
 written license.
  
 The following legend is applicable only to US Government
 contracts under FAR:
  
                    RESTRICTED RIGHTS LEGEND
  
 Use, reproduction and disclosure by the US Government is
 subject to restrictions as set forth in subparagraphs (a)
 and (c) of the Commercial Computer Software - Restricted
 Rights clause in FAR 52.227-19.
  
 Gaussian, Inc.
 340 Quinnipiac St., Bldg. 40, Wallingford CT 06492
  
  
 ---------------------------------------------------------------
 Warning -- This program may not be used in any manner that
 competes with the business of Gaussian, Inc. or will provide
 assistance to any competitor of Gaussian, Inc.  The licensee
 of this program is prohibited from giving any competitor of
 Gaussian, Inc. access to this program.  By using this program,
 the user acknowledges that Gaussian, Inc. is engaged in the
 business of creating and licensing software in the field of
 computational chemistry and represents and warrants to the
 licensee that it is not a competitor of Gaussian, Inc. and that
 it will not use this program in any manner prohibited above.
 ---------------------------------------------------------------
  

 Cite this work as:
 Gaussian 16, Revision C.01,
 M. J. Frisch, G. W. Trucks, H. B. Schlegel, G. E. Scuseria, 
 M. A. Robb, J. R. Cheeseman, G. Scalmani, V. Barone, 
 G. A. Petersson, H. Nakatsuji, X. Li, M. Caricato, A. V. Marenich, 
 J. Bloino, B. G. Janesko, R. Gomperts, B. Mennucci, H. P. Hratchian, 
 J. V. Ortiz, A. F. Izmaylov, J. L. Sonnenberg, D. Williams-Young, 
 F. Ding, F. Lipparini, F. Egidi, J. Goings, B. Peng, A. Petrone, 
 T. Henderson, D. Ranasinghe, V. G. Zakrzewski, J. Gao, N. Rega, 
 G. Zheng, W. Liang, M. Hada, M. Ehara, K. Toyota, R. Fukuda, 
 J. Hasegawa, M. Ishida, T. Nakajima, Y. Honda, O. Kitao, H. Nakai, 
 T. Vreven, K. Throssell, J. A. Montgomery, Jr., J. E. Peralta, 
 F. Ogliaro, M. J. Bearpark, J. J. Heyd, E. N. Brothers, K. N. Kudin, 
 V. N. Staroverov, T. A. Keith, R. Kobayashi, J. Normand, 
 K. Raghavachari, A. P. Rendell, J. C. Burant, S. S. Iyengar, 
 J. Tomasi, M. Cossi, J. M. Millam, M. Klene, C. Adamo, R. Cammi, 
 J. W. Ochterski, R. L. Martin, K. Morokuma, O. Farkas, 
 J. B. Foresman, and D. J. Fox, Gaussian, Inc., Wallingford CT, 2019.
 
 ******************************************
 Gaussian 16:  EM64W-G16RevC.01 30-May-2019
                29-Jul-2026 
 ******************************************
 %chk=oop_139p581.chk
 %mem=4GB
 %nprocshared=8
 Will use up to    8 processors via shared memory.
 ----------------------------------------------------------
 #p RHF/STO-3G SCF=(Tight,XQC,MaxCycle=512) NoSymm Pop=Full
 ----------------------------------------------------------
 1/38=1,172=1/1;
 2/12=2,15=1,17=6,18=5,40=1/2;
 3/6=3,11=1,25=1,30=1,116=1/1,2,3;
 4//1;
 5/5=2,7=512,8=3,13=1,32=2,38=5/2,8;
 6/7=3,28=1/1;
 99/5=1,9=1/99;
 Leave Link    1 at Wed Jul 29 22:50:15 2026, MaxMem=   536870912 cpu:               0.0 elap:               0.2
 (Enter C:\G16W\l101.exe)
 ----------------------------------------------
 Diazene oop_139p581 | out_of_plane 139.581 deg
 ----------------------------------------------
 Symbolic Z-matrix:
 Charge =  0 Multiplicity = 1
 H                    -0.02217   0.615    -1.22656 
 N                    -0.02217   0.615    -0.16715 
 N                    -0.02217  -0.61052   0.18284 
 H                     0.63829  -0.67733   1.00847 
 
 ITRead=  0  0  0  0
 MicOpt= -1 -1 -1 -1
 NAtoms=      4 NQM=        4 NQMF=       0 NMMI=      0 NMMIF=      0
                NMic=       0 NMicF=      0.
                    Isotopes and Nuclear Properties:
 (Nuclear quadrupole moments (NQMom) in fm**2, nuclear magnetic moments (NMagM)
  in nuclear magnetons)

  Atom         1           2           3           4
 IAtWgt=           1          14          14           1
 AtmWgt=   1.0078250  14.0030740  14.0030740   1.0078250
 NucSpn=           1           2           2           1
 AtZEff=   0.0000000   0.0000000   0.0000000   0.0000000
 NQMom=    0.0000000   2.0440000   2.0440000   0.0000000
 NMagM=    2.7928460   0.4037610   0.4037610   2.7928460
 AtZNuc=   1.0000000   7.0000000   7.0000000   1.0000000
 Leave Link  101 at Wed Jul 29 22:50:15 2026, MaxMem=   536870912 cpu:               0.0 elap:               0.2
 (Enter C:\G16W\l202.exe)
                          Input orientation:                          
 ---------------------------------------------------------------------
 Center     Atomic      Atomic             Coordinates (Angstroms)
 Number     Number       Type             X           Y           Z
 ---------------------------------------------------------------------
      1          1           0       -0.022170    0.615000   -1.226560
      2          7           0       -0.022170    0.615000   -0.167150
      3          7           0       -0.022170   -0.610520    0.182840
      4          1           0        0.638290   -0.677330    1.008470
 ---------------------------------------------------------------------
                    Distance matrix (angstroms):
                    1          2          3          4
     1  H    0.000000
     2  N    1.059410   0.000000
     3  N    1.867701   1.274516   0.000000
     4  H    2.664898   1.867728   1.059404   0.000000
 Symmetry turned off by external request.
 Stoichiometry    H2N2
 Framework group  C1[X(H2N2)]
 Deg. of freedom     6
 Full point group                 C1      NOp   1
 Rotational constants (GHZ):         281.1109834          37.1063028          33.8003887
 Leave Link  202 at Wed Jul 29 22:50:15 2026, MaxMem=   536870912 cpu:               0.0 elap:               0.1
 (Enter C:\G16W\l301.exe)
 Standard basis: STO-3G (5D, 7F)
 Ernie: Thresh=  0.10000D-02 Tol=  0.10000D-05 Strict=F.
    12 basis functions,    36 primitive gaussians,    12 cartesian basis functions
     8 alpha electrons        8 beta electrons
       nuclear repulsion energy        31.5029442043 Hartrees.
 IExCor=    0 DFT=F Ex=HF Corr=None ExCW=0 ScaHFX=  1.000000
 ScaDFX=  1.000000  1.000000  1.000000  1.000000 ScalE2=  1.000000  1.000000
 IRadAn=      5 IRanWt=     -1 IRanGd=            0 ICorTp=0 IEmpDi=  4
 NAtoms=    4 NActive=    4 NUniq=    4 SFac= 1.00D+00 NAtFMM=   60 NAOKFM=F Big=F
 Integral buffers will be    131072 words long.
 Raffenetti 1 integral format.
 Two-electron integral symmetry is turned off.
 Leave Link  301 at Wed Jul 29 22:50:15 2026, MaxMem=   536870912 cpu:               0.0 elap:               0.1
 (Enter C:\G16W\l302.exe)
 NPDir=0 NMtPBC=     1 NCelOv=     1 NCel=       1 NClECP=     1 NCelD=      1
         NCelK=      1 NCelE2=     1 NClLst=     1 CellRange=     0.0.
 One-electron integrals computed using PRISM.
 NBasis=    12 RedAO= T EigKep=  2.53D-01  NBF=    12
 NBsUse=    12 1.00D-06 EigRej= -1.00D+00 NBFU=    12
 Leave Link  302 at Wed Jul 29 22:50:16 2026, MaxMem=   536870912 cpu:               1.0 elap:               0.2
 (Enter C:\G16W\l303.exe)
 DipDrv:  MaxL=1.
 Leave Link  303 at Wed Jul 29 22:50:16 2026, MaxMem=   536870912 cpu:               0.0 elap:               0.2
 (Enter C:\G16W\l401.exe)
 ExpMin= 1.69D-01 ExpMax= 9.91D+01 ExpMxC= 9.91D+01 IAcc=3 IRadAn=         5 AccDes= 0.00D+00
 Harris functional with IExCor=  205 and IRadAn=       5 diagonalized for initial guess.
 HarFok:  IExCor=  205 AccDes= 0.00D+00 IRadAn=         5 IDoV= 1 UseB2=F ITyADJ=14
 ICtDFT=  3500011 ScaDFX=  1.000000  1.000000  1.000000  1.000000
 FoFCou: FMM=F IPFlag=           0 FMFlag=      100000 FMFlg1=           0
         NFxFlg=           0 DoJE=T BraDBF=F KetDBF=T FulRan=T
         wScrn=  0.000000 ICntrl=       500 IOpCl=  0 I1Cent=   200000004 NGrid=           0
         NMat0=    1 NMatS0=      1 NMatT0=    0 NMatD0=    1 NMtDS0=    0 NMtDT0=    0
 Symmetry not used in FoFCou.
 Harris En= -108.568816116735    
 JPrj=0 DoOrth=F DoCkMO=F.
 Leave Link  401 at Wed Jul 29 22:50:16 2026, MaxMem=   536870912 cpu:               0.0 elap:               0.4
 (Enter C:\G16W\l502.exe)
 Keep R1 ints in memory in canonical form, NReq=1608196.
 FoFCou: FMM=F IPFlag=           0 FMFlag=           0 FMFlg1=           0
         NFxFlg=           0 DoJE=F BraDBF=F KetDBF=F FulRan=T
         wScrn=  0.000000 ICntrl=       600 IOpCl=  0 I1Cent=           0 NGrid=           0
         NMat0=    1 NMatS0=     78 NMatT0=    0 NMatD0=    1 NMtDS0=    0 NMtDT0=    0
 Symmetry not used in FoFCou.
 Two-electron integral symmetry not used.
 Closed shell SCF:
 Using DIIS extrapolation, IDIIS=  1040.
 NGot=   536870912 LenX=   536866319 LenY=   536865437
 Requested convergence on RMS density matrix=1.00D-08 within 128 cycles.
 Requested convergence on MAX density matrix=1.00D-06.
 Requested convergence on             energy=1.00D-06.
 No special actions if energy rises.

 Cycle   1  Pass 1  IDiag  1:
 E= -108.512837544345    
 DIIS: error= 2.89D-02 at cycle   1 NSaved=   1.
 NSaved= 1 IEnMin= 1 EnMin= -108.512837544345     IErMin= 1 ErrMin= 2.89D-02
 ErrMax= 2.89D-02  0.00D+00 EMaxC= 1.00D-01 BMatC= 1.28D-02 BMatP= 1.28D-02
 IDIUse=3 WtCom= 7.11D-01 WtEn= 2.89D-01
 Coeff-Com:  0.100D+01
 Coeff-En:   0.100D+01
 Coeff:      0.100D+01
 Gap=     0.530 Goal=   None    Shift=    0.000
 GapD=    0.530 DampG=2.000 DampE=0.500 DampFc=1.0000 IDamp=-1.
 RMSDP=8.71D-03 MaxDP=4.44D-02              OVMax= 0.00D+00

 Cycle   2  Pass 1  IDiag  1:
 E= -108.521942262770     Delta-E=       -0.009104718425 Rises=F Damp=F
 DIIS: error= 3.44D-03 at cycle   2 NSaved=   2.
 NSaved= 2 IEnMin= 2 EnMin= -108.521942262770     IErMin= 2 ErrMin= 3.44D-03
 ErrMax= 3.44D-03  0.00D+00 EMaxC= 1.00D-01 BMatC= 1.45D-04 BMatP= 1.28D-02
 IDIUse=3 WtCom= 9.66D-01 WtEn= 3.44D-02
 Coeff-Com: -0.818D-01 0.108D+01
 Coeff-En:   0.000D+00 0.100D+01
 Coeff:     -0.790D-01 0.108D+01
 Gap=     0.523 Goal=   None    Shift=    0.000
 RMSDP=1.44D-03 MaxDP=5.30D-03 DE=-9.10D-03 OVMax= 0.00D+00

 Cycle   3  Pass 1  IDiag  1:
 E= -108.522173397470     Delta-E=       -0.000231134700 Rises=F Damp=F
 DIIS: error= 6.21D-04 at cycle   3 NSaved=   3.
 NSaved= 3 IEnMin= 3 EnMin= -108.522173397470     IErMin= 3 ErrMin= 6.21D-04
 ErrMax= 6.21D-04  0.00D+00 EMaxC= 1.00D-01 BMatC= 6.23D-06 BMatP= 1.45D-04
 IDIUse=3 WtCom= 9.94D-01 WtEn= 6.21D-03
 Coeff-Com:  0.232D-01-0.402D+00 0.138D+01
 Coeff-En:   0.000D+00 0.000D+00 0.100D+01
 Coeff:      0.230D-01-0.400D+00 0.138D+01
 Gap=     0.523 Goal=   None    Shift=    0.000
 RMSDP=4.51D-04 MaxDP=1.43D-03 DE=-2.31D-04 OVMax= 0.00D+00

 Cycle   4  Pass 1  IDiag  1:
 E= -108.522186842815     Delta-E=       -0.000013445344 Rises=F Damp=F
 DIIS: error= 3.82D-05 at cycle   4 NSaved=   4.
 NSaved= 4 IEnMin= 4 EnMin= -108.522186842815     IErMin= 4 ErrMin= 3.82D-05
 ErrMax= 3.82D-05  0.00D+00 EMaxC= 1.00D-01 BMatC= 3.06D-08 BMatP= 6.23D-06
 IDIUse=1 WtCom= 1.00D+00 WtEn= 0.00D+00
 Coeff-Com: -0.484D-02 0.860D-01-0.316D+00 0.123D+01
 Coeff:     -0.484D-02 0.860D-01-0.316D+00 0.123D+01
 Gap=     0.524 Goal=   None    Shift=    0.000
 RMSDP=3.74D-05 MaxDP=1.02D-04 DE=-1.34D-05 OVMax= 0.00D+00

 Cycle   5  Pass 1  IDiag  1:
 E= -108.522186925803     Delta-E=       -0.000000082988 Rises=F Damp=F
 DIIS: error= 1.01D-05 at cycle   5 NSaved=   5.
 NSaved= 5 IEnMin= 5 EnMin= -108.522186925803     IErMin= 5 ErrMin= 1.01D-05
 ErrMax= 1.01D-05  0.00D+00 EMaxC= 1.00D-01 BMatC= 1.80D-09 BMatP= 3.06D-08
 IDIUse=1 WtCom= 1.00D+00 WtEn= 0.00D+00
 Coeff-Com:  0.971D-03-0.174D-01 0.658D-01-0.427D+00 0.138D+01
 Coeff:      0.971D-03-0.174D-01 0.658D-01-0.427D+00 0.138D+01
 Gap=     0.524 Goal=   None    Shift=    0.000
 RMSDP=1.07D-05 MaxDP=3.39D-05 DE=-8.30D-08 OVMax= 0.00D+00

 Cycle   6  Pass 1  IDiag  1:
 E= -108.522186932227     Delta-E=       -0.000000006424 Rises=F Damp=F
 DIIS: error= 3.28D-06 at cycle   6 NSaved=   6.
 NSaved= 6 IEnMin= 6 EnMin= -108.522186932227     IErMin= 6 ErrMin= 3.28D-06
 ErrMax= 3.28D-06  0.00D+00 EMaxC= 1.00D-01 BMatC= 9.99D-11 BMatP= 1.80D-09
 IDIUse=1 WtCom= 1.00D+00 WtEn= 0.00D+00
 Coeff-Com: -0.292D-03 0.525D-02-0.200D-01 0.158D+00-0.653D+00 0.151D+01
 Coeff:     -0.292D-03 0.525D-02-0.200D-01 0.158D+00-0.653D+00 0.151D+01
 Gap=     0.524 Goal=   None    Shift=    0.000
 RMSDP=2.37D-06 MaxDP=9.20D-06 DE=-6.42D-09 OVMax= 0.00D+00

 Cycle   7  Pass 1  IDiag  1:
 E= -108.522186932649     Delta-E=       -0.000000000422 Rises=F Damp=F
 DIIS: error= 6.29D-07 at cycle   7 NSaved=   7.
 NSaved= 7 IEnMin= 7 EnMin= -108.522186932649     IErMin= 7 ErrMin= 6.29D-07
 ErrMax= 6.29D-07  0.00D+00 EMaxC= 1.00D-01 BMatC= 1.12D-11 BMatP= 9.99D-11
 IDIUse=1 WtCom= 1.00D+00 WtEn= 0.00D+00
 Coeff-Com: -0.140D-03 0.252D-02-0.956D-02 0.679D-01-0.255D+00 0.409D+00
 Coeff-Com:  0.785D+00
 Coeff:     -0.140D-03 0.252D-02-0.956D-02 0.679D-01-0.255D+00 0.409D+00
 Coeff:      0.785D+00
 Gap=     0.524 Goal=   None    Shift=    0.000
 RMSDP=4.65D-07 MaxDP=1.90D-06 DE=-4.22D-10 OVMax= 0.00D+00

 Cycle   8  Pass 1  IDiag  1:
 E= -108.522186932673     Delta-E=       -0.000000000025 Rises=F Damp=F
 DIIS: error= 2.78D-07 at cycle   8 NSaved=   8.
 NSaved= 8 IEnMin= 8 EnMin= -108.522186932673     IErMin= 8 ErrMin= 2.78D-07
 ErrMax= 2.78D-07  0.00D+00 EMaxC= 1.00D-01 BMatC= 1.44D-12 BMatP= 1.12D-11
 IDIUse=1 WtCom= 1.00D+00 WtEn= 0.00D+00
 Coeff-Com:  0.802D-04-0.143D-02 0.548D-02-0.447D-01 0.186D+00-0.416D+00
 Coeff-Com: -0.114D+00 0.138D+01
 Coeff:      0.802D-04-0.143D-02 0.548D-02-0.447D-01 0.186D+00-0.416D+00
 Coeff:     -0.114D+00 0.138D+01
 Gap=     0.524 Goal=   None    Shift=    0.000
 RMSDP=3.55D-07 MaxDP=9.94D-07 DE=-2.45D-11 OVMax= 0.00D+00

 Cycle   9  Pass 1  IDiag  1:
 E= -108.522186932679     Delta-E=       -0.000000000006 Rises=F Damp=F
 DIIS: error= 1.71D-08 at cycle   9 NSaved=   9.
 NSaved= 9 IEnMin= 9 EnMin= -108.522186932679     IErMin= 9 ErrMin= 1.71D-08
 ErrMax= 1.71D-08  0.00D+00 EMaxC= 1.00D-01 BMatC= 4.46D-15 BMatP= 1.44D-12
 IDIUse=1 WtCom= 1.00D+00 WtEn= 0.00D+00
 Coeff-Com: -0.394D-05 0.693D-04-0.268D-03 0.238D-02-0.104D-01 0.250D-01
 Coeff-Com: -0.494D-02-0.108D+00 0.110D+01
 Coeff:     -0.394D-05 0.693D-04-0.268D-03 0.238D-02-0.104D-01 0.250D-01
 Coeff:     -0.494D-02-0.108D+00 0.110D+01
 Gap=     0.524 Goal=   None    Shift=    0.000
 RMSDP=1.94D-08 MaxDP=7.12D-08 DE=-5.85D-12 OVMax= 0.00D+00

 Cycle  10  Pass 1  IDiag  1:
 E= -108.522186932679     Delta-E=        0.000000000000 Rises=F Damp=F
 DIIS: error= 3.68D-09 at cycle  10 NSaved=  10.
 NSaved=10 IEnMin= 9 EnMin= -108.522186932679     IErMin=10 ErrMin= 3.68D-09
 ErrMax= 3.68D-09  0.00D+00 EMaxC= 1.00D-01 BMatC= 1.95D-16 BMatP= 4.46D-15
 IDIUse=1 WtCom= 1.00D+00 WtEn= 0.00D+00
 Coeff-Com:  0.269D-06-0.423D-05 0.176D-04-0.247D-03 0.127D-02-0.363D-02
 Coeff-Com:  0.434D-02 0.227D-01-0.471D+00 0.145D+01
 Coeff:      0.269D-06-0.423D-05 0.176D-04-0.247D-03 0.127D-02-0.363D-02
 Coeff:      0.434D-02 0.227D-01-0.471D+00 0.145D+01
 Gap=     0.524 Goal=   None    Shift=    0.000
 RMSDP=3.81D-09 MaxDP=9.61D-09 DE= 1.71D-13 OVMax= 0.00D+00

 SCF Done:  E(RHF) =  -108.522186933     A.U. after   10 cycles
            NFock= 10  Conv=0.38D-08     -V/T= 2.0086
 KE= 1.075961110748D+02 PE=-3.179692847437D+02 EE= 7.034804253189D+01
 Leave Link  502 at Wed Jul 29 22:50:17 2026, MaxMem=   536870912 cpu:               1.0 elap:               0.4
 (Enter C:\G16W\l508.exe)
 QCSCF skips out because SCF is already converged.
 Leave Link  508 at Wed Jul 29 22:50:17 2026, MaxMem=   536870912 cpu:               0.0 elap:               0.1
 (Enter C:\G16W\l601.exe)
 Copying SCF densities to generalized density rwf, IOpCl= 0 IROHF=0.

 **********************************************************************

            Population analysis using the SCF Density.

 **********************************************************************

 Alpha  occ. eigenvalues --  -15.39921 -15.39916  -1.28037  -0.87008  -0.58663
 Alpha  occ. eigenvalues --   -0.56188  -0.43531  -0.30590
 Alpha virt. eigenvalues --    0.21764   0.58063   0.64208   0.82257
     Molecular Orbital Coefficients:
                           1         2         3         4         5
                           O         O         O         O         O
     Eigenvalues --   -15.39921 -15.39916  -1.28037  -0.87008  -0.58663
   1 1   H  1S         -0.00447  -0.00488   0.07228  -0.25172  -0.33323
   2 2   N  1S          0.71442   0.69089  -0.16703   0.14092   0.00867
   3        2S          0.02498   0.01528   0.52268  -0.54990  -0.04402
   4        2PX        -0.00019  -0.00027  -0.00051   0.02634  -0.10585
   5        2PY        -0.00703  -0.00052  -0.17346  -0.08048  -0.36721
   6        2PZ        -0.00072  -0.00294  -0.00232   0.20729   0.33994
   7 3   N  1S         -0.69027   0.71501  -0.16703  -0.14093   0.00867
   8        2S         -0.02444   0.01613   0.52268   0.54990  -0.04401
   9        2PX        -0.00149   0.00177   0.03194   0.09485  -0.22713
  10        2PY        -0.00688   0.00061   0.17028  -0.08742   0.40089
  11        2PZ        -0.00015   0.00243  -0.00880   0.18305  -0.22205
  12 4   H  1S          0.00430  -0.00503   0.07228   0.25173  -0.33322
                           6         7         8         9        10
                           O         O         O         V         V
     Eigenvalues --    -0.56188  -0.43531  -0.30590   0.21764   0.58063
   1 1   H  1S         -0.17814   0.02303   0.27743   0.19618   0.84313
   2 2   N  1S         -0.09310   0.03496   0.05889   0.02666   0.07870
   3        2S          0.42646  -0.18211  -0.32909  -0.15305  -0.51974
   4        2PX         0.13996   0.52951  -0.38142   0.74772  -0.13546
   5        2PY         0.27442  -0.32208  -0.39346  -0.06219   0.07339
   6        2PZ         0.40113  -0.14170  -0.32346  -0.06140   0.57802
   7 3   N  1S          0.09309   0.03496   0.05890  -0.02666  -0.07869
   8        2S         -0.42645  -0.18211  -0.32910   0.15305   0.51970
   9        2PX         0.19239   0.54883  -0.01868  -0.61862   0.47650
  10        2PY         0.26909   0.21308   0.43390   0.07591   0.01151
  11        2PZ         0.38259  -0.23996   0.46508   0.42222   0.36134
  12 4   H  1S          0.17815   0.02302   0.27742  -0.19618  -0.84305
                          11        12
                           V         V
     Eigenvalues --     0.64208   0.82257
   1 1   H  1S          0.79209  -0.00996
   2 2   N  1S          0.06772   0.11050
   3        2S         -0.45517  -0.77002
   4        2PX         0.07261   0.00206
   5        2PY        -0.00432   0.97256
   6        2PZ         0.70100  -0.31320
   7 3   N  1S          0.06773  -0.11049
   8        2S         -0.45529   0.76999
   9        2PX        -0.38103  -0.02369
  10        2PY         0.03544   0.97517
  11        2PZ        -0.59187  -0.30413
  12 4   H  1S          0.79219   0.01001
     Density Matrix:
                           1         2         3         4         5
   1 1   H  1S          0.57781
   2 2   N  1S         -0.04653   2.09782
   3        2S          0.03844  -0.40446   1.80344
   4        2PX        -0.17989  -0.02884   0.15735   0.91469
   5        2PY        -0.07067  -0.10184   0.54949   0.10955   1.01062
   6        2PZ        -0.66013  -0.06268   0.34618   0.14792   0.28376
   7 3   N  1S          0.04134   0.00998  -0.00511   0.00895   0.06545
   8        2S         -0.21094  -0.00511  -0.13604  -0.02343  -0.09496
   9        2PX         0.05460   0.01279  -0.07446   0.70237  -0.09276
  10        2PY        -0.04380  -0.06765   0.10485  -0.11966  -0.67034
  11        2PZ         0.16524   0.02059  -0.08328  -0.44515   0.13524
  12 4   H  1S          0.19733   0.04134  -0.21093  -0.05365   0.04370
                           6         7         8         9        10
   6        2PZ         0.88831
   7 3   N  1S         -0.02829   2.09782
   8        2S          0.11795  -0.40446   1.80343
   9        2PX        -0.10437   0.03525  -0.19386   0.80036
  10        2PY         0.11033   0.10118  -0.54579   0.13343   1.00697
  11        2PZ        -0.00097   0.06042  -0.33328   0.00148   0.29422
  12 4   H  1S         -0.16558  -0.04654   0.03845   0.28716   0.05982
                          11        12
  11        2PZ         1.00631
  12 4   H  1S          0.62216   0.57780
    Full Mulliken population analysis:
                           1         2         3         4         5
   1 1   H  1S          0.57781
   2 2   N  1S         -0.00243   2.09782
   3        2S          0.01791  -0.09506   1.80344
   4        2PX         0.00000   0.00000   0.00000   0.91469
   5        2PY         0.00000   0.00000   0.00000   0.00000   1.01062
   6        2PZ         0.27919   0.00000   0.00000   0.00000   0.00000
   7 3   N  1S          0.00035   0.00000  -0.00016   0.00000  -0.00332
   8        2S         -0.02731  -0.00016  -0.04660   0.00000   0.03392
   9        2PX         0.00000   0.00000   0.00000   0.13783   0.00000
  10        2PY        -0.00429  -0.00343   0.03745   0.00000   0.19168
  11        2PZ        -0.01861  -0.00030   0.00850   0.00000   0.01862
  12 4   H  1S          0.00712   0.00035  -0.02730  -0.00283  -0.00451
                           6         7         8         9        10
   6        2PZ         0.88831
   7 3   N  1S         -0.00041   2.09782
   8        2S          0.01203  -0.09506   1.80343
   9        2PX         0.00000   0.00000   0.00000   0.80036
  10        2PY         0.01519   0.00000   0.00000   0.00000   1.00697
  11        2PZ        -0.00015   0.00000   0.00000   0.00000   0.00000
  12 4   H  1S         -0.01555  -0.00243   0.01791   0.07571  -0.00160
                          11        12
  11        2PZ         1.00631
  12 4   H  1S          0.20506   0.57780
     Gross orbital populations:
                           1
   1 1   H  1S          0.82974
   2 2   N  1S          1.99678
   3        2S          1.69817
   4        2PX         1.04969
   5        2PY         1.24702
   6        2PZ         1.17860
   7 3   N  1S          1.99678
   8        2S          1.69816
   9        2PX         1.01391
  10        2PY         1.24198
  11        2PZ         1.21944
  12 4   H  1S          0.82974
          Condensed to atoms (all electrons):
               1          2          3          4
     1  H    0.577806   0.294661  -0.049854   0.007125
     2  N    0.294661   6.524760   0.400689  -0.049851
     3  N   -0.049854   0.400689   6.524767   0.294662
     4  H    0.007125  -0.049851   0.294662   0.577801
 Mulliken charges:
               1
     1  H    0.170261
     2  N   -0.170260
     3  N   -0.170264
     4  H    0.170262
 Sum of Mulliken charges =   0.00000
 Mulliken charges with hydrogens summed into heavy atoms:
               1
     2  N    0.000002
     3  N   -0.000002
 Electronic spatial extent (au):  <R**2>=             58.0906
 Charge=              0.0000 electrons
 Dipole moment (field-independent basis, Debye):
    X=              0.5460    Y=             -0.0552    Z=             -0.1932  Tot=              0.5818
 Quadrupole moment (field-independent basis, Debye-Ang):
   XX=            -10.3730   YY=            -13.6086   ZZ=             -8.7160
   XY=             -0.8661   XZ=              0.4566   YZ=             -1.5439
 Traceless Quadrupole moment (field-independent basis, Debye-Ang):
   XX=              0.5262   YY=             -2.7094   ZZ=              2.1832
   XY=             -0.8661   XZ=              0.4566   YZ=             -1.5439
 Octapole moment (field-independent basis, Debye-Ang**2):
  XXX=             -0.3070  YYY=             -0.0292  ZZZ=             -0.7390  XYY=              0.1240
  XXY=             -0.2618  XXZ=              0.5640  XZZ=              0.5092  YZZ=              0.2581
  YYZ=              0.0598  XYZ=             -0.4425
 Hexadecapole moment (field-independent basis, Debye-Ang**3):
 XXXX=             -8.2717 YYYY=            -36.9284 ZZZZ=            -15.4595 XXXY=              0.5332
 XXXZ=             -1.0860 YYYX=              0.1619 YYYZ=              5.2607 ZZZX=             -0.7148
 ZZZY=              4.2257 XXYY=             -6.8172 XXZZ=             -4.0794 YYZZ=             -7.9564
 XXYZ=              1.6278 YYXZ=             -0.2606 ZZXY=             -0.1177
 N-N= 3.150294420431D+01 E-N=-3.179692847325D+02  KE= 1.075961110748D+02
 Orbital energies and kinetic energies (alpha):
                                 1                 2
   1         O               -15.399211         21.694822
   2         O               -15.399157         21.733783
   3         O                -1.280370          1.849260
   4         O                -0.870083          1.700896
   5         O                -0.586632          1.411324
   6         O                -0.561878          1.725116
   7         O                -0.435312          1.710094
   8         O                -0.305902          1.972761
   9         V                 0.217638          2.191634
  10         V                 0.580634          2.387168
  11         V                 0.642075          2.540728
  12         V                 0.822570          3.920345
 Total kinetic energy from orbitals= 1.075961110748D+02
 No NMR shielding tensors so no spin-rotation constants.
 Leave Link  601 at Wed Jul 29 22:50:17 2026, MaxMem=   536870912 cpu:               0.0 elap:               0.2
 (Enter C:\G16W\l9999.exe)
 Unable to Open any file for archive entry.
 1|1|UNPC-LAPTOP-34RRSFDS|SP|RHF|STO-3G|H2N2|THINK|29-Jul-2026|0||#p RH
 F/STO-3G SCF=(Tight,XQC,MaxCycle=512) NoSymm Pop=Full||Diazene oop_139
 p581 | out_of_plane 139.581 deg||0,1|H,0,-0.02217,0.615,-1.22656|N,0,-
 0.02217,0.615,-0.16715|N,0,-0.02217,-0.61052,0.18284|H,0,0.63829,-0.67
 733,1.00847||Version=EM64W-G16RevC.01|HF=-108.5221869|RMSD=3.807e-009|
 Dipole=0.2147974,-0.0217314,-0.0760173|Quadrupole=0.391233,-2.0143983,
 1.6231653,-0.6439143,0.3395008,-1.1478883|PG=C01 [X(H2N2)]||@
 The archive entry for this job was punched.


 THERE IS NOTHING NOBLE IN BEING SUPERIOR TO SOME OTHER MAN.
 TRUE NOBILITY IS BEING SUPERIOR TO YOUR FORMER SELF.

                                                   -- HINDU PROVERB
 Job cpu time:       0 days  0 hours  0 minutes  2.0 seconds.
 Elapsed time:       0 days  0 hours  0 minutes  2.2 seconds.
 File lengths (MBytes):  RWF=      6 Int=      0 D2E=      0 Chk=      1 Scr=      1
 Normal termination of Gaussian 16 at Wed Jul 29 22:50:17 2026.
