 Entering Link 1 = C:\G16W\l1.exe PID=     72572.
  
 Copyright (c) 1988-2019, Gaussian, Inc.  All Rights Reserved.
  
 This is part of the Gaussian(R) 16 program.  It is based on
 the Gaussian(R) 09 system (copyright 2009, Gaussian, Inc.),
 the Gaussian(R) 03 system (copyright 2003, Gaussian, Inc.),
 the Gaussian(R) 98 system (copyright 1998, Gaussian, Inc.),
 the Gaussian(R) 94 system (copyright 1995, Gaussian, Inc.),
 the Gaussian 92(TM) system (copyright 1992, Gaussian, Inc.),
 the Gaussian 90(TM) system (copyright 1990, Gaussian, Inc.),
 the Gaussian 88(TM) system (copyright 1988, Gaussian, Inc.),
 the Gaussian 86(TM) system (copyright 1986, Carnegie Mellon
 University), and the Gaussian 82(TM) system (copyright 1983,
 Carnegie Mellon University). Gaussian is a federally registered
 trademark of Gaussian, Inc.
  
 This software contains proprietary and confidential information,
 including trade secrets, belonging to Gaussian, Inc.
  
 This software is provided under written license and may be
 used, copied, transmitted, or stored only in accord with that
 written license.
  
 The following legend is applicable only to US Government
 contracts under FAR:
  
                    RESTRICTED RIGHTS LEGEND
  
 Use, reproduction and disclosure by the US Government is
 subject to restrictions as set forth in subparagraphs (a)
 and (c) of the Commercial Computer Software - Restricted
 Rights clause in FAR 52.227-19.
  
 Gaussian, Inc.
 340 Quinnipiac St., Bldg. 40, Wallingford CT 06492
  
  
 ---------------------------------------------------------------
 Warning -- This program may not be used in any manner that
 competes with the business of Gaussian, Inc. or will provide
 assistance to any competitor of Gaussian, Inc.  The licensee
 of this program is prohibited from giving any competitor of
 Gaussian, Inc. access to this program.  By using this program,
 the user acknowledges that Gaussian, Inc. is engaged in the
 business of creating and licensing software in the field of
 computational chemistry and represents and warrants to the
 licensee that it is not a competitor of Gaussian, Inc. and that
 it will not use this program in any manner prohibited above.
 ---------------------------------------------------------------
  

 Cite this work as:
 Gaussian 16, Revision C.01,
 M. J. Frisch, G. W. Trucks, H. B. Schlegel, G. E. Scuseria, 
 M. A. Robb, J. R. Cheeseman, G. Scalmani, V. Barone, 
 G. A. Petersson, H. Nakatsuji, X. Li, M. Caricato, A. V. Marenich, 
 J. Bloino, B. G. Janesko, R. Gomperts, B. Mennucci, H. P. Hratchian, 
 J. V. Ortiz, A. F. Izmaylov, J. L. Sonnenberg, D. Williams-Young, 
 F. Ding, F. Lipparini, F. Egidi, J. Goings, B. Peng, A. Petrone, 
 T. Henderson, D. Ranasinghe, V. G. Zakrzewski, J. Gao, N. Rega, 
 G. Zheng, W. Liang, M. Hada, M. Ehara, K. Toyota, R. Fukuda, 
 J. Hasegawa, M. Ishida, T. Nakajima, Y. Honda, O. Kitao, H. Nakai, 
 T. Vreven, K. Throssell, J. A. Montgomery, Jr., J. E. Peralta, 
 F. Ogliaro, M. J. Bearpark, J. J. Heyd, E. N. Brothers, K. N. Kudin, 
 V. N. Staroverov, T. A. Keith, R. Kobayashi, J. Normand, 
 K. Raghavachari, A. P. Rendell, J. C. Burant, S. S. Iyengar, 
 J. Tomasi, M. Cossi, J. M. Millam, M. Klene, C. Adamo, R. Cammi, 
 J. W. Ochterski, R. L. Martin, K. Morokuma, O. Farkas, 
 J. B. Foresman, and D. J. Fox, Gaussian, Inc., Wallingford CT, 2019.
 
 ******************************************
 Gaussian 16:  EM64W-G16RevC.01 30-May-2019
                29-Jul-2026 
 ******************************************
 %chk=h2_R0p7414_RHF_STO3G.chk
 %mem=2GB
 %nprocshared=4
 Will use up to    4 processors via shared memory.
 ------------------------------------------------------
 #p RHF/STO-3G SP SCF=(Tight,Conver=10) Pop=Full NoSymm
 ------------------------------------------------------
 1/38=1,172=1/1;
 2/12=2,15=1,17=6,18=5,40=1/2;
 3/6=3,11=1,25=1,30=1,116=1/1,2,3;
 4//1;
 5/5=2,6=10,32=2,38=5/2;
 6/7=3,28=1/1;
 99/5=1,9=1/99;
 Leave Link    1 at Wed Jul 29 22:53:41 2026, MaxMem=   268435456 cpu:               0.0 elap:               0.1
 (Enter C:\G16W\l101.exe)
 -------------------------------
 H2 RHF/STO-3G R=0.7414 Angstrom
 -------------------------------
 Symbolic Z-matrix:
 Charge =  0 Multiplicity = 1
 H                     0.        0.       -0.3707 
 H                     0.        0.        0.3707 
 
 ITRead=  0  0
 MicOpt= -1 -1
 NAtoms=      2 NQM=        2 NQMF=       0 NMMI=      0 NMMIF=      0
                NMic=       0 NMicF=      0.
                    Isotopes and Nuclear Properties:
 (Nuclear quadrupole moments (NQMom) in fm**2, nuclear magnetic moments (NMagM)
  in nuclear magnetons)

  Atom         1           2
 IAtWgt=           1           1
 AtmWgt=   1.0078250   1.0078250
 NucSpn=           1           1
 AtZEff=   0.0000000   0.0000000
 NQMom=    0.0000000   0.0000000
 NMagM=    2.7928460   2.7928460
 AtZNuc=   1.0000000   1.0000000
 Leave Link  101 at Wed Jul 29 22:53:41 2026, MaxMem=   268435456 cpu:               0.0 elap:               0.1
 (Enter C:\G16W\l202.exe)
                          Input orientation:                          
 ---------------------------------------------------------------------
 Center     Atomic      Atomic             Coordinates (Angstroms)
 Number     Number       Type             X           Y           Z
 ---------------------------------------------------------------------
      1          1           0        0.000000    0.000000   -0.370700
      2          1           0        0.000000    0.000000    0.370700
 ---------------------------------------------------------------------
 Symmetry turned off by external request.
 Stoichiometry    H2
 Framework group  D*H[C*(H.H)]
 Deg. of freedom     1
 Full point group                 D*H     NOp   8
 Rotational constants (GHZ):           0.0000000        1824.5547032        1824.5547032
 Leave Link  202 at Wed Jul 29 22:53:41 2026, MaxMem=   268435456 cpu:               0.0 elap:               0.0
 (Enter C:\G16W\l301.exe)
 Standard basis: STO-3G (5D, 7F)
 Ernie: Thresh=  0.10000D-02 Tol=  0.10000D-05 Strict=F.
     2 basis functions,     6 primitive gaussians,     2 cartesian basis functions
     1 alpha electrons        1 beta electrons
       nuclear repulsion energy         0.7137539937 Hartrees.
 IExCor=    0 DFT=F Ex=HF Corr=None ExCW=0 ScaHFX=  1.000000
 ScaDFX=  1.000000  1.000000  1.000000  1.000000 ScalE2=  1.000000  1.000000
 IRadAn=      5 IRanWt=     -1 IRanGd=            0 ICorTp=0 IEmpDi=  4
 NAtoms=    2 NActive=    2 NUniq=    2 SFac= 1.00D+00 NAtFMM=   60 NAOKFM=F Big=F
 Integral buffers will be    131072 words long.
 Raffenetti 1 integral format.
 Two-electron integral symmetry is turned off.
 Leave Link  301 at Wed Jul 29 22:53:41 2026, MaxMem=   268435456 cpu:               0.0 elap:               0.1
 (Enter C:\G16W\l302.exe)
 NPDir=0 NMtPBC=     1 NCelOv=     1 NCel=       1 NClECP=     1 NCelD=      1
         NCelK=      1 NCelE2=     1 NClLst=     1 CellRange=     0.0.
 One-electron integrals computed using PRISM.
 NBasis=     2 RedAO= T EigKep=  3.41D-01  NBF=     2
 NBsUse=     2 1.00D-06 EigRej= -1.00D+00 NBFU=     2
 Leave Link  302 at Wed Jul 29 22:53:41 2026, MaxMem=   268435456 cpu:               0.0 elap:               0.1
 (Enter C:\G16W\l303.exe)
 DipDrv:  MaxL=1.
 Leave Link  303 at Wed Jul 29 22:53:42 2026, MaxMem=   268435456 cpu:               1.0 elap:               0.1
 (Enter C:\G16W\l401.exe)
 ExpMin= 1.69D-01 ExpMax= 3.43D+00 ExpMxC= 3.43D+00 IAcc=3 IRadAn=         5 AccDes= 0.00D+00
 Harris functional with IExCor=  205 and IRadAn=       5 diagonalized for initial guess.
 HarFok:  IExCor=  205 AccDes= 0.00D+00 IRadAn=         5 IDoV= 1 UseB2=F ITyADJ=14
 ICtDFT=  3500011 ScaDFX=  1.000000  1.000000  1.000000  1.000000
 FoFCou: FMM=F IPFlag=           0 FMFlag=      100000 FMFlg1=           0
         NFxFlg=           0 DoJE=T BraDBF=F KetDBF=T FulRan=T
         wScrn=  0.000000 ICntrl=       500 IOpCl=  0 I1Cent=   200000004 NGrid=           0
         NMat0=    1 NMatS0=      1 NMatT0=    0 NMatD0=    1 NMtDS0=    0 NMtDT0=    0
 Symmetry not used in FoFCou.
 Harris En= -1.17235440205810    
 JPrj=0 DoOrth=F DoCkMO=F.
 Leave Link  401 at Wed Jul 29 22:53:42 2026, MaxMem=   268435456 cpu:               0.0 elap:               0.1
 (Enter C:\G16W\l502.exe)
 Keep R1 ints in memory in canonical form, NReq=801057.
 FoFCou: FMM=F IPFlag=           0 FMFlag=           0 FMFlg1=           0
         NFxFlg=           0 DoJE=F BraDBF=F KetDBF=F FulRan=T
         wScrn=  0.000000 ICntrl=       600 IOpCl=  0 I1Cent=           0 NGrid=           0
         NMat0=    1 NMatS0=      3 NMatT0=    0 NMatD0=    1 NMtDS0=    0 NMtDT0=    0
 Symmetry not used in FoFCou.
 Two-electron integral symmetry not used.
 Closed shell SCF:
 Using DIIS extrapolation, IDIIS=  1040.
 NGot=   268435456 LenX=   268434094 LenY=   268433212
 Requested convergence on RMS density matrix=1.00D-10 within 128 cycles.
 Requested convergence on MAX density matrix=1.00D-08.
 Requested convergence on             energy=1.00D-08.
 No special actions if energy rises.

 Cycle   1  Pass 1  IDiag  1:
 E= -1.11668438720257    
 DIIS: error= 0.00D+00 at cycle   1 NSaved=   1.
 NSaved= 1 IEnMin= 1 EnMin= -1.11668438720257     IErMin= 1 ErrMin= 0.00D+00
 ErrMax= 0.00D+00  0.00D+00 EMaxC= 1.00D-01 BMatC= 0.00D+00 BMatP= 0.00D+00
 IDIUse=1 WtCom= 1.00D+00 WtEn= 0.00D+00
 Coeff-Com:  0.100D+01
 Coeff:      0.100D+01
 Gap=     1.248 Goal=   None    Shift=    0.000
 Skip diagonalization as Alpha Fock matrix is already diagonal.
 RMSDP=0.00D+00 MaxDP=0.00D+00              OVMax= 0.00D+00

 SCF Done:  E(RHF) =  -1.11668438720     A.U. after    1 cycles
            NFock=  1  Conv=0.00D+00     -V/T= 1.9298
 KE= 1.200944661839D+00 PE=-3.705871810505D+00 EE= 6.744887677759D-01
 Leave Link  502 at Wed Jul 29 22:53:42 2026, MaxMem=   268435456 cpu:               0.0 elap:               0.1
 (Enter C:\G16W\l601.exe)
 Copying SCF densities to generalized density rwf, IOpCl= 0 IROHF=0.

 **********************************************************************

            Population analysis using the SCF Density.

 **********************************************************************

 Alpha  occ. eigenvalues --   -0.57797
 Alpha virt. eigenvalues --    0.66970
     Molecular Orbital Coefficients:
                           1         2
                           O         V
     Eigenvalues --    -0.57797   0.66970
   1 1   H  1S          0.54899   1.21082
   2 2   H  1S          0.54899  -1.21082
     Density Matrix:
                           1         2
   1 1   H  1S          0.60279
   2 2   H  1S          0.60279   0.60279
    Full Mulliken population analysis:
                           1         2
   1 1   H  1S          0.60279
   2 2   H  1S          0.39721   0.60279
     Gross orbital populations:
                           1
   1 1   H  1S          1.00000
   2 2   H  1S          1.00000
          Condensed to atoms (all electrons):
               1          2
     1  H    0.602788   0.397212
     2  H    0.397212   0.602788
 Mulliken charges:
               1
     1  H    0.000000
     2  H    0.000000
 Sum of Mulliken charges =   0.00000
 Mulliken charges with hydrogens summed into heavy atoms:
               1
 Electronic spatial extent (au):  <R**2>=              4.7894
 Charge=              0.0000 electrons
 Dipole moment (field-independent basis, Debye):
    X=              0.0000    Y=              0.0000    Z=              0.0000  Tot=              0.0000
 Quadrupole moment (field-independent basis, Debye-Ang):
   XX=             -1.8478   YY=             -1.8478   ZZ=             -1.4263
   XY=              0.0000   XZ=              0.0000   YZ=              0.0000
 Traceless Quadrupole moment (field-independent basis, Debye-Ang):
   XX=             -0.1405   YY=             -0.1405   ZZ=              0.2809
   XY=              0.0000   XZ=              0.0000   YZ=              0.0000
 Octapole moment (field-independent basis, Debye-Ang**2):
  XXX=              0.0000  YYY=              0.0000  ZZZ=              0.0000  XYY=              0.0000
  XXY=              0.0000  XXZ=              0.0000  XZZ=              0.0000  YZZ=              0.0000
  YYZ=              0.0000  XYZ=              0.0000
 Hexadecapole moment (field-independent basis, Debye-Ang**3):
 XXXX=             -1.5303 YYYY=             -1.5303 ZZZZ=             -2.4154 XXXY=              0.0000
 XXXZ=              0.0000 YYYX=              0.0000 YYYZ=              0.0000 ZZZX=              0.0000
 ZZZY=              0.0000 XXYY=             -0.5101 XXZZ=             -0.6686 YYZZ=             -0.6686
 XXYZ=              0.0000 YYXZ=              0.0000 ZZXY=              0.0000
 N-N= 7.137539936876D-01 E-N=-3.705871810505D+00  KE= 1.200944661839D+00
 Orbital energies and kinetic energies (alpha):
                                 1                 2
   1         O                -0.577975          0.600472
   2         V                 0.669699          1.536188
 Total kinetic energy from orbitals= 1.200944661839D+00
 No NMR shielding tensors so no spin-rotation constants.
 Leave Link  601 at Wed Jul 29 22:53:42 2026, MaxMem=   268435456 cpu:               0.0 elap:               0.1
 (Enter C:\G16W\l9999.exe)
 Unable to Open any file for archive entry.
 1|1|UNPC-LAPTOP-34RRSFDS|SP|RHF|STO-3G|H2|THINK|29-Jul-2026|0||#p RHF/
 STO-3G SP SCF=(Tight,Conver=10) Pop=Full NoSymm||H2 RHF/STO-3G R=0.741
 4 Angstrom||0,1|H,0,0.,0.,-0.3707|H,0,0.,0.,0.3707||Version=EM64W-G16R
 evC.01|HF=-1.1166844|RMSD=0.000e+000|Dipole=0.,0.,0.|Quadrupole=-0.104
 4361,-0.1044361,0.2088721,0.,0.,0.|PG=D*H [C*(H1.H1)]||@
 The archive entry for this job was punched.


 AS FAR AS THE LAWS OF MATHEMATICS REFER TO REALITY,
 THEY ARE NOT CERTAIN; AND AS FAR AS THEY ARE CERTAIN,
 THEY DO NOT REFER TO REALITY.

                                         -- ALBERT EINSTEIN
 Job cpu time:       0 days  0 hours  0 minutes  1.0 seconds.
 Elapsed time:       0 days  0 hours  0 minutes  1.0 seconds.
 File lengths (MBytes):  RWF=      6 Int=      0 D2E=      0 Chk=      1 Scr=      1
 Normal termination of Gaussian 16 at Wed Jul 29 22:53:42 2026.
